step	total_cells	tumor_cells	necrotic_cells	immune_cells	mean_O2_mmHg	min_O2_mmHg	mean_glucose_mM	max_VEGF_nM	mean_lactate_mM
0	63476	3	0	0	19.6964	18.8395	2.1146	0.0000	1.2296
1	63471	3	0	0	19.7236	12.2197	4.0378	0.0827	1.2300
2	63464	3	0	0	19.7256	12.2266	3.3879	0.1286	1.2303
3	63460	4	0	0	19.7219	12.2200	3.6463	0.1263	1.2306
4	63454	4	0	0	19.7185	12.2065	3.5278	0.1314	1.2309
5	63449	4	0	0	19.7170	12.2040	3.5686	0.1404	1.2312
6	63441	4	0	0	19.7159	12.2018	3.5450	0.1311	1.2314
7	63433	4	0	0	19.7151	12.2000	3.5493	0.1303	1.2315
8	63427	4	0	0	19.7146	12.1990	3.5432	0.1293	1.2316
9	63424	5	0	0	19.7140	12.1976	3.5419	0.1308	1.2316
10	63417	5	0	0	19.7123	12.1819	3.5387	0.1334	1.2317
11	63412	5	0	0	19.7119	12.1810	3.5373	0.1446	1.2319
12	63407	5	0	0	19.7117	12.1804	3.5356	0.1485	1.2319
13	63399	6	0	0	19.7114	12.1796	3.5340	0.1518	1.2320
14	63397	6	0	0	19.7099	12.1704	3.5322	0.1469	1.2322
15	63387	6	0	0	19.7095	12.1694	3.5310	0.1488	1.2323
16	63380	6	0	0	19.7095	12.1691	3.5300	0.1487	1.2324
17	63378	6	0	0	19.7094	12.1686	3.5290	0.1506	1.2324
18	63373	7	0	0	19.7093	12.1680	3.5282	0.1532	1.2325
19	63365	7	0	0	19.7079	12.1539	3.5269	0.1521	1.2326
20	63357	8	0	0	19.7078	12.1535	3.5263	0.1618	1.2327
21	63349	8	0	0	19.7065	12.1455	3.5251	0.1478	1.2330
22	63345	8	0	0	19.7065	12.1460	3.5248	0.1465	1.2331
23	63338	9	0	0	19.7065	12.1465	3.5240	0.1442	1.2333
24	63331	9	0	0	19.7052	12.1406	3.5232	0.1376	1.2335
25	63328	9	0	0	19.7052	12.1401	3.5230	0.1455	1.2336
26	63322	9	0	0	19.7052	12.1407	3.5225	0.1493	1.2338
27	63312	9	0	0	19.7054	12.1408	3.5225	0.1460	1.2338
28	63307	9	0	0	19.7056	12.1413	3.5220	0.1468	1.2339
29	63298	9	0	0	19.7057	12.1417	3.5219	0.1470	1.2339
30	63289	9	0	0	19.7059	12.1419	3.5217	0.1459	1.2339
31	63278	10	0	0	19.7061	12.1420	3.5216	0.1449	1.2339
32	63278	11	0	0	19.7050	12.1305	3.5211	0.1455	1.2340
33	63272	12	0	0	19.7034	12.1173	3.5200	0.1458	1.2342
34	63265	12	0	0	19.7020	12.1100	3.5195	0.1461	1.2346
35	63255	12	0	0	19.7021	12.1115	3.5196	0.1480	1.2348
36	63248	12	0	0	19.7023	12.1133	3.5196	0.1492	1.2350
37	63239	12	0	0	19.7025	12.1134	3.5195	0.1481	1.2351
38	63234	13	0	0	19.7028	12.1139	3.5196	0.1470	1.2352
39	63229	14	0	0	19.7016	12.1019	3.5189	0.1495	1.2354
40	63216	14	0	0	19.7002	12.0907	3.5183	0.1468	1.2356
41	63209	14	0	0	19.7004	12.0913	3.5187	0.1462	1.2359
42	63205	16	0	0	19.7007	12.0923	3.5187	0.1515	1.2360
43	63194	18	0	0	19.6981	12.0739	3.5174	0.1542	1.2364
44	63184	18	0	0	19.6953	12.0524	3.5167	0.1603	1.2369
45	63180	18	0	0	19.6954	12.0535	3.5170	0.1627	1.2374
46	63181	19	0	0	19.6956	12.0542	3.5171	0.1577	1.2378
47	63175	20	0	0	19.6942	12.0454	3.5164	0.1622	1.2382
48	63170	20	0	0	19.6929	12.0355	3.5160	0.1622	1.2386
49	63161	20	0	0	19.6929	12.0364	3.5159	0.1622	1.2389
50	63157	21	0	0	19.6933	12.0387	3.5160	0.1623	1.2392
51	63154	22	0	0	19.6921	12.0345	3.5156	0.1583	1.2395
52	63151	23	0	0	19.6908	12.0288	3.5151	0.1615	1.2398
53	63142	24	0	0	19.6894	12.0225	3.5145	0.1595	1.2403
54	63138	25	0	0	19.6882	12.0096	3.5145	0.1617	1.2407
55	63138	28	0	0	19.6868	12.0011	3.5138	0.1596	1.2412
56	63137	30	0	0	19.6827	11.9725	3.5125	0.1610	1.2420
57	63129	30	0	0	19.6796	11.9560	3.5116	0.1591	1.2429
58	63122	30	0	0	19.6795	11.9578	3.5119	0.1751	1.2437
59	63122	31	0	0	19.6796	11.9594	3.5119	0.1627	1.2442
60	63114	31	0	0	19.6783	11.9464	3.5111	0.1676	1.2448
61	63112	33	0	0	19.6784	11.9471	3.5116	0.1707	1.2452
62	63110	34	0	0	19.6758	11.9247	3.5105	0.1697	1.2458
63	63100	34	0	0	19.6742	11.9181	3.5100	0.1658	1.2463
64	63097	37	0	0	19.6745	11.9176	3.5105	0.1717	1.2468
65	63095	40	0	0	19.6706	11.8887	3.5087	0.1786	1.2475
66	63093	40	0	0	19.6663	11.8607	3.5077	0.1774	1.2485
67	63090	41	0	0	19.6659	11.8617	3.5078	0.1879	1.2494
68	63083	41	0	0	19.6646	11.8563	3.5073	0.1933	1.2501
69	63078	43	0	0	19.6647	11.8584	3.5076	0.1986	1.2507
70	63072	45	0	0	19.6622	11.8362	3.5065	0.1938	1.2514
71	63070	48	0	0	19.6595	11.8190	3.5060	0.2123	1.2522
72	63068	52	0	0	19.6553	11.7956	3.5046	0.2070	1.2533
73	63064	55	0	0	19.6495	11.7574	3.5030	0.2125	1.2547
74	63063	60	0	0	19.6450	11.7300	3.5019	0.2147	1.2562
75	63055	63	0	0	19.6380	11.3942	3.5000	0.2287	1.2581
76	63051	69	0	0	19.6333	11.3609	3.4991	0.2331	1.2600
77	63044	72	0	0	19.6249	11.3078	3.4964	0.2456	1.2623
78	63042	74	0	0	19.6202	11.2836	3.4957	0.2654	1.2646
79	63037	76	0	0	19.6171	11.2686	3.4947	0.2728	1.2667
80	63030	78	0	0	19.6142	11.2448	3.4941	0.2698	1.2685
81	63029	79	0	0	19.6114	11.2333	3.4935	0.2872	1.2702
82	63023	81	0	0	19.6097	11.5189	3.4930	0.2893	1.2717
83	63016	82	0	0	19.6070	11.5033	3.4923	0.2938	1.2730
84	63007	84	0	0	19.6056	11.4956	3.4920	0.2990	1.2742
85	63005	88	0	0	19.6031	11.4814	3.4914	0.2979	1.2754
86	63000	92	0	0	19.5975	11.2681	3.4899	0.3011	1.2768
87	63002	97	0	0	19.5917	11.2325	3.4887	0.3078	1.2785
88	62996	100	0	0	19.5843	11.0639	3.4865	0.3151	1.2806
89	62990	104	0	0	19.5796	11.0360	3.4859	0.3416	1.2826
90	62989	108	0	0	19.5739	11.1508	3.4843	0.3562	1.2847
91	62993	118	0	0	19.5680	11.0860	3.4832	0.3630	1.2870
92	62990	123	0	0	19.5538	10.9481	3.4794	0.3793	1.2901
93	62983	128	0	0	19.5457	10.9155	3.4784	0.4151	1.2933
94	62985	134	0	0	19.5384	10.8859	3.4765	0.4298	1.2965
95	62987	140	0	0	19.5295	10.8409	3.4744	0.4436	1.2999
96	62986	146	0	0	19.5205	10.7937	3.4723	0.4489	1.3033
97	62987	153	0	0	19.5116	10.7418	3.4707	0.4567	1.3068
98	62996	165	0	0	19.5012	10.6829	3.4683	0.4695	1.3106
99	62997	170	0	0	19.4838	10.5791	3.4646	0.4884	1.3151
100	62993	170	0	0	19.4753	10.5416	3.4635	0.5207	1.3195
101	62992	174	0	0	19.4746	10.5418	3.4639	0.5467	1.3230
102	62992	180	0	0	19.4691	10.5145	3.4623	0.5520	1.3261
103	62999	189	0	0	19.4604	10.4724	3.4609	0.5587	1.3293
104	63000	198	0	0	19.4473	10.3973	3.4580	0.5744	1.3330
105	63005	208	0	0	19.4337	10.3030	3.4555	0.5843	1.3372
106	63008	217	0	0	19.4187	10.2041	3.4526	0.6091	1.3420
107	63014	230	0	0	19.4050	10.1182	3.4507	0.6483	1.3470
108	63014	240	0	0	19.3857	10.0008	3.4467	0.6701	1.3527
109	63021	250	0	0	19.3702	9.9128	3.4448	0.7181	1.3586
110	63027	261	0	0	19.3547	9.8234	3.4419	0.7450	1.3647
111	63025	266	0	0	19.3381	9.7382	3.4389	0.7595	1.3710
112	63028	275	0	0	19.3297	9.6463	3.4381	0.7708	1.3766
113	63031	288	0	0	19.3167	9.5892	3.4347	0.7829	1.3822
114	63039	300	0	0	19.2978	9.4798	3.4321	0.7985	1.3884
115	63045	312	0	0	19.2795	9.3845	3.4290	0.8175	1.3949
116	63046	320	0	0	19.2613	9.2886	3.4265	0.8283	1.4016
117	63053	335	0	0	19.2486	9.2237	3.4246	0.8545	1.4081
118	63060	350	0	0	19.2270	9.1011	3.4214	0.8663	1.4151
119	63064	362	0	0	19.2043	8.9811	3.4183	0.8833	1.4227
120	63070	376	0	0	19.1857	8.8630	3.4164	0.9101	1.4304
121	63082	393	0	0	19.1648	8.7136	3.4134	0.9319	1.4384
122	63098	411	0	0	19.1394	8.5730	3.4094	0.9792	1.4470
123	63101	422	0	0	19.1121	8.4028	3.4065	1.0134	1.4563
124	63105	436	0	0	19.0945	8.3169	3.4042	1.0651	1.4651
125	63106	447	0	0	19.0736	8.1791	3.4020	1.0965	1.4740
126	63119	469	0	0	19.0565	8.0836	3.4004	1.1404	1.4824
127	63130	488	0	0	19.0248	7.8939	3.3966	1.1702	1.4919
128	63146	509	0	0	18.9957	7.7111	3.3938	1.1964	1.5021
129	63157	529	0	0	18.9640	7.5374	3.3905	1.2627	1.5130
130	63165	546	0	0	18.9334	7.3655	3.3874	1.3075	1.5244
131	63189	577	0	0	18.9071	7.2242	3.3850	1.3442	1.5358
132	63216	608	0	0	18.8619	6.9798	3.3798	1.3687	1.5489
133	63232	630	0	0	18.8149	6.7361	3.3753	1.4243	1.5636
134	63248	650	0	0	18.7800	6.5501	3.3730	1.4667	1.5783
135	63262	666	0	0	18.7492	6.3795	3.3695	1.4998	1.5926
136	63272	694	0	0	18.7242	6.2396	3.3677	1.5476	1.6061
137	63287	714	0	0	18.6835	5.9992	3.3639	1.5513	1.6203
138	63298	738	0	0	18.6518	5.8322	3.3621	1.5960	1.6342
139	63314	762	0	0	18.6161	0.0000	3.3593	1.6279	1.6484
140	63341	793	0	0	18.5796	0.0000	3.3566	1.6639	1.6628
141	63365	827	0	0	18.5335	0.0000	3.3528	1.7011	1.6784
142	63397	868	0	0	18.4825	0.0000	3.3489	1.7523	1.6953
143	63425	900	0	0	18.4215	0.0000	3.3444	1.7909	1.7144
144	63460	940	0	0	18.3716	0.0000	3.3407	1.8470	1.7339
145	63493	981	0	0	18.3116	0.0000	3.3370	1.8913	1.7548
146	63520	1014	0	0	18.2496	0.0000	3.3333	1.9444	1.7769
147	63560	1059	0	0	18.1984	0.0000	3.3302	2.0074	1.7989
148	63592	1094	0	0	18.1318	0.0000	3.3257	2.0644	1.8223
149	63618	1125	0	0	18.0772	0.0000	3.3226	2.1028	1.8456
150	63653	1168	0	0	18.0293	0.0000	3.3199	2.1416	1.8681
151	63688	1206	0	0	17.9657	0.0000	3.3169	2.1970	1.8915
152	63712	1237	0	0	17.9075	0.0000	3.3133	2.2365	1.9151
153	63744	1274	0	0	17.8595	0.0000	3.3112	2.2974	1.9379
154	63769	1307	0	0	17.8041	0.0000	3.3080	2.3328	1.9608
155	63786	1334	0	0	17.7537	0.0000	3.3055	2.3716	1.9832
156	63805	1361	0	0	17.7120	0.0000	3.3040	2.4080	2.0044
157	63829	1388	1	0	17.6713	0.0000	3.3013	2.4277	2.0245
158	63852	1417	3	0	17.6307	0.0000	3.2988	2.4488	2.0438
159	63879	1439	12	0	17.5878	0.0000	3.2962	2.4696	2.0628
160	63897	1453	24	0	17.5539	0.0000	3.2942	2.4683	2.0806
161	63925	1478	33	0	17.5321	0.0000	3.2925	2.4752	2.0963
162	63957	1510	36	0	17.4965	0.0000	3.2897	2.4539	2.1117
163	63982	1528	48	0	17.4499	0.0000	3.2864	2.4517	2.1280
164	63994	1538	59	0	17.4217	0.0000	3.2840	2.4416	2.1432
165	64004	1548	69	0	17.4062	0.0000	3.2835	2.4146	2.1564
166	64026	1572	75	0	17.3916	0.0000	3.2821	2.4151	2.1678
167	64052	1598	81	0	17.3586	0.0000	3.2795	2.4185	2.1797
168	64064	1603	94	0	17.3221	0.0000	3.2768	2.4180	2.1925
169	64076	1614	102	0	17.3130	0.0000	3.2761	2.4050	2.2033
170	64086	1630	109	0	17.2986	0.0000	3.2746	2.4002	2.2131
171	64111	1659	107	0	17.2781	0.0000	3.2730	2.3978	2.2227
172	64115	1665	115	0	17.2416	0.0000	3.2700	2.3995	2.2340
173	64125	1672	128	0	17.2316	0.0000	3.2699	2.3989	2.2439
174	64141	1694	129	0	17.2222	0.0000	3.2678	2.3765	2.2524
175	64148	1707	130	0	17.1962	0.0000	3.2660	2.3730	2.2618
176	64158	1720	134	0	17.1798	0.0000	3.2647	2.3682	2.2709
177	64168	1732	140	0	17.1636	0.0000	3.2629	2.3691	2.2798
178	64173	1743	139	0	17.1489	0.0000	3.2613	2.3606	2.2882
179	64173	1750	137	0	17.1361	0.0000	3.2603	2.3618	2.2962
180	64184	1756	144	0	17.1277	0.0000	3.2597	2.3567	2.3034
181	64191	1769	143	0	17.1196	0.0000	3.2585	2.3525	2.3096
182	64194	1776	145	0	17.1045	0.0000	3.2567	2.3518	2.3161
183	64195	1782	148	0	17.0958	0.0000	3.2563	2.3513	2.3221
184	64205	1791	150	0	17.0889	0.0000	3.2555	2.3505	2.3275
185	64221	1812	152	0	17.0785	0.0000	3.2549	2.3442	2.3329
186	64224	1826	151	0	17.0559	0.0000	3.2528	2.3418	2.3398
187	64227	1837	154	0	17.0400	0.0000	3.2511	2.3432	2.3473
188	64240	1852	158	0	17.0270	0.0000	3.2495	2.3460	2.3546
189	64255	1873	158	0	17.0104	0.0000	3.2476	2.3373	2.3623
190	64273	1892	161	0	16.9879	0.0000	3.2457	2.3425	2.3711
191	64282	1900	171	0	16.9669	0.0000	3.2435	2.3359	2.3807
192	64291	1917	170	0	16.9571	0.0000	3.2425	2.3346	2.3893
193	64296	1927	171	0	16.9395	0.0000	3.2409	2.3285	2.3981
194	64309	1941	175	0	16.9287	0.0000	3.2397	2.3323	2.4064
195	64319	1950	183	0	16.9139	0.0000	3.2381	2.3340	2.4146
196	64329	1963	186	0	16.9030	0.0000	3.2359	2.3290	2.4222
197	64325	1974	185	0	16.8890	0.0000	3.2339	2.3295	2.4297
198	64336	1989	192	0	16.8776	0.0000	3.2330	2.3282	2.4369
199	64343	1999	195	0	16.8621	0.0000	3.2304	2.3264	2.4445
200	64355	2015	199	0	16.8507	0.0000	3.2291	2.3216	2.4517
201	64357	2024	198	0	16.8341	0.0000	3.2270	2.3183	2.4594
202	64366	2038	201	0	16.8246	0.0000	3.2259	2.3271	2.4665
203	64374	2050	200	0	16.8100	0.0000	3.2238	2.3225	2.4739
204	64385	2064	206	0	16.7980	0.0000	3.2228	2.3164	2.4812
205	64397	2084	206	0	16.7831	0.0000	3.2212	2.3156	2.4887
206	64403	2097	206	0	16.7629	0.0000	3.2182	2.3099	2.4973
207	64414	2110	209	0	16.7498	0.0000	3.2165	2.3068	2.5057
208	64421	2121	213	0	16.7363	0.0000	3.2147	2.3009	2.5140
209	64427	2131	217	0	16.7249	0.0000	3.2134	2.3026	2.5218
210	64437	2145	218	0	16.7148	0.0000	3.2123	2.2931	2.5292
211	64441	2146	230	0	16.7010	0.0000	3.2099	2.2964	2.5367
212	64446	2159	230	0	16.6975	0.0000	3.2094	2.2949	2.5426
213	64449	2175	232	0	16.6852	0.0000	3.2077	2.2866	2.5487
214	64456	2186	234	0	16.6695	0.0000	3.2057	2.2759	2.5555
215	64469	2200	241	0	16.6578	0.0000	3.2036	2.2751	2.5623
216	64469	2213	242	0	16.6435	0.0000	3.2014	2.2684	2.5693
217	64477	2230	243	0	16.6308	0.0000	3.1997	2.2649	2.5765
218	64486	2243	243	0	16.6144	0.0000	3.1970	2.2607	2.5843
219	64506	2272	241	0	16.6021	0.0000	3.1962	2.2602	2.5921
220	64518	2294	239	0	16.5743	0.0000	3.1915	2.2608	2.6019
221	64532	2316	238	0	16.5535	0.0000	3.1892	2.2653	2.6127
222	64533	2325	240	0	16.5332	0.0000	3.1869	2.2649	2.6241
223	64533	2330	243	0	16.5245	0.0000	3.1857	2.2600	2.6341
224	64536	2336	245	0	16.5186	0.0000	3.1845	2.2556	2.6424
225	64549	2347	252	0	16.5121	0.0000	3.1834	2.2636	2.6494
226	64559	2363	254	0	16.4997	0.0000	3.1803	2.2581	2.6561
227	64567	2376	264	0	16.4841	0.0000	3.1787	2.2539	2.6632
228	64573	2391	262	0	16.4699	0.0000	3.1760	2.2359	2.6704
229	64574	2401	261	0	16.4563	0.0000	3.1747	2.2370	2.6778
230	64585	2418	260	0	16.4472	0.0000	3.1735	2.2355	2.6849
231	64589	2432	259	0	16.4313	0.0000	3.1703	2.2318	2.6925
232	64598	2446	263	0	16.4183	0.0000	3.1694	2.2297	2.7003
233	64610	2458	271	0	16.4047	0.0000	3.1670	2.2213	2.7082
234	64615	2467	274	0	16.3923	0.0000	3.1655	2.2177	2.7158
235	64627	2487	274	0	16.3833	0.0000	3.1643	2.2055	2.7228
236	64645	2511	275	0	16.3653	0.0000	3.1616	2.2090	2.7308
237	64659	2527	282	0	16.3429	0.0000	3.1583	2.2070	2.7402
238	64660	2534	283	0	16.3278	0.0000	3.1558	2.2081	2.7497
239	64669	2547	284	0	16.3217	0.0000	3.1552	2.2058	2.7578
240	64681	2562	287	0	16.3095	0.0000	3.1529	2.2100	2.7658
241	64682	2570	288	0	16.2958	0.0000	3.1502	2.2047	2.7738
242	64695	2583	299	0	16.2871	0.0000	3.1488	2.2024	2.7809
243	64704	2599	302	0	16.2730	0.0000	3.1457	2.1932	2.7879
244	64715	2617	307	0	16.2580	0.0000	3.1438	2.1933	2.7953
245	64728	2637	311	0	16.2415	0.0000	3.1412	2.1863	2.8033
246	64731	2652	305	0	16.2234	0.0000	3.1386	2.1861	2.8121
247	64745	2683	302	0	16.2097	0.0000	3.1367	2.1933	2.8209
248	64764	2705	307	0	16.1820	0.0000	3.1321	2.1943	2.8318
249	64772	2714	315	0	16.1617	0.0000	3.1292	2.1837	2.8431
250	64784	2732	318	0	16.1524	0.0000	3.1272	2.1807	2.8530
251	64787	2745	320	0	16.1353	0.0000	3.1246	2.1747	2.8629
252	64798	2764	320	0	16.1226	0.0000	3.1228	2.1668	2.8721
253	64819	2781	329	0	16.1057	0.0000	3.1199	2.1720	2.8816
254	64839	2807	332	0	16.0881	0.0000	3.1169	2.1687	2.8911
255	64845	2818	331	0	16.0640	0.0000	3.1129	2.1541	2.9017
256	64859	2835	338	0	16.0537	0.0000	3.1123	2.1576	2.9114
257	64872	2849	346	0	16.0373	0.0000	3.1085	2.1482	2.9209
258	64889	2868	350	0	16.0233	0.0000	3.1059	2.1438	2.9300
259	64911	2892	354	0	16.0056	0.0000	3.1028	2.1451	2.9392
260	64922	2905	358	0	15.9839	0.0000	3.0994	2.1361	2.9495
261	64935	2927	355	0	15.9701	0.0000	3.0971	2.1258	2.9590
262	64953	2951	357	0	15.9514	0.0000	3.0941	2.1302	2.9691
263	64966	2972	354	0	15.9300	0.0000	3.0908	2.1252	2.9800
264	64975	2989	357	0	15.9120	0.0000	3.0887	2.1274	2.9911
265	64991	3004	367	0	15.8956	0.0000	3.0856	2.1184	3.0019
266	65008	3026	364	0	15.8809	0.0000	3.0833	2.1177	3.0120
267	65015	3045	365	0	15.8616	0.0000	3.0799	2.1139	3.0225
268	65025	3063	368	0	15.8448	0.0000	3.0773	2.1022	3.0330
269	65035	3082	370	0	15.8288	0.0000	3.0739	2.0935	3.0433
270	65058	3108	372	0	15.8117	0.0000	3.0714	2.0954	3.0536
271	65082	3136	373	0	15.7889	0.0000	3.0672	2.0948	3.0648
272	65108	3163	376	0	15.7648	0.0000	3.0639	2.0782	3.0770
273	65129	3187	377	0	15.7401	0.0000	3.0594	2.0688	3.0899
274	65144	3207	378	0	15.7197	0.0000	3.0565	2.0653	3.1029
275	65158	3228	378	0	15.7019	0.0000	3.0533	2.0623	3.1154
276	65179	3247	384	0	15.6842	0.0000	3.0509	2.0657	3.1275
277	65186	3263	387	0	15.6679	0.0000	3.0484	2.0612	3.1392
278	65213	3286	396	0	15.6517	0.0000	3.0454	2.0554	3.1500
279	65231	3311	399	0	15.6302	0.0000	3.0422	2.0537	3.1612
280	65239	3324	403	0	15.6069	0.0000	3.0378	2.0428	3.1729
281	65254	3345	406	0	15.5950	0.0000	3.0358	2.0382	3.1834
282	65263	3360	407	0	15.5764	0.0000	3.0321	2.0388	3.1940
283	65293	3393	410	0	15.5637	0.0000	3.0308	2.0404	3.2038
284	65309	3418	412	0	15.5350	0.0000	3.0249	2.0344	3.2155
285	65326	3437	416	0	15.5125	0.0000	3.0216	2.0336	3.2276
286	65357	3479	416	0	15.4954	0.0000	3.0188	2.0283	3.2392
287	65374	3503	417	0	15.4596	0.0000	3.0127	2.0300	3.2534
288	65389	3525	416	0	15.4376	0.0000	3.0097	2.0205	3.2673
289	65415	3547	426	0	15.4195	0.0000	3.0063	2.0141	3.2807
290	65430	3565	432	0	15.3977	0.0000	3.0024	2.0109	3.2935
291	65448	3589	433	0	15.3824	0.0000	3.0003	2.0072	3.3054
292	65465	3603	445	0	15.3626	0.0000	2.9958	2.0000	3.3174
293	65489	3630	451	0	15.3499	0.0000	2.9939	2.0010	3.3281
294	65516	3658	454	0	15.3268	0.0000	2.9889	1.9987	3.3394
295	65541	3685	456	0	15.3017	0.0000	2.9845	2.0041	3.3515
296	65565	3714	457	0	15.2771	0.0000	2.9807	1.9931	3.3639
297	65588	3737	463	0	15.2542	0.0000	2.9774	1.9938	3.3770
298	65610	3767	465	0	15.2341	0.0000	2.9732	1.9890	3.3898
299	65637	3786	476	0	15.2090	0.0000	2.9688	1.9876	3.4031
300	65653	3805	485	0	15.1905	0.0000	2.9653	1.9788	3.4155
