step	total_cells	tumor_cells	necrotic_cells	immune_cells	mean_O2_mmHg	min_O2_mmHg	mean_glucose_mM	max_VEGF_nM	mean_lactate_mM
0	389	3	0	0	19.9994	19.7997	4.9598	0.0000	1.0018
1	389	3	0	0	19.9994	19.7997	4.9631	0.0000	1.0018
2	389	3	0	0	19.9994	19.6997	4.9628	0.0000	1.0018
3	389	3	0	0	19.9994	19.6995	4.9620	0.0000	1.0018
4	389	3	0	0	19.9994	19.4001	4.9619	0.0000	1.0018
5	389	3	0	0	19.9997	19.4002	4.9620	0.0000	1.0018
6	388	3	0	0	19.9999	19.4002	4.9620	0.0000	1.0018
7	388	3	0	0	20.0000	19.4002	4.9621	0.0000	1.0017
8	388	3	0	0	20.0009	19.4003	4.9626	0.0000	1.0017
9	388	3	0	0	20.0011	19.3995	4.9628	0.0000	1.0017
10	387	3	0	0	20.0014	19.4003	4.9629	0.0000	1.0017
11	387	3	0	0	20.0017	19.4003	4.9631	0.0000	1.0017
12	386	3	0	0	20.0020	19.6988	4.9633	0.0000	1.0016
13	386	3	0	0	20.0024	19.6987	4.9636	0.0000	1.0016
14	386	3	0	0	20.0026	19.6987	4.9637	0.0000	1.0016
15	386	3	0	0	20.0028	19.6986	4.9638	0.0000	1.0016
16	386	3	0	0	20.0030	19.6985	4.9640	0.0000	1.0016
17	386	3	0	0	20.0033	19.6986	4.9642	0.0000	1.0015
18	386	3	0	0	20.0036	19.6987	4.9644	0.0000	1.0015
19	386	3	0	0	20.0039	19.6987	4.9646	0.0000	1.0015
20	386	3	0	0	20.0042	19.6988	4.9648	0.0000	1.0015
21	386	3	0	0	20.0044	19.6988	4.9651	0.0000	1.0015
22	386	3	0	0	20.0047	19.5004	4.9653	0.0000	1.0014
23	386	3	0	0	20.0049	19.6989	4.9654	0.0000	1.0014
24	386	3	0	0	20.0051	19.6989	4.9656	0.0000	1.0014
25	387	4	0	0	20.0053	19.5005	4.9659	0.0000	1.0014
26	387	4	0	0	20.0033	12.7997	4.9647	0.0223	1.0016
27	387	4	0	0	20.0033	12.7997	4.9648	0.0215	1.0015
28	387	4	0	0	20.0034	12.7997	4.9648	0.0222	1.0015
29	387	4	0	0	20.0037	12.7997	4.9651	0.0215	1.0015
30	387	4	0	0	20.0038	12.7997	4.9652	0.0225	1.0015
31	387	4	0	0	20.0039	12.7997	4.9654	0.0226	1.0015
32	387	4	0	0	20.0039	12.7997	4.9654	0.0219	1.0015
33	388	5	0	0	20.0040	12.7997	4.9655	0.0217	1.0014
34	388	5	0	0	20.0019	12.7997	4.9644	0.0223	1.0016
35	388	5	0	0	20.0022	12.7997	4.9647	0.1073	1.0016
36	388	5	0	0	20.0023	12.7997	4.9648	0.1099	1.0015
37	388	5	0	0	20.0045	12.7997	4.9660	0.0221	1.0014
38	389	6	0	0	20.0046	12.7997	4.9661	0.0220	1.0014
39	390	7	0	0	20.0029	12.7997	4.9652	0.0222	1.0015
40	390	7	0	0	20.0010	12.4996	4.9642	0.1123	1.0017
41	390	7	0	0	20.0010	12.4996	4.9642	0.1160	1.0017
42	390	7	0	0	20.0013	12.4996	4.9644	0.1177	1.0016
43	391	8	0	0	20.0014	12.4996	4.9646	0.1184	1.0016
44	391	8	0	0	19.9995	12.4994	4.9634	0.1187	1.0018
45	391	8	0	0	19.9998	12.4994	4.9637	0.1150	1.0018
46	391	8	0	0	20.0000	12.4994	4.9639	0.1165	1.0018
47	391	8	0	0	19.9999	12.4994	4.9639	0.1140	1.0018
48	392	9	0	0	20.0001	12.4994	4.9640	0.1171	1.0018
49	393	10	0	0	19.9980	12.4992	4.9628	0.1179	1.0019
50	393	10	0	0	19.9958	12.4991	4.9615	0.1253	1.0022
51	393	10	0	0	19.9956	12.4991	4.9611	0.1224	1.0023
52	393	10	0	0	19.9957	12.4991	4.9614	0.1235	1.0023
53	393	10	0	0	19.9961	12.4991	4.9617	0.1226	1.0022
54	393	10	0	0	19.9981	12.4993	4.9628	0.1247	1.0022
55	394	11	0	0	19.9982	12.4993	4.9628	0.1283	1.0021
56	396	13	0	0	19.9959	12.4993	4.9613	0.1234	1.0024
57	397	14	0	0	19.9920	12.4990	4.9590	0.1212	1.0027
58	398	15	0	0	19.9901	12.4988	4.9579	0.1258	1.0029
59	398	15	0	0	19.9880	12.4986	4.9566	0.1321	1.0032
60	398	15	0	0	19.9883	12.4986	4.9569	0.1282	1.0032
61	400	17	0	0	19.9885	12.4986	4.9570	0.1282	1.0031
62	400	17	0	0	19.9843	12.4917	4.9541	0.1386	1.0038
63	402	19	0	0	19.9843	12.4922	4.9543	0.1478	1.0037
64	402	19	0	0	19.9796	12.4899	4.9507	0.1499	1.0045
65	404	21	0	0	19.9796	12.4900	4.9510	0.1522	1.0045
66	405	22	0	0	19.9753	12.4885	4.9483	0.1467	1.0049
67	405	22	0	0	19.9729	12.4883	4.9468	0.1670	1.0051
68	406	23	0	0	19.9728	12.4887	4.9468	0.1670	1.0051
69	409	26	0	0	19.9699	12.4881	4.9442	0.1662	1.0058
70	409	26	0	0	19.9633	12.4861	4.9400	0.1633	1.0066
71	410	27	0	0	19.9633	12.4861	4.9399	0.1611	1.0067
72	413	30	0	0	19.9628	12.4878	4.9394	0.1482	1.0068
73	412	30	0	0	19.9562	12.4810	4.9345	0.1426	1.0079
74	413	31	0	0	19.9563	12.4810	4.9351	0.1402	1.0079
75	414	32	0	0	19.9542	12.4806	4.9334	0.1403	1.0082
76	415	33	0	0	19.9527	12.4805	4.9331	0.1716	1.0081
77	416	34	0	0	19.9530	12.4804	4.9335	0.1781	1.0080
78	417	35	0	0	19.9508	12.4780	4.9317	0.1822	1.0085
79	418	36	0	0	19.9485	12.4772	4.9303	0.1685	1.0087
80	418	36	0	0	19.9460	12.4764	4.9282	0.1662	1.0092
81	420	38	0	0	19.9460	12.4764	4.9281	0.1579	1.0092
82	423	41	0	0	19.9438	12.4759	4.9266	0.1528	1.0095
83	425	43	0	0	19.9371	12.4735	4.9223	0.1679	1.0103
84	426	44	0	0	19.9322	12.4723	4.9185	0.1685	1.0111
85	427	45	0	0	19.9296	12.4723	4.9165	0.1732	1.0116
86	429	47	0	0	19.9273	12.4939	4.9150	0.1943	1.0120
87	431	50	0	0	19.9227	12.4754	4.9116	0.1938	1.0126
88	432	51	0	0	19.9160	12.4749	4.9070	0.2062	1.0136
89	435	54	0	0	19.9138	12.4743	4.9053	0.2071	1.0140
90	436	55	0	0	19.9071	12.4723	4.9009	0.2158	1.0151
91	440	59	0	0	19.9071	12.4724	4.9007	0.2003	1.0151
92	444	63	0	0	19.9014	12.4569	4.8955	0.1796	1.0164
93	447	66	0	0	19.8914	12.4495	4.8877	0.2206	1.0184
94	452	71	0	0	19.8870	12.4470	4.8848	0.2197	1.0190
95	454	74	0	0	19.8737	12.4422	4.8735	0.2356	1.0218
96	456	76	0	0	19.8670	12.4653	4.8691	0.2371	1.0227
97	457	77	0	0	19.8619	12.4649	4.8650	0.2339	1.0237
98	457	77	0	0	19.8593	12.4637	4.8629	0.2253	1.0243
99	462	82	0	0	19.8587	12.4640	4.8620	0.2216	1.0246
100	465	85	0	0	19.8439	12.4621	4.8507	0.2171	1.0272
101	469	89	0	0	19.8377	12.4618	4.8449	0.2153	1.0288
102	472	92	0	0	19.8294	12.4598	4.8378	0.2192	1.0306
103	477	97	0	0	19.8234	12.4208	4.8323	0.2410	1.0320
104	485	105	0	0	19.8110	12.4195	4.8226	0.2421	1.0343
105	491	111	0	0	19.7923	12.4115	4.8093	0.2444	1.0372
106	497	117	0	0	19.7775	12.3901	4.7979	0.3005	1.0398
107	502	122	0	0	19.7632	12.3826	4.7878	0.3458	1.0422
108	506	126	0	0	19.7487	12.3651	4.7742	0.3311	1.0458
109	509	129	0	0	19.7402	12.3614	4.7687	0.3690	1.0469
110	514	134	0	0	19.7352	12.3592	4.7648	0.3692	1.0478
111	518	138	0	0	19.7242	12.3566	4.7575	0.3726	1.0492
112	522	142	0	0	19.7154	12.3552	4.7519	0.3827	1.0503
113	529	149	0	0	19.7048	12.3502	4.7430	0.3867	1.0523
114	538	158	0	0	19.6886	12.3392	4.7296	0.3739	1.0557
115	545	165	0	0	19.6671	12.3257	4.7115	0.3788	1.0602
116	550	170	0	0	19.6496	12.3138	4.6980	0.4345	1.0634
117	557	177	0	0	19.6407	12.3088	4.6921	0.4586	1.0646
118	565	185	0	0	19.6237	12.3019	4.6791	0.4896	1.0675
119	574	194	0	0	19.6027	12.2871	4.6620	0.5147	1.0717
120	580	200	0	0	19.5792	12.2752	4.6427	0.5163	1.0764
121	589	209	0	0	19.5635	12.2676	4.6301	0.5192	1.0797
122	596	216	0	0	19.5364	12.2562	4.6070	0.5065	1.0856
123	605	225	0	0	19.5198	12.2452	4.5927	0.5249	1.0893
124	616	236	0	0	19.5012	12.2374	4.5800	0.5701	1.0921
125	624	244	0	0	19.4717	12.2170	4.5552	0.5718	1.0983
126	633	253	0	0	19.4516	5.5014	4.5408	0.6072	1.1020
127	643	263	0	0	19.4288	5.4976	4.5230	0.6287	1.1063
128	657	277	0	0	19.4023	5.4944	4.5009	0.6317	1.1118
129	667	287	0	0	19.3664	5.4888	4.4699	0.6578	1.1197
130	673	293	0	0	19.3416	5.4868	4.4488	0.6766	1.1251
131	687	307	0	0	19.3291	5.4851	4.4393	0.6938	1.1273
132	697	317	0	0	19.2929	5.4814	4.4101	0.6873	1.1343
133	705	325	0	0	19.2695	5.4785	4.3915	0.7471	1.1390
134	717	337	0	0	19.2474	5.4751	4.3723	0.7598	1.1439
135	733	353	0	0	19.2168	5.4718	4.3480	0.7643	1.1496
136	746	366	0	0	19.1779	5.4662	4.3162	0.8018	1.1572
137	758	378	0	0	19.1404	5.4626	4.2843	0.7964	1.1653
138	770	390	0	0	19.1091	5.4590	4.2591	0.8062	1.1716
139	781	401	0	0	19.0787	5.4561	4.2358	0.7996	1.1774
140	794	414	0	0	19.0519	5.4537	4.2135	0.8655	1.1831
141	810	430	0	0	19.0212	5.4507	4.1887	0.8818	1.1889
142	826	446	0	0	18.9788	11.9349	4.1529	0.8818	1.1976
143	846	466	0	0	18.9379	11.9131	4.1204	0.9406	1.2053
144	867	487	0	0	18.8901	11.8984	4.0811	0.9650	1.2152
145	882	502	0	0	18.8356	11.8697	4.0389	1.0044	1.2258
146	893	513	0	0	18.8000	11.8512	4.0124	1.0066	1.2325
147	911	531	0	0	18.7688	11.8260	3.9863	1.0198	1.2397
148	928	548	0	0	18.7269	11.8034	3.9541	1.0876	1.2481
149	947	567	0	0	18.6832	11.7803	3.9210	1.1233	1.2566
150	965	585	0	0	18.6329	11.7482	3.8834	1.1785	1.2671
151	978	598	0	0	18.5860	11.7205	3.8463	1.2301	1.2775
152	997	617	0	0	18.5586	11.7062	3.8246	1.2612	1.2836
153	1017	637	0	0	18.5076	11.6773	3.7865	1.2751	1.2944
154	1031	651	0	0	18.4581	11.6569	3.7512	1.2966	1.3031
155	1048	668	0	0	18.4226	11.6415	3.7263	1.3244	1.3098
156	1068	688	0	0	18.3777	5.2990	3.6938	1.3746	1.3191
157	1093	713	0	0	18.3263	5.2950	3.6575	1.3754	1.3290
158	1117	737	0	0	18.2616	5.2899	3.6112	1.4159	1.3416
159	1139	759	0	0	18.1985	5.2828	3.5660	1.4291	1.3545
160	1161	781	0	0	18.1413	5.2784	3.5244	1.4595	1.3657
