step	total_cells	tumor_cells	necrotic_cells	immune_cells	mean_O2_mmHg	min_O2_mmHg	mean_glucose_mM	max_VEGF_nM	mean_lactate_mM
0	63390	3	0	0	19.6944	18.9798	2.1173	0.0000	1.2308
1	63383	3	0	0	19.7222	12.2073	4.0427	0.0827	1.2312
2	63376	3	0	0	19.7243	12.2136	3.3858	0.1377	1.2315
3	63367	3	0	0	19.7207	12.2073	3.6489	0.1413	1.2318
4	63361	3	0	0	19.7188	12.2034	3.5287	0.1423	1.2320
5	63357	3	0	0	19.7175	12.2003	3.5707	0.1446	1.2321
6	63348	3	0	0	19.7164	12.1978	3.5466	0.1411	1.2322
7	63344	3	0	0	19.7156	12.1961	3.5513	0.1389	1.2322
8	63335	3	0	0	19.7150	12.1943	3.5447	0.1402	1.2322
9	63328	3	0	0	19.7145	12.1939	3.5439	0.1396	1.2322
10	63319	3	0	0	19.7142	12.1920	3.5411	0.1400	1.2322
11	63312	3	0	0	19.7139	12.1912	3.5393	0.1416	1.2322
12	63305	3	0	0	19.7137	12.1906	3.5378	0.1407	1.2322
13	63296	3	0	0	19.7136	12.1901	3.5364	0.1379	1.2321
14	63294	3	0	0	19.7136	12.1896	3.5351	0.1423	1.2321
15	63290	3	0	0	19.7134	12.1893	3.5340	0.1411	1.2320
16	63283	3	0	0	19.7133	12.1887	3.5327	0.1370	1.2320
17	63275	3	0	0	19.7132	12.1903	3.5319	0.1370	1.2319
18	63267	3	0	0	19.7133	12.1901	3.5311	0.1357	1.2319
19	63259	3	0	0	19.7133	12.1902	3.5303	0.1356	1.2318
20	63250	3	0	0	19.7134	12.1907	3.5299	0.1406	1.2318
21	63245	4	0	0	19.7135	12.1906	3.5292	0.1367	1.2317
22	63240	4	0	0	19.7123	12.1789	3.5281	0.1415	1.2318
23	63236	4	0	0	19.7122	12.1790	3.5277	0.1538	1.2318
24	63231	5	0	0	19.7122	12.1781	3.5270	0.1530	1.2319
25	63226	5	0	0	19.7110	12.1629	3.5264	0.1443	1.2321
26	63222	5	0	0	19.7109	12.1626	3.5261	0.1715	1.2322
27	63215	5	0	0	19.7110	12.1638	3.5257	0.1607	1.2323
28	63208	5	0	0	19.7112	12.1637	3.5255	0.1575	1.2323
29	63192	5	0	0	19.7113	12.1651	3.5254	0.1586	1.2324
30	63185	5	0	0	19.7116	12.1669	3.5251	0.1613	1.2324
31	63180	5	0	0	19.7117	12.1675	3.5249	0.1573	1.2323
32	63174	5	0	0	19.7119	12.1676	3.5248	0.1555	1.2323
33	63170	5	0	0	19.7120	12.1682	3.5248	0.1596	1.2323
34	63162	6	0	0	19.7121	12.1683	3.5246	0.1584	1.2323
35	63156	7	0	0	19.7110	12.1546	3.5239	0.1586	1.2324
36	63151	7	0	0	19.7096	12.1485	3.5233	0.1634	1.2326
37	63146	9	0	0	19.7097	12.1486	3.5235	0.1637	1.2328
38	63142	11	0	0	19.7071	12.1248	3.5222	0.1682	1.2332
39	63139	11	0	0	19.7042	12.1080	3.5212	0.1713	1.2338
40	63133	12	0	0	19.7040	12.1071	3.5213	0.1781	1.2343
41	63126	12	0	0	19.7029	12.0942	3.5207	0.1765	1.2348
42	63123	12	0	0	19.7029	12.0942	3.5206	0.2008	1.2351
43	63116	12	0	0	19.7030	12.0944	3.5205	0.2006	1.2354
44	63107	12	0	0	19.7033	12.0966	3.5205	0.1943	1.2356
45	63103	13	0	0	19.7036	12.0969	3.5207	0.1898	1.2358
46	63097	13	0	0	19.7024	12.0854	3.5200	0.2004	1.2360
47	63086	13	0	0	19.7025	12.0866	3.5203	0.2064	1.2361
48	63078	13	0	0	19.7028	12.0870	3.5202	0.2048	1.2363
49	63073	13	0	0	19.7030	12.0875	3.5203	0.2058	1.2363
50	63071	14	0	0	19.7031	12.0868	3.5203	0.2074	1.2364
51	63068	15	0	0	19.7018	12.0785	3.5196	0.2080	1.2365
52	63062	15	0	0	19.7004	12.0698	3.5193	0.2071	1.2368
53	63054	16	0	0	19.7005	12.0686	3.5195	0.2146	1.2370
54	63044	17	0	0	19.6994	12.0569	3.5190	0.2154	1.2373
55	63037	19	0	0	19.6982	12.0441	3.5186	0.2181	1.2377
56	63032	21	0	0	19.6957	12.0259	3.5178	0.2316	1.2382
57	63026	22	0	0	19.6929	11.9978	3.5169	0.2486	1.2389
58	63017	23	0	0	19.6914	11.9861	3.5168	0.2733	1.2396
59	63012	24	0	0	19.6901	11.9787	3.5162	0.2801	1.2403
60	63008	25	0	0	19.6888	11.9669	3.5158	0.2883	1.2410
61	63005	25	0	0	19.6873	11.9554	3.5153	0.2951	1.2416
62	63000	27	0	0	19.6874	11.9552	3.5157	0.2994	1.2421
63	62991	29	0	0	19.6848	11.9372	3.5145	0.2982	1.2428
64	62985	31	0	0	19.6820	11.9141	3.5140	0.2932	1.2435
65	62985	35	0	0	19.6792	11.6206	3.5134	0.3232	1.2444
66	62981	37	0	0	19.6734	11.8525	3.5113	0.3288	1.2457
67	62977	38	0	0	19.6702	11.8338	3.5108	0.3519	1.2470
68	62970	38	0	0	19.6686	11.8242	3.5103	0.3670	1.2481
69	62961	38	0	0	19.6686	11.8255	3.5106	0.3659	1.2490
70	62955	39	0	0	19.6690	11.8277	3.5108	0.3583	1.2497
71	62952	41	0	0	19.6679	11.7742	3.5106	0.3501	1.2503
72	62947	42	0	0	19.6651	11.7954	3.5095	0.3420	1.2510
73	62941	43	0	0	19.6636	11.7889	3.5095	0.3736	1.2518
74	62939	46	0	0	19.6623	11.7845	3.5088	0.3783	1.2524
75	62937	47	0	0	19.6581	11.7536	3.5075	0.3828	1.2534
76	62934	49	0	0	19.6564	11.7439	3.5076	0.3842	1.2543
77	62930	49	0	0	19.6536	11.7260	3.5064	0.3962	1.2552
78	62925	52	0	0	19.6534	11.7264	3.5066	0.4011	1.2560
79	62919	52	0	0	19.6494	11.7012	3.5050	0.3970	1.2570
80	62914	52	0	0	19.6492	11.6998	3.5056	0.4089	1.2578
81	62909	54	0	0	19.6493	11.6999	3.5053	0.4106	1.2584
82	62899	56	0	0	19.6468	11.6876	3.5044	0.4066	1.2591
83	62893	58	0	0	19.6442	11.6733	3.5039	0.4038	1.2599
84	62891	64	0	0	19.6414	11.6495	3.5031	0.4130	1.2608
85	62891	67	0	0	19.6332	11.5986	3.5006	0.3914	1.2623
86	62891	71	0	0	19.6282	11.2831	3.4997	0.4300	1.2640
87	62892	75	0	0	19.6223	11.2409	3.4980	0.4247	1.2659
88	62889	76	0	0	19.6163	11.2021	3.4967	0.4695	1.2679
89	62893	81	0	0	19.6144	11.2973	3.4965	0.4950	1.2697
90	62885	84	0	0	19.6075	11.2449	3.4943	0.5049	1.2717
91	62886	88	0	0	19.6030	11.2287	3.4933	0.5511	1.2737
92	62885	91	0	0	19.5972	11.2014	3.4919	0.5589	1.2759
93	62883	94	0	0	19.5925	11.1819	3.4907	0.5695	1.2779
94	62884	101	0	0	19.5880	11.1576	3.4896	0.5642	1.2800
95	62890	112	0	0	19.5780	11.0033	3.4870	0.5549	1.2825
96	62889	117	0	0	19.5620	10.8512	3.4834	0.6115	1.2860
97	62889	120	0	0	19.5536	10.8237	3.4817	0.6244	1.2896
98	62891	130	0	0	19.5487	10.7916	3.4810	0.6381	1.2929
99	62887	133	0	0	19.5346	10.6771	3.4777	0.6161	1.2967
100	62885	138	0	0	19.5292	10.6464	3.4774	0.6762	1.3002
101	62886	146	0	0	19.5220	10.5930	3.4755	0.6924	1.3036
102	62884	150	0	0	19.5104	10.5113	3.4733	0.6980	1.3074
103	62884	157	0	0	19.5039	10.4737	3.4721	0.7422	1.3109
104	62880	163	0	0	19.4939	10.4182	3.4696	0.7574	1.3146
105	62882	171	0	0	19.4849	10.3725	3.4682	0.7679	1.3183
106	62883	178	0	0	19.4731	10.3001	3.4656	0.7728	1.3223
107	62885	188	0	0	19.4624	10.2363	3.4637	0.7850	1.3264
108	62886	194	0	0	19.4478	10.1331	3.4610	0.8154	1.3310
109	62887	202	0	0	19.4382	10.0827	3.4593	0.8596	1.3355
110	62893	212	0	0	19.4266	10.0222	3.4566	0.8739	1.3401
111	62893	218	0	0	19.4117	9.9242	3.4537	0.8923	1.3451
112	62891	227	0	0	19.4023	9.8757	3.4525	0.9234	1.3498
113	62896	238	0	0	19.3893	9.7947	3.4500	0.9430	1.3547
114	62898	247	0	0	19.3732	9.6999	3.4471	0.9638	1.3601
115	62899	254	0	0	19.3595	9.6262	3.4445	1.0017	1.3656
116	62900	262	0	0	19.3488	9.5684	3.4427	1.0204	1.3708
117	62909	276	0	0	19.3370	9.5160	3.4402	1.0327	1.3760
118	62911	282	0	0	19.3166	9.3768	3.4371	1.0521	1.3820
119	62912	291	0	0	19.3066	9.3487	3.4358	1.0952	1.3875
120	62915	301	0	0	19.2933	9.2707	3.4333	1.1251	1.3931
121	62924	315	0	0	19.2783	9.1729	3.4311	1.1548	1.3988
122	62931	328	0	0	19.2577	9.0387	3.4281	1.1872	1.4052
123	62935	338	0	0	19.2380	8.9356	3.4252	1.2231	1.4120
124	62949	357	0	0	19.2225	8.8356	3.4232	1.2359	1.4188
125	62954	369	0	0	19.1950	8.6715	3.4189	1.2721	1.4267
126	62957	382	0	0	19.1758	8.5555	3.4171	1.3211	1.4347
127	62963	399	0	0	19.1562	2.5692	3.4146	1.3721	1.4427
128	62967	413	0	0	19.1313	2.4553	3.4112	1.4095	1.4514
129	62977	432	0	0	19.1100	2.3726	3.4087	1.4407	1.4601
130	62983	450	0	0	19.0822	8.0300	3.4047	1.4346	1.4695
131	62986	459	0	0	19.0552	7.8845	3.4020	1.4726	1.4794
132	62999	479	0	0	19.0403	7.8184	3.4003	1.4997	1.4885
133	63003	491	0	0	19.0115	7.6469	3.3961	1.5050	1.4982
134	63013	507	0	0	18.9926	7.5502	3.3945	1.5539	1.5075
135	63025	524	0	0	18.9690	7.4264	3.3915	1.5814	1.5170
136	63038	538	0	0	18.9435	7.2746	3.3891	1.6144	1.5267
137	63054	559	0	0	18.9217	7.1425	3.3868	1.6548	1.5363
138	63070	583	0	0	18.8911	6.9759	3.3829	1.6955	1.5466
139	63080	601	0	0	18.8555	6.7851	3.3792	1.7484	1.5581
140	63097	621	0	0	18.8275	6.6458	3.3764	1.7844	1.5696
141	63113	640	0	0	18.7976	6.4944	3.3729	1.8206	1.5814
142	63131	666	0	0	18.7688	6.3548	3.3703	1.8503	1.5933
143	63142	683	0	0	18.7307	0.6988	3.3659	1.8802	1.6061
144	63149	699	0	0	18.7040	0.5849	3.3633	1.9131	1.6186
145	63162	716	0	0	18.6800	0.4881	3.3608	1.9289	1.6305
146	63171	731	0	0	18.6546	0.3815	3.3584	1.9575	1.6421
147	63171	740	0	0	18.6318	0.2789	3.3563	1.9704	1.6531
148	63184	762	0	0	18.6175	0.2135	3.3556	1.9756	1.6629
149	63209	788	0	0	18.5863	0.0813	3.3523	1.9966	1.6735
150	63230	813	0	0	18.5481	0.0000	3.3487	2.0390	1.6853
151	63246	835	0	0	18.5106	0.0000	3.3446	2.0616	1.6981
152	63258	854	0	0	18.4771	0.0000	3.3415	2.0782	1.7112
153	63265	868	0	0	18.4484	0.0000	3.3390	2.0880	1.7241
154	63269	879	0	0	18.4269	0.0000	3.3370	2.1046	1.7360
155	63289	902	0	0	18.4102	0.0000	3.3358	2.1172	1.7468
156	63306	925	0	0	18.3775	0.0000	3.3321	2.1220	1.7582
157	63325	950	0	0	18.3431	0.0000	3.3299	2.1293	1.7702
158	63354	986	0	0	18.3061	0.0000	3.3262	2.1578	1.7831
159	63375	1012	0	0	18.2541	0.0000	3.3218	2.1717	1.7982
160	63385	1031	0	0	18.2138	0.0000	3.3193	2.2058	1.8137
161	63400	1051	0	0	18.1845	0.0000	3.3171	2.2301	1.8286
162	63412	1069	0	0	18.1550	0.0000	3.3145	2.2515	1.8429
163	63428	1089	0	0	18.1277	0.0000	3.3123	2.2749	1.8564
164	63446	1115	0	0	18.0981	0.0000	3.3098	2.2870	1.8696
165	63464	1136	0	0	18.0607	0.0000	3.3060	2.2897	1.8834
166	63481	1158	0	0	18.0292	0.0000	3.3036	2.3173	1.8970
167	63498	1182	0	0	17.9968	0.0000	3.3003	2.3676	1.9107
168	63518	1211	0	0	17.9616	0.0000	3.2977	2.3871	1.9245
169	63541	1235	0	0	17.9196	0.0000	3.2935	2.4025	1.9393
170	63561	1259	0	0	17.8833	0.0000	3.2908	2.3997	1.9542
171	63572	1275	0	0	17.8477	0.0000	3.2879	2.4134	1.9691
172	63581	1290	0	0	17.8230	0.0000	3.2863	2.4264	1.9829
173	63589	1307	0	0	17.8009	0.0000	3.2840	2.4292	1.9956
174	63592	1321	0	0	17.7761	0.0000	3.2826	2.4426	2.0077
175	63604	1341	2	0	17.7554	0.0000	3.2814	2.4436	2.0189
176	63620	1364	2	0	17.7273	0.0000	3.2784	2.4500	2.0302
177	63639	1386	3	0	17.6941	0.0000	3.2758	2.4434	2.0422
178	63652	1409	4	0	17.6618	0.0000	3.2729	2.4390	2.0545
179	63663	1426	4	0	17.6290	0.0000	3.2698	2.4414	2.0672
180	63672	1438	4	0	17.6040	0.0000	3.2671	2.4454	2.0794
181	63674	1446	4	0	17.5862	0.0000	3.2654	2.4504	2.0905
182	63675	1454	5	0	17.5742	0.0000	3.2651	2.4507	2.1000
183	63679	1464	6	0	17.5630	0.0000	3.2637	2.4538	2.1083
184	63688	1481	7	0	17.5495	0.0000	3.2613	2.4499	2.1159
185	63693	1493	8	0	17.5264	0.0000	3.2585	2.4478	2.1240
186	63703	1507	10	0	17.5098	0.0000	3.2566	2.4420	2.1319
187	63707	1514	12	0	17.4905	0.0000	3.2539	2.4411	2.1398
188	63720	1534	13	0	17.4797	0.0000	3.2534	2.4316	2.1468
189	63737	1554	15	0	17.4525	0.0000	3.2504	2.4326	2.1549
190	63739	1569	16	0	17.4242	0.0000	3.2473	2.4295	2.1639
191	63744	1577	20	0	17.4022	0.0000	3.2453	2.4223	2.1730
192	63756	1593	21	0	17.3902	0.0000	3.2443	2.4236	2.1812
193	63766	1604	23	0	17.3685	0.0000	3.2417	2.4222	2.1895
194	63775	1617	26	0	17.3532	0.0000	3.2396	2.3901	2.1975
195	63782	1627	30	0	17.3356	0.0000	3.2372	2.3658	2.2053
196	63789	1640	34	0	17.3216	0.0000	3.2360	2.3553	2.2125
197	63788	1651	38	0	17.3049	0.0000	3.2321	2.3300	2.2198
198	63795	1657	44	0	17.2904	0.0000	3.2301	2.3147	2.2268
199	63802	1669	43	0	17.2823	0.0000	3.2284	2.3022	2.2329
200	63805	1681	45	0	17.2669	0.0000	3.2257	2.2942	2.2391
201	63813	1696	46	0	17.2507	0.0000	3.2235	2.2899	2.2454
202	63824	1715	46	0	17.2311	0.0000	3.2200	2.2907	2.2522
203	63837	1734	45	0	17.2056	0.0000	3.2169	2.2866	2.2600
204	63848	1749	45	0	17.1793	0.0000	3.2138	2.2867	2.2685
205	63852	1760	47	0	17.1583	0.0000	3.2111	2.2849	2.2772
206	63866	1779	47	0	17.1434	0.0000	3.2085	2.2747	2.2853
207	63876	1789	50	0	17.1179	0.0000	3.2055	2.2729	2.2940
208	63879	1796	54	0	17.1035	0.0000	3.2035	2.2628	2.3021
209	63884	1801	62	0	17.0943	0.0000	3.2012	2.2569	2.3091
210	63892	1805	70	0	17.0889	0.0000	3.1996	2.2151	2.3151
211	63904	1819	73	0	17.0848	0.0000	3.1975	2.1929	2.3200
212	63914	1832	78	0	17.0683	0.0000	3.1938	2.1857	2.3254
213	63920	1846	78	0	17.0517	0.0000	3.1911	2.1633	2.3311
214	63936	1871	77	0	17.0333	0.0000	3.1880	2.1461	2.3374
215	63950	1890	77	0	17.0006	0.0000	3.1837	2.1459	2.3454
216	63957	1905	77	0	16.9749	0.0000	3.1794	2.1249	2.3543
217	63973	1920	81	0	16.9550	0.0000	3.1772	2.1206	2.3631
218	63983	1936	80	0	16.9359	0.0000	3.1728	2.1113	2.3717
219	63995	1946	89	0	16.9154	0.0000	3.1699	2.1068	2.3804
220	64001	1949	98	0	16.9031	0.0000	3.1663	2.0767	2.3883
221	64018	1958	108	0	16.9002	0.0000	3.1653	2.0789	2.3944
222	64021	1959	119	0	16.8898	0.0000	3.1619	2.0650	2.4001
223	64037	1974	123	0	16.8901	0.0000	3.1598	2.0436	2.4043
224	64059	1999	121	0	16.8730	0.0000	3.1567	2.0375	2.4093
225	64062	2011	120	0	16.8417	0.0000	3.1514	2.0309	2.4162
226	64073	2028	119	0	16.8257	0.0000	3.1498	2.0289	2.4232
227	64089	2051	120	0	16.8049	0.0000	3.1460	2.0310	2.4307
228	64094	2064	122	0	16.7769	0.0000	3.1417	2.0311	2.4393
229	64096	2071	125	0	16.7610	0.0000	3.1396	2.0185	2.4477
230	64112	2086	136	0	16.7522	0.0000	3.1377	2.0128	2.4548
231	64130	2109	137	0	16.7354	0.0000	3.1330	2.0185	2.4621
232	64144	2125	143	0	16.7082	0.0000	3.1287	2.0074	2.4705
233	64156	2135	151	0	16.6891	0.0000	3.1251	2.0033	2.4789
234	64173	2151	156	0	16.6777	0.0000	3.1211	1.9918	2.4865
235	64190	2171	160	0	16.6597	0.0000	3.1171	1.9905	2.4941
236	64205	2193	158	0	16.6367	0.0000	3.1128	1.9857	2.5024
237	64224	2207	170	0	16.6112	0.0000	3.1087	1.9775	2.5114
238	64249	2234	173	0	16.5960	0.0000	3.1030	1.9755	2.5200
239	64258	2254	173	0	16.5661	0.0000	3.0972	1.9634	2.5297
240	64272	2275	173	0	16.5435	0.0000	3.0932	1.9566	2.5394
241	64280	2289	176	0	16.5180	0.0000	3.0886	1.9534	2.5494
242	64297	2307	183	0	16.5018	0.0000	3.0858	1.9458	2.5587
243	64313	2329	183	0	16.4829	0.0000	3.0787	1.9350	2.5678
244	64332	2345	193	0	16.4590	0.0000	3.0751	1.9381	2.5773
245	64348	2360	202	0	16.4420	0.0000	3.0692	1.9285	2.5863
246	64363	2378	212	0	16.4261	0.0000	3.0649	1.9019	2.5947
247	64379	2404	210	0	16.4058	0.0000	3.0598	1.8728	2.6030
248	64401	2427	213	0	16.3771	0.0000	3.0543	1.8603	2.6123
249	64424	2456	216	0	16.3515	0.0000	3.0492	1.8565	2.6222
250	64435	2475	211	0	16.3203	0.0000	3.0435	1.8521	2.6332
251	64447	2497	209	0	16.2988	0.0000	3.0405	1.8527	2.6438
252	64466	2525	209	0	16.2750	0.0000	3.0357	1.8468	2.6545
253	64496	2555	219	0	16.2457	0.0000	3.0304	1.8498	2.6660
254	64523	2581	228	0	16.2134	0.0000	3.0226	1.8264	2.6783
255	64541	2602	232	0	16.1852	0.0000	3.0169	1.8061	2.6907
256	64566	2629	233	0	16.1627	0.0000	3.0131	1.7929	2.7024
257	64588	2653	238	0	16.1344	0.0000	3.0077	1.7865	2.7143
258	64618	2682	251	0	16.1086	0.0000	3.0022	1.7718	2.7262
259	64643	2709	257	0	16.0786	0.0000	2.9954	1.7464	2.7386
260	64664	2740	257	0	16.0512	0.0000	2.9901	1.7362	2.7509
261	64701	2773	264	0	16.0197	0.0000	2.9833	1.7249	2.7638
262	64729	2802	269	0	15.9848	0.0000	2.9762	1.7221	2.7773
263	64754	2839	267	0	15.9554	0.0000	2.9701	1.7088	2.7909
264	64778	2870	266	0	15.9183	0.0000	2.9621	1.7066	2.8054
265	64803	2897	272	0	15.8856	0.0000	2.9571	1.7060	2.8199
266	64824	2910	287	0	15.8582	0.0000	2.9508	1.6947	2.8340
267	64853	2941	293	0	15.8456	0.0000	2.9466	1.6741	2.8457
268	64883	2972	298	0	15.8166	0.0000	2.9391	1.6627	2.8576
269	64905	2992	306	0	15.7870	0.0000	2.9330	1.6550	2.8700
270	64934	3021	313	0	15.7689	0.0000	2.9285	1.6422	2.8812
271	64969	3062	315	0	15.7412	0.0000	2.9218	1.6326	2.8925
272	64996	3101	314	0	15.7011	0.0000	2.9154	1.6309	2.9058
273	65042	3146	317	0	15.6648	0.0000	2.9089	1.6369	2.9203
274	65072	3179	323	0	15.6209	0.0000	2.8990	1.6309	2.9364
275	65113	3223	327	0	15.5884	0.0000	2.8930	1.6190	2.9522
276	65141	3253	331	0	15.5463	0.0000	2.8835	1.6089	2.9690
277	65173	3285	339	0	15.5173	0.0000	2.8778	1.6066	2.9847
278	65201	3303	351	0	15.4882	0.0000	2.8693	1.5949	2.9997
279	65225	3323	365	0	15.4714	0.0000	2.8655	1.5849	3.0124
280	65249	3353	370	0	15.4530	0.0000	2.8605	1.5815	3.0234
281	65283	3386	376	0	15.4250	0.0000	2.8548	1.5614	3.0346
282	65321	3426	384	0	15.3962	0.0000	2.8481	1.5614	3.0463
283	65366	3481	381	0	15.3597	0.0000	2.8398	1.5507	3.0595
284	65394	3518	380	0	15.3113	0.0000	2.8300	1.5337	3.0752
285	65429	3561	377	0	15.2786	0.0000	2.8244	1.5391	3.0909
286	65475	3614	380	0	15.2425	0.0000	2.8162	1.5339	3.1071
287	65523	3663	385	0	15.1959	0.0000	2.8066	1.5293	3.1249
288	65560	3701	388	0	15.1521	0.0000	2.7984	1.5300	3.1435
289	65595	3735	397	0	15.1205	0.0000	2.7914	1.5206	3.1610
290	65625	3766	406	0	15.0920	0.0000	2.7845	1.5168	3.1773
291	65673	3808	417	0	15.0690	0.0000	2.7789	1.5062	3.1918
292	65723	3850	432	0	15.0362	0.0000	2.7687	1.5027	3.2065
293	65767	3886	444	0	15.0034	0.0000	2.7606	1.4976	3.2212
294	65809	3927	452	0	14.9739	0.0000	2.7529	1.4994	3.2351
295	65843	3966	453	0	14.9398	0.0000	2.7452	1.4868	3.2493
296	65886	4015	451	0	14.9064	0.0000	2.7383	1.4795	3.2636
297	65919	4043	462	0	14.8647	0.0000	2.7302	1.4802	3.2794
298	65969	4094	464	0	14.8468	0.0000	2.7252	1.4770	3.2934
299	66018	4148	466	0	14.8090	0.0000	2.7155	1.4760	3.3084
300	66062	4192	474	0	14.7661	0.0000	2.7066	1.4755	3.3250
