step	total_cells	tumor_cells	necrotic_cells	immune_cells	mean_O2_mmHg	min_O2_mmHg	mean_glucose_mM	max_VEGF_nM	mean_lactate_mM
0	389	3	0	0	19.9994	19.7997	4.9598	0.0000	1.0018
1	389	3	0	0	19.9994	19.7997	4.9631	0.0000	1.0018
2	389	3	0	0	19.9994	19.6997	4.9628	0.0000	1.0018
3	389	3	0	0	19.9994	19.6995	4.9620	0.0000	1.0018
4	389	3	0	0	19.9994	19.4001	4.9619	0.0000	1.0018
5	389	3	0	0	19.9997	19.4002	4.9620	0.0000	1.0018
6	388	3	0	0	19.9999	19.4002	4.9620	0.0000	1.0018
7	388	3	0	0	20.0000	19.4002	4.9621	0.0000	1.0017
8	388	3	0	0	20.0009	19.4003	4.9626	0.0000	1.0017
9	388	3	0	0	20.0011	19.3995	4.9628	0.0000	1.0017
10	387	3	0	0	20.0014	19.4003	4.9629	0.0000	1.0017
11	387	3	0	0	20.0017	19.4003	4.9631	0.0000	1.0017
12	386	3	0	0	20.0020	19.6988	4.9633	0.0000	1.0016
13	386	3	0	0	20.0024	19.6987	4.9636	0.0000	1.0016
14	386	3	0	0	20.0026	19.6987	4.9637	0.0000	1.0016
15	386	3	0	0	20.0028	19.6986	4.9638	0.0000	1.0016
16	386	3	0	0	20.0030	19.6985	4.9640	0.0000	1.0016
17	386	3	0	0	20.0033	19.6986	4.9642	0.0000	1.0015
18	386	3	0	0	20.0036	19.6987	4.9644	0.0000	1.0015
19	386	3	0	0	20.0039	19.6987	4.9646	0.0000	1.0015
20	386	3	0	0	20.0042	19.6988	4.9648	0.0000	1.0015
21	386	3	0	0	20.0044	19.6988	4.9651	0.0000	1.0015
22	386	3	0	0	20.0047	19.5004	4.9653	0.0000	1.0014
23	386	3	0	0	20.0049	19.6989	4.9654	0.0000	1.0014
24	386	3	0	0	20.0051	19.6989	4.9656	0.0000	1.0014
25	387	4	0	0	20.0053	19.5005	4.9659	0.0000	1.0014
26	387	4	0	0	20.0033	12.7997	4.9647	0.0223	1.0016
27	387	4	0	0	20.0033	12.7997	4.9648	0.0215	1.0015
28	387	4	0	0	20.0034	12.7997	4.9648	0.0222	1.0015
29	387	4	0	0	20.0037	12.7997	4.9651	0.0215	1.0015
30	387	4	0	0	20.0038	12.7997	4.9652	0.0225	1.0015
31	387	4	0	0	20.0039	12.7997	4.9654	0.0226	1.0015
32	387	4	0	0	20.0039	12.7997	4.9654	0.0219	1.0015
33	388	5	0	0	20.0040	12.7997	4.9655	0.0217	1.0014
34	388	5	0	0	20.0019	12.7997	4.9644	0.0223	1.0016
35	388	5	0	0	20.0042	12.7997	4.9658	0.0216	1.0014
36	388	5	0	0	20.0043	12.7997	4.9659	0.0218	1.0014
37	388	5	0	0	20.0045	12.7997	4.9660	0.0221	1.0014
38	389	6	0	0	20.0046	12.7997	4.9661	0.0220	1.0014
39	390	7	0	0	20.0029	12.7997	4.9652	0.0222	1.0015
40	390	7	0	0	20.0010	12.4996	4.9642	0.1243	1.0017
41	390	7	0	0	20.0010	12.4996	4.9642	0.1287	1.0017
42	390	7	0	0	20.0012	12.4996	4.9643	0.1292	1.0016
43	391	8	0	0	20.0012	12.4996	4.9644	0.1368	1.0016
44	391	8	0	0	19.9993	12.4994	4.9633	0.1310	1.0018
45	391	8	0	0	19.9996	12.4994	4.9635	0.1339	1.0018
46	391	8	0	0	19.9999	12.4994	4.9638	0.1316	1.0018
47	391	8	0	0	20.0000	12.4994	4.9640	0.1351	1.0018
48	391	8	0	0	20.0002	12.4994	4.9642	0.1350	1.0018
49	391	8	0	0	20.0002	12.4994	4.9642	0.1343	1.0018
50	391	8	0	0	20.0002	12.4994	4.9643	0.1303	1.0018
51	391	8	0	0	20.0002	12.4994	4.9643	0.1334	1.0018
52	391	8	0	0	20.0001	12.4995	4.9640	0.1321	1.0019
53	391	8	0	0	20.0002	12.4995	4.9642	0.1356	1.0018
54	391	8	0	0	20.0002	12.4995	4.9639	0.1312	1.0020
55	392	9	0	0	20.0003	12.4995	4.9640	0.1336	1.0020
56	395	12	0	0	19.9982	12.7972	4.9628	0.1282	1.0022
57	396	13	0	0	19.9942	12.4989	4.9605	0.1316	1.0025
58	396	13	0	0	19.9922	12.4987	4.9593	0.1389	1.0027
59	397	14	0	0	19.9926	12.4987	4.9597	0.1408	1.0027
60	398	15	0	0	19.9904	12.4986	4.9583	0.1455	1.0030
61	399	16	0	0	19.9883	12.4984	4.9570	0.1452	1.0032
62	400	17	0	0	19.9862	12.4982	4.9559	0.1433	1.0033
63	402	19	0	0	19.9840	12.4982	4.9543	0.1576	1.0037
64	402	19	0	0	19.9795	12.7910	4.9512	0.1597	1.0043
65	402	19	0	0	19.9794	12.7910	4.9510	0.1589	1.0043
66	403	20	0	0	19.9793	12.7910	4.9510	0.1546	1.0043
67	405	22	0	0	19.9772	12.7903	4.9495	0.1538	1.0047
68	405	22	0	0	19.9749	12.7876	4.9478	0.1590	1.0051
69	405	23	0	0	19.9751	12.7878	4.9481	0.1869	1.0051
70	405	23	0	0	19.9730	12.7871	4.9468	0.1825	1.0053
71	405	23	0	0	19.9731	12.7871	4.9469	0.1857	1.0053
72	405	23	0	0	19.9725	12.7868	4.9461	0.1875	1.0056
73	405	24	0	0	19.9723	12.7867	4.9458	0.1858	1.0057
74	405	24	0	0	19.9700	12.7860	4.9443	0.1839	1.0061
75	405	24	0	0	19.9703	12.7860	4.9445	0.1892	1.0060
76	406	25	0	0	19.9698	12.7849	4.9439	0.1934	1.0063
77	407	26	0	0	19.9679	12.7850	4.9427	0.1879	1.0065
78	407	26	0	0	19.9618	12.4961	4.9395	0.1792	1.0070
79	409	28	0	0	19.9619	12.4961	4.9398	0.1668	1.0069
80	411	30	0	0	19.9595	12.7858	4.9378	0.1602	1.0074
81	413	32	0	0	19.9551	12.4852	4.9346	0.1806	1.0080
82	414	33	0	0	19.9508	12.4838	4.9318	0.1758	1.0085
83	414	33	0	0	19.9490	12.4836	4.9311	0.1830	1.0086
84	415	34	0	0	19.9490	12.4836	4.9312	0.1815	1.0086
85	416	35	0	0	19.9485	12.4838	4.9303	0.1767	1.0090
86	417	36	0	0	19.9476	12.4841	4.9287	0.1816	1.0095
87	419	38	0	0	19.9454	12.4841	4.9274	0.1826	1.0097
88	425	44	0	0	19.9430	12.4838	4.9258	0.1755	1.0100
89	429	48	0	0	19.9296	12.4800	4.9168	0.1640	1.0117
90	432	51	0	0	19.9203	12.4765	4.9100	0.1899	1.0132
91	432	51	0	0	19.9128	12.7673	4.9042	0.2147	1.0146
92	433	52	0	0	19.9123	12.4728	4.9035	0.2295	1.0149
93	434	53	0	0	19.9127	12.4719	4.9040	0.2233	1.0148
94	436	55	0	0	19.9110	12.4717	4.9034	0.2257	1.0148
95	437	56	0	0	19.9070	12.4706	4.9012	0.2288	1.0151
96	436	56	0	0	19.9043	12.4706	4.8988	0.2221	1.0158
97	437	57	0	0	19.9065	12.4706	4.9001	0.2220	1.0156
98	441	61	0	0	19.9049	12.4706	4.8995	0.2239	1.0156
99	446	66	0	0	19.8959	12.4667	4.8932	0.2309	1.0168
100	447	67	0	0	19.8841	12.4633	4.8848	0.2488	1.0186
101	449	69	0	0	19.8818	12.4631	4.8834	0.2607	1.0189
102	450	70	0	0	19.8769	12.4747	4.8798	0.2659	1.0197
103	455	75	0	0	19.8742	12.4766	4.8776	0.2737	1.0202
104	457	77	0	0	19.8642	12.4756	4.8702	0.2324	1.0220
105	460	80	0	0	19.8593	12.4695	4.8666	0.2505	1.0228
106	463	84	0	0	19.8541	12.4681	4.8621	0.2471	1.0238
107	466	87	0	0	19.8466	12.4668	4.8562	0.2728	1.0251
108	469	90	0	0	19.8393	12.4671	4.8508	0.2795	1.0264
109	476	97	0	0	19.8310	12.4655	4.8438	0.2714	1.0282
110	481	102	0	0	19.8170	12.4626	4.8337	0.2807	1.0304
111	484	105	0	0	19.8081	12.4607	4.8280	0.3012	1.0315
112	487	108	0	0	19.8004	12.4586	4.8216	0.3071	1.0330
113	488	109	0	0	19.7948	12.4421	4.8168	0.3207	1.0343
114	492	113	0	0	19.7931	12.4421	4.8160	0.3295	1.0344
115	494	115	0	0	19.7829	12.4397	4.8076	0.3300	1.0364
116	502	123	0	0	19.7760	12.4069	4.8005	0.3361	1.0385
117	509	130	0	0	19.7573	12.3874	4.7850	0.3519	1.0423
118	516	137	0	0	19.7412	12.3605	4.7717	0.3470	1.0457
119	520	141	0	0	19.7229	12.3545	4.7588	0.3979	1.0483
120	526	147	0	0	19.7113	12.3573	4.7487	0.4043	1.0511
121	531	152	0	0	19.6967	12.3508	4.7374	0.3698	1.0536
122	541	162	0	0	19.6846	12.3426	4.7284	0.3930	1.0557
123	547	168	0	0	19.6599	12.3322	4.7091	0.4098	1.0601
124	551	172	0	0	19.6463	12.3292	4.6998	0.4411	1.0621
125	556	177	0	0	19.6362	12.3227	4.6918	0.4502	1.0640
126	559	180	0	0	19.6242	12.3207	4.6827	0.4750	1.0659
127	560	181	0	0	19.6162	12.3181	4.6761	0.4762	1.0676
128	566	188	0	0	19.6135	12.3182	4.6739	0.4626	1.0682
129	571	193	0	0	19.5965	12.3287	4.6608	0.4698	1.0711
130	584	206	0	0	19.5838	12.3260	4.6486	0.4616	1.0748
131	590	212	0	0	19.5516	12.3130	4.6237	0.4700	1.0805
132	598	220	0	0	19.5378	12.2939	4.6116	0.4985	1.0836
133	607	229	0	0	19.5155	12.2982	4.5926	0.4974	1.0887
134	616	238	0	0	19.4918	12.2713	4.5733	0.5225	1.0936
135	620	242	0	0	19.4736	12.2590	4.5592	0.5548	1.0973
136	631	253	0	0	19.4630	12.2566	4.5507	0.5777	1.0995
137	646	268	0	0	19.4339	12.2000	4.5264	0.5684	1.1054
138	658	280	0	0	19.3960	12.1758	4.4944	0.6075	1.1135
139	670	292	0	0	19.3661	12.1631	4.4710	0.6632	1.1189
140	681	303	0	0	19.3324	12.1391	4.4413	0.6464	1.1266
141	690	312	0	0	19.3077	12.1302	4.4222	0.6825	1.1309
142	709	331	0	0	19.2855	12.1134	4.4030	0.7100	1.1359
143	721	343	0	0	19.2380	12.0934	4.3663	0.7213	1.1444
144	729	351	0	0	19.2093	12.0819	4.3446	0.7871	1.1491
145	740	362	0	0	19.1900	12.0781	4.3306	0.8017	1.1522
146	754	376	0	0	19.1606	12.0707	4.3060	0.7765	1.1583
147	770	392	0	0	19.1247	12.0550	4.2777	0.8002	1.1652
148	789	411	0	0	19.0835	12.0343	4.2449	0.8245	1.1735
149	804	426	0	0	19.0339	12.0114	4.2048	0.8258	1.1833
150	817	439	0	0	18.9955	5.2199	4.1764	0.8298	1.1906
151	839	461	0	0	18.9622	5.2091	4.1496	0.9029	1.1971
152	851	473	0	0	18.9032	5.1912	4.1003	0.8872	1.2095
153	872	494	0	0	18.8746	5.1831	4.0782	0.9635	1.2153
154	895	517	0	0	18.8213	5.1691	4.0339	0.9959	1.2263
155	914	536	0	0	18.7613	5.1559	3.9842	1.0346	1.2394
156	940	562	0	0	18.7135	11.8974	3.9463	1.0918	1.2482
157	958	580	0	0	18.6472	11.8633	3.8953	1.1249	1.2608
158	972	594	0	0	18.5987	11.8316	3.8574	1.1234	1.2710
159	987	609	0	0	18.5641	11.8132	3.8300	1.1942	1.2781
160	1010	632	0	0	18.5261	11.7926	3.8006	1.2471	1.2863
