step	total_cells	tumor_cells	necrotic_cells	immune_cells	mean_O2_mmHg	min_O2_mmHg	mean_glucose_mM	max_VEGF_nM	mean_lactate_mM
0	63476	3	0	0	19.6964	18.8395	2.1146	0.0000	1.2296
1	63471	3	0	0	19.7236	12.2197	4.0378	0.0827	1.2300
2	63464	3	0	0	19.7256	12.2268	3.3879	0.1547	1.2303
3	63460	4	0	0	19.7219	12.2196	3.6463	0.1500	1.2306
4	63454	4	0	0	19.7185	12.2065	3.5279	0.1518	1.2309
5	63448	4	0	0	19.7169	12.2021	3.5685	0.1615	1.2312
6	63441	4	0	0	19.7158	12.1964	3.5448	0.1627	1.2314
7	63434	5	0	0	19.7150	12.1947	3.5492	0.1659	1.2315
8	63429	6	0	0	19.7131	12.1795	3.5425	0.1657	1.2317
9	63418	6	0	0	19.7112	12.1636	3.5409	0.1743	1.2320
10	63412	6	0	0	19.7108	12.1654	3.5385	0.1842	1.2322
11	63407	6	0	0	19.7105	12.1689	3.5367	0.1750	1.2324
12	63401	6	0	0	19.7103	12.1686	3.5351	0.1529	1.2325
13	63395	6	0	0	19.7102	12.1704	3.5337	0.1555	1.2325
14	63392	6	0	0	19.7101	12.1701	3.5326	0.1523	1.2326
15	63382	6	0	0	19.7099	12.1700	3.5313	0.1521	1.2326
16	63375	7	0	0	19.7099	12.1709	3.5303	0.1531	1.2326
17	63370	7	0	0	19.7086	11.8661	3.5289	0.1508	1.2327
18	63361	7	0	0	19.7085	12.1631	3.5282	0.1531	1.2328
19	63349	7	0	0	19.7086	12.1636	3.5275	0.1534	1.2328
20	63343	7	0	0	19.7088	12.1650	3.5272	0.1544	1.2329
21	63337	7	0	0	19.7089	12.1659	3.5267	0.1524	1.2329
22	63333	7	0	0	19.7090	12.1664	3.5262	0.1472	1.2328
23	63324	7	0	0	19.7090	12.1662	3.5256	0.1504	1.2328
24	63320	8	0	0	19.7093	12.1668	3.5255	0.1584	1.2328
25	63317	9	0	0	19.7080	12.1600	3.5244	0.1540	1.2329
26	63312	9	0	0	19.7066	12.1486	3.5236	0.1570	1.2331
27	63302	9	0	0	19.7064	12.1484	3.5233	0.1556	1.2333
28	63298	10	0	0	19.7068	12.1494	3.5233	0.1595	1.2334
29	63292	10	0	0	19.7056	12.1406	3.5224	0.1682	1.2336
30	63287	11	0	0	19.7056	12.1404	3.5224	0.1706	1.2338
31	63281	12	0	0	19.7042	12.1254	3.5213	0.1712	1.2340
32	63278	12	0	0	19.7029	12.1173	3.5208	0.1776	1.2344
33	63268	12	0	0	19.7028	12.1196	3.5209	0.1744	1.2346
34	63262	13	0	0	19.7029	12.1199	3.5205	0.1727	1.2348
35	63255	13	0	0	19.7018	12.1112	3.5201	0.1607	1.2351
36	63249	14	0	0	19.7018	12.1129	3.5201	0.1589	1.2353
37	63244	14	0	0	19.7006	12.1075	3.5194	0.1720	1.2356
38	63240	14	0	0	19.7006	12.1076	3.5195	0.1773	1.2358
39	63237	15	0	0	19.7007	12.1076	3.5192	0.1734	1.2360
40	63227	17	0	0	19.6994	12.0996	3.5186	0.1687	1.2362
41	63223	19	0	0	19.6968	12.0816	3.5176	0.1853	1.2367
42	63220	20	0	0	19.6940	12.0674	3.5167	0.1898	1.2373
43	63213	21	0	0	19.6925	12.0558	3.5165	0.1869	1.2380
44	63206	23	0	0	19.6912	12.0483	3.5159	0.1880	1.2386
45	63203	23	0	0	19.6886	12.0308	3.5148	0.1902	1.2394
46	63202	23	0	0	19.6884	12.0304	3.5149	0.2047	1.2400
47	63195	24	0	0	19.6883	12.0301	3.5145	0.1954	1.2405
48	63191	26	0	0	19.6872	12.0237	3.5141	0.1894	1.2409
49	63183	26	0	0	19.6845	12.0048	3.5130	0.1862	1.2416
50	63179	27	0	0	19.6845	12.0057	3.5136	0.1854	1.2421
51	63174	27	0	0	19.6833	12.0013	3.5125	0.1806	1.2426
52	63173	27	0	0	19.6834	12.0036	3.5128	0.1878	1.2429
53	63166	29	0	0	19.6835	12.0070	3.5128	0.1851	1.2432
54	63161	31	0	0	19.6811	11.6944	3.5117	0.1902	1.2437
55	63158	34	0	0	19.6784	11.6798	3.5109	0.1895	1.2443
56	63160	38	0	0	19.6742	11.6507	3.5094	0.1956	1.2452
57	63153	38	0	0	19.6684	11.6197	3.5075	0.1989	1.2465
58	63151	39	0	0	19.6680	11.6216	3.5079	0.2200	1.2476
59	63150	42	0	0	19.6668	11.6148	3.5074	0.2168	1.2485
60	63145	43	0	0	19.6627	11.5937	3.5060	0.1970	1.2496
61	63143	46	0	0	19.6612	11.5891	3.5058	0.1995	1.2506
62	63145	51	0	0	19.6571	11.5576	3.5041	0.1950	1.2518
63	63143	55	0	0	19.6500	11.5200	3.5019	0.2004	1.2534
64	63144	59	0	0	19.6440	11.4916	3.5001	0.2025	1.2553
65	63143	62	0	0	19.6380	11.4590	3.4985	0.2304	1.2573
66	63142	66	0	0	19.6334	11.4351	3.4975	0.2384	1.2593
67	63134	67	0	0	19.6277	11.4065	3.4956	0.2422	1.2614
68	63131	69	0	0	19.6260	11.3971	3.4959	0.2518	1.2632
69	63129	73	0	0	19.6233	11.4015	3.4944	0.2664	1.2648
70	63120	75	0	0	19.6176	11.3705	3.4928	0.2635	1.2666
71	63114	76	0	0	19.6147	11.3601	3.4925	0.2522	1.2683
72	63114	83	0	0	19.6133	11.3517	3.4922	0.2659	1.2697
73	63112	88	0	0	19.6039	11.3016	3.4886	0.2763	1.2718
74	63111	93	0	0	19.5963	11.2554	3.4874	0.2916	1.2740
75	63114	99	0	0	19.5888	11.2069	3.4849	0.2877	1.2766
76	63108	102	0	0	19.5799	11.1657	3.4824	0.3044	1.2794
77	63105	105	0	0	19.5753	11.1466	3.4818	0.3259	1.2820
78	63100	106	0	0	19.5709	11.1252	3.4803	0.3335	1.2845
79	63095	112	0	0	19.5694	11.1144	3.4803	0.3647	1.2865
80	63088	115	0	0	19.5614	11.0599	3.4778	0.3776	1.2889
81	63089	119	0	0	19.5568	11.0436	3.4771	0.3783	1.2911
82	63084	124	0	0	19.5510	10.9833	3.4757	0.3925	1.2934
83	63087	132	0	0	19.5441	10.9500	3.4741	0.4010	1.2959
84	63087	141	0	0	19.5325	10.8827	3.4707	0.4120	1.2989
85	63089	148	0	0	19.5193	10.8722	3.4678	0.4326	1.3025
86	63087	154	0	0	19.5088	10.8190	3.4653	0.4574	1.3064
87	63094	164	0	0	19.4997	10.7776	3.4633	0.5033	1.3103
88	63096	175	0	0	19.4854	10.7056	3.4593	0.5309	1.3147
89	63098	186	0	0	19.4692	10.6308	3.4555	0.5445	1.3196
90	63097	193	0	0	19.4530	10.5571	3.4516	0.5565	1.3251
91	63099	203	0	0	19.4420	10.4964	3.4504	0.5732	1.3303
92	63105	217	0	0	19.4273	10.4236	3.4467	0.5924	1.3358
93	63100	222	0	0	19.4070	10.3336	3.4424	0.5866	1.3420
94	63108	236	0	0	19.3985	10.3000	3.4413	0.6123	1.3476
95	63111	247	0	0	19.3792	10.2035	3.4359	0.6206	1.3538
96	63113	256	0	0	19.3632	10.0508	3.4329	0.6473	1.3602
97	63121	269	0	0	19.3495	9.9840	3.4303	0.6571	1.3664
98	63130	284	0	0	19.3307	9.8926	3.4260	0.6931	1.3730
99	63141	302	0	0	19.3085	9.7852	3.4218	0.7019	1.3802
100	63149	318	0	0	19.2820	9.6509	3.4169	0.7207	1.3884
101	63157	332	0	0	19.2582	9.5418	3.4127	0.7534	1.3970
102	63166	347	0	0	19.2371	9.4327	3.4093	0.7807	1.4058
103	63176	363	0	0	19.2149	9.3381	3.4046	0.8046	1.4146
104	63188	381	0	0	19.1910	9.2249	3.4007	0.8233	1.4237
105	63199	399	0	0	19.1643	9.0962	3.3962	0.8393	1.4333
106	63201	413	0	0	19.1375	8.9618	3.3917	0.8606	1.4433
107	63214	435	0	0	19.1168	8.8704	3.3890	0.9001	1.4531
108	63231	456	0	0	19.0858	8.7017	3.3826	0.9512	1.4636
109	63247	477	0	0	19.0544	8.5380	3.3788	1.0045	1.4747
110	63263	500	0	0	19.0232	8.3744	3.3733	1.0683	1.4863
111	63286	528	0	0	18.9890	8.2067	3.3695	1.0985	1.4985
112	63303	550	0	0	18.9474	8.0165	3.3633	1.1570	1.5119
113	63320	576	0	0	18.9140	7.8426	3.3590	1.1718	1.5256
114	63339	603	0	0	18.8762	7.6673	3.3528	1.2132	1.5398
115	63355	624	0	0	18.8366	7.4852	3.3479	1.2505	1.5546
116	63371	650	0	0	18.8048	7.3521	3.3438	1.2889	1.5690
117	63389	675	0	0	18.7675	7.2001	3.3378	1.2971	1.5838
118	63425	715	0	0	18.7306	6.9960	3.3337	1.3376	1.5986
119	63454	750	0	0	18.6734	6.7284	3.3261	1.3349	1.6156
120	63476	778	0	0	18.6215	6.4881	3.3205	1.3730	1.6338
121	63508	819	0	0	18.5792	6.2940	3.3156	1.4206	1.6519
122	63528	846	0	0	18.5203	5.9764	3.3093	1.4662	1.6716
123	63570	892	0	0	18.4783	5.7726	3.3063	1.5129	1.6907
124	63600	928	0	0	18.4136	5.4669	3.2975	1.5751	1.7118
125	63630	965	0	0	18.3594	5.1856	3.2933	1.6249	1.7333
126	63651	995	0	0	18.3049	4.8956	3.2885	1.6878	1.7551
127	63687	1039	0	0	18.2604	4.6827	3.2844	1.7418	1.7762
128	63717	1075	0	0	18.1977	4.3854	3.2776	1.7915	1.7985
129	63750	1119	0	0	18.1441	4.1249	3.2737	1.8882	1.8208
130	63786	1162	0	0	18.0802	3.8234	3.2685	1.9455	1.8441
131	63827	1209	0	0	18.0178	3.5574	3.2613	2.0159	1.8681
132	63863	1250	0	0	17.9518	3.2831	3.2533	2.0623	1.8932
133	63908	1302	0	0	17.8912	3.0173	3.2489	2.1125	1.9181
134	63942	1341	0	0	17.8169	2.6655	3.2416	2.1392	1.9446
135	63985	1388	0	0	17.7583	2.4006	3.2378	2.1821	1.9705
136	64030	1444	0	0	17.6902	2.0970	3.2321	2.2340	1.9970
137	64082	1503	0	0	17.6106	1.7507	3.2241	2.2872	2.0253
138	64122	1549	0	0	17.5249	1.3967	3.2169	2.3272	2.0553
139	64176	1611	0	0	17.4572	0.0000	3.2117	2.3886	2.0851
140	64209	1650	0	0	17.3714	0.0000	3.2024	2.4283	2.1165
141	64250	1695	1	0	17.3138	0.0000	3.1988	2.4702	2.1460
142	64284	1731	5	0	17.2500	0.0000	3.1925	2.4725	2.1749
143	64320	1768	9	0	17.1984	0.0000	3.1877	2.4955	2.2020
144	64351	1800	13	0	17.1481	0.0000	3.1818	2.5118	2.2276
145	64383	1835	19	0	17.1058	0.0000	3.1764	2.4988	2.2513
146	64413	1861	27	0	17.0601	0.0000	3.1716	2.5096	2.2738
147	64451	1896	40	0	17.0261	0.0000	3.1662	2.4765	2.2944
148	64492	1938	48	0	16.9815	0.0000	3.1603	2.4620	2.3145
149	64539	1975	64	0	16.9297	0.0000	3.1529	2.4571	2.3354
150	64568	2003	75	0	16.8845	0.0000	3.1459	2.4288	2.3561
151	64593	2032	88	0	16.8515	0.0000	3.1393	2.3982	2.3754
152	64638	2074	96	0	16.8171	0.0000	3.1350	2.3915	2.3937
153	64671	2115	102	0	16.7683	0.0000	3.1266	2.3765	2.4130
154	64706	2154	110	0	16.7221	0.0000	3.1205	2.3656	2.4330
155	64745	2199	114	0	16.6762	0.0000	3.1138	2.3588	2.4534
156	64778	2231	120	0	16.6262	0.0000	3.1075	2.3659	2.4749
157	64818	2272	125	0	16.5914	0.0000	3.1017	2.3602	2.4955
158	64849	2305	132	0	16.5473	0.0000	3.0940	2.3432	2.5165
159	64889	2344	136	0	16.5120	0.0000	3.0881	2.3418	2.5368
160	64924	2383	140	0	16.4722	0.0000	3.0793	2.3256	2.5570
161	64963	2422	148	0	16.4327	0.0000	3.0716	2.3295	2.5772
162	64996	2451	159	0	16.3939	0.0000	3.0649	2.3290	2.5973
163	65030	2484	169	0	16.3642	0.0000	3.0574	2.3293	2.6160
164	65070	2523	174	0	16.3307	0.0000	3.0499	2.3110	2.6340
165	65114	2566	181	0	16.2911	0.0000	3.0426	2.3082	2.6524
166	65157	2614	184	0	16.2494	0.0000	3.0347	2.3053	2.6715
167	65204	2659	189	0	16.2022	0.0000	3.0269	2.3008	2.6920
168	65239	2703	186	0	16.1590	0.0000	3.0191	2.2964	2.7132
169	65274	2746	184	0	16.1176	0.0000	3.0124	2.2976	2.7347
170	65324	2795	189	0	16.0781	0.0000	3.0048	2.2872	2.7563
171	65375	2850	189	0	16.0330	0.0000	2.9936	2.2868	2.7785
172	65415	2886	200	0	15.9845	0.0000	2.9839	2.2756	2.8015
173	65448	2926	208	0	15.9517	0.0000	2.9779	2.2836	2.8230
174	65491	2972	215	0	15.9162	0.0000	2.9690	2.2749	2.8437
175	65534	3011	224	0	15.8756	0.0000	2.9607	2.2779	2.8646
176	65589	3063	231	0	15.8418	0.0000	2.9533	2.2556	2.8846
177	65650	3123	238	0	15.7982	0.0000	2.9423	2.2514	2.9051
178	65714	3187	244	0	15.7448	0.0000	2.9317	2.2424	2.9276
179	65756	3230	250	0	15.6913	0.0000	2.9195	2.2274	2.9517
180	65807	3282	257	0	15.6549	0.0000	2.9129	2.2164	2.9744
181	65877	3359	257	0	15.6099	0.0000	2.9019	2.2126	2.9972
182	65922	3412	257	0	15.5437	0.0000	2.8877	2.2079	3.0232
183	65983	3469	264	0	15.4975	0.0000	2.8800	2.1963	3.0489
184	66033	3519	276	0	15.4483	0.0000	2.8702	2.1864	3.0746
185	66080	3567	282	0	15.4070	0.0000	2.8631	2.1779	3.0994
186	66123	3613	284	0	15.3670	0.0000	2.8548	2.1740	3.1232
187	66181	3671	292	0	15.3301	0.0000	2.8460	2.1606	3.1460
188	66249	3745	295	0	15.2839	0.0000	2.8377	2.1507	3.1693
189	66322	3816	306	0	15.2266	0.0000	2.8246	2.1540	3.1950
190	66385	3890	305	0	15.1686	0.0000	2.8120	2.1349	3.2221
191	66454	3962	311	0	15.1136	0.0000	2.8001	2.1444	3.2502
192	66517	4037	308	0	15.0620	0.0000	2.7869	2.1227	3.2780
193	66589	4111	314	0	15.0083	0.0000	2.7763	2.1117	3.3062
194	66646	4167	324	0	14.9518	0.0000	2.7642	2.1128	3.3350
195	66721	4239	339	0	14.9133	0.0000	2.7558	2.1079	3.3616
196	66785	4305	347	0	14.8617	0.0000	2.7419	2.1001	3.3883
197	66838	4365	351	0	14.8189	0.0000	2.7321	2.0850	3.4136
198	66905	4433	359	0	14.7778	0.0000	2.7220	2.0849	3.4378
199	66985	4506	371	0	14.7304	0.0000	2.7121	2.0803	3.4624
200	67070	4589	381	0	14.6792	0.0000	2.6980	2.0708	3.4876
201	67157	4679	393	0	14.6213	0.0000	2.6853	2.0560	3.5142
202	67238	4763	400	0	14.5626	0.0000	2.6713	2.0469	3.5421
203	67339	4862	406	0	14.5081	0.0000	2.6602	2.0201	3.5703
204	67432	4949	419	0	14.4460	0.0000	2.6461	2.0095	3.6002
205	67538	5058	428	0	14.3890	0.0000	2.6329	1.9781	3.6300
206	67651	5165	441	0	14.3180	0.0000	2.6160	1.9671	3.6623
207	67736	5254	446	0	14.2482	0.0000	2.6008	1.9432	3.6957
208	67825	5335	459	0	14.1894	0.0000	2.5886	1.9343	3.7283
209	67917	5418	475	0	14.1393	0.0000	2.5764	1.9102	3.7592
210	68001	5506	485	0	14.0855	0.0000	2.5649	1.8878	3.7892
211	68097	5601	501	0	14.0317	0.0000	2.5532	1.8833	3.8190
212	68196	5693	515	0	13.9736	0.0000	2.5395	1.8701	3.8488
213	68297	5796	531	0	13.9195	0.0000	2.5263	1.8372	3.8780
214	68410	5905	544	0	13.8618	0.0000	2.5121	1.8291	3.9080
215	68535	6020	563	0	13.7994	0.0000	2.4987	1.8151	3.9385
216	68631	6102	582	0	13.7375	0.0000	2.4833	1.8094	3.9699
217	68730	6190	603	0	13.6891	0.0000	2.4723	1.7960	3.9987
218	68847	6303	617	0	13.6416	0.0000	2.4608	1.7882	4.0259
219	68943	6395	633	0	13.5856	0.0000	2.4450	1.7735	4.0536
220	69065	6519	639	0	13.5395	0.0000	2.4339	1.7633	4.0795
221	69213	6661	651	0	13.4811	0.0000	2.4184	1.7612	4.1069
222	69354	6799	658	0	13.4096	0.0000	2.3999	1.7537	4.1377
223	69482	6922	671	0	13.3429	0.0000	2.3845	1.7619	4.1697
224	69609	7042	685	0	13.2803	0.0000	2.3693	1.7597	4.2019
225	69752	7180	697	0	13.2218	0.0000	2.3562	1.7527	4.2334
226	69894	7328	701	0	13.1574	0.0000	2.3416	1.7452	4.2660
227	70055	7484	716	0	13.0869	0.0000	2.3266	1.7415	4.3008
228	70214	7620	746	0	13.0142	0.0000	2.3089	1.7272	4.3375
229	70359	7756	768	0	12.9534	0.0000	2.2937	1.7108	4.3723
230	70540	7928	784	0	12.8923	0.0000	2.2797	1.6918	4.4059
231	70736	8116	796	0	12.8120	0.0000	2.2604	1.6829	4.4431
232	70937	8303	817	0	12.7256	0.0000	2.2417	1.6729	4.4834
233	71119	8461	847	0	12.6530	0.0000	2.2234	1.6585	4.5232
234	71331	8657	873	0	12.5932	0.0000	2.2073	1.6293	4.5596
235	71520	8844	884	0	12.5175	0.0000	2.1891	1.6190	4.5974
236	71720	9024	910	0	12.4443	0.0000	2.1722	1.5908	4.6358
237	71899	9186	937	0	12.3803	0.0000	2.1555	1.6164	4.6727
238	72075	9354	954	0	12.3175	0.0000	2.1396	1.6351	4.7073
239	72272	9545	970	0	12.2490	0.0000	2.1252	1.6650	4.7419
240	72484	9731	1003	0	12.1836	0.0000	2.1089	1.7300	4.7769
241	72699	9939	1021	0	12.1234	0.0000	2.0914	1.8072	4.8100
242	72941	10166	1043	0	12.0464	0.0000	2.0737	1.8578	4.8451
243	73173	10382	1066	0	11.9685	0.0000	2.0553	1.9302	4.8821
244	73407	10606	1089	0	11.8929	0.0000	2.0383	1.9970	4.9194
245	73651	10827	1116	0	11.8202	0.0000	2.0214	2.0672	4.9572
246	73887	11052	1138	0	11.7510	0.0000	2.0048	2.1388	4.9940
247	74119	11266	1168	0	11.6757	0.0000	1.9876	2.1886	5.0323
248	74363	11488	1201	0	11.6070	0.0000	1.9701	2.2464	5.0690
249	74625	11733	1227	0	11.5393	0.0000	1.9547	2.3191	5.1048
250	74871	11959	1258	0	11.4703	0.0000	1.9381	2.3727	5.1407
251	75132	12206	1282	0	11.4065	0.0000	1.9222	2.4534	5.1751
252	75422	12479	1309	0	11.3376	0.0000	1.9052	2.4951	5.2102
253	75709	12751	1334	0	11.2652	0.0000	1.8863	2.5659	5.2461
254	76008	13050	1346	0	11.1884	0.0000	1.8693	2.6287	5.2835
255	76314	13334	1386	0	11.1020	0.0000	1.8501	2.7083	5.3240
256	76642	13662	1398	0	11.0329	0.0000	1.8339	2.7685	5.3632
257	76982	13981	1427	0	10.9437	0.0000	1.8138	2.8336	5.4063
258	77311	14293	1451	0	10.8625	0.0000	1.7942	2.8818	5.4496
259	77643	14603	1485	0	10.7871	0.0000	1.7769	2.9390	5.4917
260	77981	14911	1523	0	10.7117	0.0000	1.7573	3.0062	5.5330
261	78323	15231	1553	0	10.6351	0.0000	1.7391	3.0693	5.5734
262	78672	15549	1597	0	10.5658	0.0000	1.7207	3.1302	5.6122
263	79014	15860	1641	0	10.4949	0.0000	1.7033	3.1857	5.6501
264	79357	16178	1676	0	10.4269	0.0000	1.6851	3.2609	5.6865
265	79759	16558	1705	0	10.3564	0.0000	1.6687	3.3225	5.7228
266	80153	16926	1740	0	10.2744	0.0000	1.6494	3.3964	5.7627
267	80533	17271	1787	0	10.1986	0.0000	1.6294	3.4742	5.8027
268	80922	17626	1833	0	10.1272	0.0000	1.6125	3.5253	5.8413
269	81287	17957	1874	0	10.0587	0.0000	1.5945	3.6001	5.8782
270	81701	18349	1907	0	9.9992	0.0000	1.5783	3.6429	5.9122
271	82092	18697	1968	0	9.9240	0.0000	1.5606	3.7295	5.9483
272	82494	19065	2016	0	9.8579	0.0000	1.5431	3.7608	5.9820
273	82928	19471	2061	0	9.7839	0.0000	1.5271	3.8194	6.0166
274	83335	19859	2094	0	9.7008	0.0000	1.5086	3.8862	6.0548
275	83807	20317	2120	0	9.6276	0.0000	1.4913	3.9489	6.0924
276	84267	20740	2166	0	9.5399	0.0000	1.4715	3.9972	6.1344
277	84708	21144	2213	0	9.4679	0.0000	1.4540	4.0451	6.1741
278	85211	21620	2250	0	9.3908	0.0000	1.4359	4.1097	6.2137
279	85651	22019	2302	0	9.3040	0.0000	1.4160	4.1557	6.2563
280	86136	22480	2344	0	9.2420	0.0000	1.4006	4.2163	6.2936
281	86593	22882	2417	0	9.1687	0.0000	1.3829	4.2368	6.3316
282	87104	23354	2467	0	9.1117	0.0000	1.3686	4.2699	6.3641
283	87624	23855	2495	0	9.0367	0.0000	1.3507	4.3117	6.3990
284	88100	24307	2544	0	8.9528	0.0000	1.3317	4.3525	6.4379
285	88590	24777	2573	0	8.8819	0.0000	1.3161	4.3812	6.4758
286	89106	25262	2613	0	8.8061	0.0000	1.2987	4.4203	6.5153
287	89626	25749	2656	0	8.7316	0.0000	1.2818	4.4424	6.5556
288	90154	26234	2715	0	8.6522	0.0000	1.2644	4.4677	6.5973
289	90667	26693	2785	0	8.5791	0.0000	1.2487	4.4645	6.6378
290	91173	27172	2827	0	8.5166	0.0000	1.2340	4.4946	6.6743
291	91661	27622	2880	0	8.4464	0.0000	1.2185	4.5349	6.7108
292	92172	28065	2955	0	8.3848	0.0000	1.2046	4.5421	6.7445
293	92683	28532	3011	0	8.3308	0.0000	1.1922	4.5532	6.7740
294	93192	28991	3076	0	8.2704	0.0000	1.1785	4.5776	6.8033
295	93706	29480	3118	0	8.2109	0.0000	1.1648	4.6241	6.8315
296	94219	29981	3155	0	8.1404	0.0000	1.1509	4.6530	6.8634
297	94709	30428	3205	0	8.0703	0.0000	1.1367	4.6756	6.8980
298	95259	30940	3257	0	8.0152	0.0000	1.1239	4.7268	6.9296
299	95765	31431	3289	0	7.9476	0.0000	1.1101	4.7345	6.9631
300	96255	31888	3343	0	7.8822	0.0000	1.0969	4.7610	6.9969
