step	total_cells	tumor_cells	necrotic_cells	immune_cells	mean_O2_mmHg	min_O2_mmHg	mean_glucose_mM	max_VEGF_nM	mean_lactate_mM
0	63390	3	0	0	19.6944	18.9798	2.1173	0.0000	1.2308
1	63383	3	0	0	19.7222	12.2073	4.0427	0.0827	1.2312
2	63376	3	0	0	19.7243	12.2129	3.3858	0.1527	1.2315
3	63367	3	0	0	19.7207	12.2061	3.6489	0.1543	1.2318
4	63361	3	0	0	19.7188	12.2022	3.5287	0.1554	1.2320
5	63357	3	0	0	19.7175	12.1992	3.5707	0.1560	1.2321
6	63348	3	0	0	19.7164	12.1967	3.5466	0.1588	1.2322
7	63344	3	0	0	19.7156	12.1950	3.5513	0.1559	1.2322
8	63335	3	0	0	19.7150	12.1931	3.5447	0.1594	1.2322
9	63328	3	0	0	19.7145	12.1920	3.5439	0.1559	1.2322
10	63319	3	0	0	19.7141	12.1913	3.5411	0.1556	1.2322
11	63312	3	0	0	19.7139	12.1881	3.5394	0.1627	1.2322
12	63306	3	0	0	19.7137	12.1876	3.5378	0.1602	1.2322
13	63297	3	0	0	19.7135	12.1874	3.5364	0.1583	1.2321
14	63294	3	0	0	19.7134	12.1869	3.5352	0.1550	1.2321
15	63292	3	0	0	19.7133	12.1883	3.5340	0.1577	1.2320
16	63286	4	0	0	19.7131	12.1877	3.5328	0.1602	1.2320
17	63282	4	0	0	19.7116	12.1733	3.5314	0.1568	1.2321
18	63272	4	0	0	19.7114	12.1728	3.5307	0.1691	1.2322
19	63262	4	0	0	19.7115	12.1728	3.5298	0.1729	1.2322
20	63252	4	0	0	19.7117	12.1745	3.5295	0.1681	1.2323
21	63247	4	0	0	19.7118	12.1745	3.5288	0.1693	1.2322
22	63244	4	0	0	19.7118	12.1749	3.5284	0.1707	1.2322
23	63242	4	0	0	19.7118	12.1746	3.5278	0.1753	1.2322
24	63240	5	0	0	19.7118	12.1746	3.5272	0.1687	1.2322
25	63235	7	0	0	19.7105	12.1672	3.5263	0.1689	1.2323
26	63232	7	0	0	19.7078	12.1448	3.5250	0.1741	1.2327
27	63229	7	0	0	19.7076	12.1451	3.5249	0.1875	1.2330
28	63219	7	0	0	19.7076	12.1471	3.5243	0.1853	1.2332
29	63209	7	0	0	19.7079	12.1483	3.5244	0.1857	1.2334
30	63200	7	0	0	19.7082	12.1475	3.5243	0.1855	1.2334
31	63195	7	0	0	19.7084	12.1481	3.5242	0.1828	1.2335
32	63189	7	0	0	19.7087	12.1490	3.5242	0.1905	1.2335
33	63184	8	0	0	19.7088	12.1506	3.5240	0.1874	1.2335
34	63173	8	0	0	19.7076	12.1396	3.5232	0.1843	1.2337
35	63168	8	0	0	19.7077	12.1399	3.5234	0.1965	1.2338
36	63165	8	0	0	19.7079	12.1451	3.5230	0.1775	1.2338
37	63157	8	0	0	19.7080	12.1459	3.5230	0.1727	1.2339
38	63151	8	0	0	19.7083	12.1461	3.5231	0.1627	1.2339
39	63151	8	0	0	19.7085	12.1461	3.5230	0.1729	1.2339
40	63145	8	0	0	19.7086	12.1460	3.5228	0.1754	1.2339
41	63136	8	0	0	19.7088	12.1469	3.5228	0.1714	1.2338
42	63132	11	0	0	19.7091	12.1487	3.5228	0.1713	1.2338
43	63125	12	0	0	19.7052	12.1270	3.5210	0.1750	1.2342
44	63118	13	0	0	19.7037	12.0649	3.5210	0.1876	1.2346
45	63111	13	0	0	19.7024	12.1134	3.5202	0.1761	1.2351
46	63101	13	0	0	19.7025	12.1106	3.5204	0.1907	1.2355
47	63094	13	0	0	19.7028	12.1165	3.5207	0.1839	1.2358
48	63087	14	0	0	19.7030	12.1170	3.5204	0.1795	1.2360
49	63081	14	0	0	19.7020	12.1139	3.5202	0.1735	1.2362
50	63072	14	0	0	19.7021	12.1147	3.5202	0.1720	1.2364
51	63068	15	0	0	19.7025	12.1152	3.5206	0.1774	1.2365
52	63064	16	0	0	19.7013	12.1069	3.5198	0.1799	1.2367
53	63056	16	0	0	19.6999	12.1018	3.5193	0.1786	1.2370
54	63047	16	0	0	19.7000	12.1021	3.5197	0.1832	1.2373
55	63040	17	0	0	19.7004	12.1030	3.5195	0.1781	1.2374
56	63033	17	0	0	19.6993	12.0966	3.5193	0.1751	1.2377
57	63027	18	0	0	19.6994	12.0984	3.5195	0.1818	1.2379
58	63018	18	0	0	19.6983	12.0921	3.5190	0.1823	1.2381
59	63010	18	0	0	19.6984	12.0929	3.5192	0.1829	1.2383
60	63008	18	0	0	19.6986	12.0937	3.5191	0.1804	1.2385
61	63006	19	0	0	19.6987	12.0962	3.5192	0.1760	1.2386
62	63005	20	0	0	19.6974	12.0903	3.5185	0.1778	1.2388
63	62999	22	0	0	19.6961	12.0890	3.5180	0.1830	1.2391
64	62995	24	0	0	19.6935	12.0743	3.5171	0.1837	1.2396
65	62993	25	0	0	19.6906	12.0585	3.5161	0.1873	1.2403
66	62989	26	0	0	19.6891	12.0439	3.5159	0.2102	1.2409
67	62983	27	0	0	19.6878	11.9282	3.5155	0.2137	1.2416
68	62979	28	0	0	19.6867	11.9236	3.5152	0.2169	1.2422
69	62968	28	0	0	19.6854	11.9169	3.5146	0.2016	1.2429
70	62959	28	0	0	19.6856	12.0262	3.5151	0.2005	1.2433
71	62955	28	0	0	19.6858	12.0271	3.5150	0.2031	1.2436
72	62952	30	0	0	19.6860	12.0287	3.5150	0.1952	1.2439
73	62947	30	0	0	19.6834	12.0199	3.5139	0.1946	1.2443
74	62947	32	0	0	19.6833	12.0203	3.5142	0.1946	1.2447
75	62944	32	0	0	19.6807	11.8211	3.5129	0.1962	1.2452
76	62940	33	0	0	19.6806	12.0066	3.5133	0.2021	1.2456
77	62940	37	0	0	19.6794	11.9983	3.5127	0.1975	1.2461
78	62932	39	0	0	19.6740	11.9724	3.5108	0.2039	1.2470
79	62929	40	0	0	19.6709	11.9562	3.5104	0.2051	1.2480
80	62930	47	0	0	19.6694	11.9427	3.5096	0.2115	1.2489
81	62930	50	0	0	19.6601	11.8941	3.5060	0.2125	1.2506
82	62927	53	0	0	19.6552	11.8687	3.5055	0.2297	1.2523
83	62924	56	0	0	19.6509	11.8520	3.5037	0.2340	1.2542
84	62918	59	0	0	19.6465	11.8321	3.5026	0.2297	1.2560
85	62916	61	0	0	19.6422	11.5453	3.5013	0.2386	1.2578
86	62914	62	0	0	19.6391	11.7996	3.5006	0.2399	1.2595
87	62910	66	0	0	19.6375	11.7929	3.5001	0.2386	1.2610
88	62909	69	0	0	19.6325	11.7797	3.4982	0.2427	1.2626
89	62905	71	0	0	19.6281	11.7576	3.4971	0.2436	1.2643
90	62900	77	0	0	19.6252	11.7433	3.4963	0.2547	1.2658
91	62897	79	0	0	19.6170	11.4560	3.4936	0.2650	1.2679
92	62897	83	0	0	19.6135	11.3865	3.4931	0.2583	1.2697
93	62896	88	0	0	19.6080	11.6613	3.4909	0.2652	1.2717
94	62896	92	0	0	19.6010	11.6417	3.4891	0.2715	1.2740
95	62896	97	0	0	19.5950	11.3638	3.4872	0.2730	1.2763
96	62891	98	0	0	19.5880	11.3317	3.4851	0.2689	1.2788
97	62887	100	0	0	19.5862	11.5823	3.4854	0.2777	1.2809
98	62887	106	0	0	19.5835	11.5715	3.4842	0.2798	1.2827
99	62883	111	0	0	19.5755	11.5387	3.4819	0.2905	1.2849
100	62882	115	0	0	19.5683	11.5045	3.4799	0.2898	1.2873
101	62878	118	0	0	19.5623	11.3678	3.4783	0.3040	1.2898
102	62881	125	0	0	19.5581	11.3526	3.4773	0.3096	1.2921
103	62878	129	0	0	19.5486	11.3626	3.4742	0.3040	1.2948
104	62878	137	0	0	19.5427	11.3507	3.4730	0.3102	1.2975
105	62880	141	0	0	19.5316	11.3170	3.4697	0.3122	1.3006
106	62877	145	0	0	19.5254	4.3290	3.4690	0.3191	1.3037
107	62870	149	0	0	19.5199	4.3099	3.4671	0.4008	1.3065
108	62872	156	0	0	19.5144	4.2938	3.4661	0.4010	1.3093
109	62871	163	0	0	19.5048	10.9580	3.4624	0.3283	1.3123
110	62878	173	0	0	19.4947	10.9156	3.4603	0.3370	1.3156
111	62875	180	0	0	19.4804	11.1404	3.4560	0.3474	1.3196
112	62866	183	0	0	19.4700	11.0973	3.4542	0.3613	1.3237
113	62862	192	0	0	19.4654	10.8939	3.4534	0.3792	1.3273
114	62863	201	0	0	19.4533	10.8553	3.4498	0.3779	1.3312
115	62866	210	0	0	19.4407	10.8109	3.4469	0.3938	1.3356
116	62866	219	0	0	19.4276	10.7579	3.4437	0.4032	1.3401
117	62868	230	0	0	19.4146	10.7898	3.4410	0.4145	1.3450
118	62872	240	0	0	19.3989	10.7259	3.4372	0.4272	1.3502
119	62867	248	0	0	19.3843	10.6744	3.4338	0.4624	1.3557
120	62871	259	0	0	19.3725	10.6329	3.4317	0.4922	1.3611
121	62879	270	0	0	19.3571	10.5740	3.4273	0.4886	1.3667
122	62886	284	0	0	19.3413	10.3794	3.4242	0.5055	1.3726
123	62900	303	0	0	19.3209	10.2843	3.4196	0.5182	1.3791
124	62912	320	0	0	19.2936	10.2669	3.4139	0.5596	1.3868
125	62919	333	0	0	19.2685	10.1828	3.4089	0.5826	1.3952
126	62927	350	0	0	19.2490	9.8775	3.4055	0.5866	1.4037
127	62933	370	0	0	19.2251	9.7678	3.3998	0.6001	1.4125
128	62931	381	0	0	19.1966	9.6377	3.3947	0.5857	1.4221
129	62942	396	0	0	19.1799	9.5690	3.3922	0.6019	1.4311
130	62953	417	0	0	19.1588	9.4831	3.3873	0.6093	1.4401
131	62962	434	0	0	19.1297	9.3675	3.3819	0.6237	1.4499
132	62970	453	0	0	19.1048	9.2642	3.3779	0.6496	1.4598
133	62979	471	0	0	19.0777	9.1598	3.3726	0.6668	1.4701
134	62999	495	0	0	19.0517	9.0575	3.3677	0.6863	1.4806
135	63018	521	0	0	19.0182	8.9166	3.3608	0.7160	1.4919
136	63033	540	0	0	18.9804	8.7801	3.3551	0.7419	1.5043
137	63046	564	0	0	18.9518	8.6566	3.3513	0.7884	1.5166
138	63074	597	0	0	18.9185	8.5276	3.3453	0.8247	1.5294
139	63091	624	0	0	18.8714	8.3324	3.3380	0.8567	1.5438
140	63107	649	0	0	18.8313	8.1690	3.3329	0.8895	1.5588
141	63128	674	0	0	18.7950	8.0077	3.3273	0.9108	1.5739
142	63156	706	0	0	18.7584	7.8379	3.3224	0.8926	1.5891
143	63172	734	0	0	18.7133	7.6450	3.3157	0.9186	1.6052
144	63195	764	0	0	18.6734	7.5031	3.3098	0.9512	1.6215
145	63222	797	0	0	18.6309	7.3311	3.3043	0.9748	1.6382
146	63249	832	0	0	18.5848	7.1427	3.2967	0.9901	1.6556
147	63271	864	0	0	18.5345	6.9453	3.2912	1.0029	1.6737
148	63283	887	0	0	18.4868	0.7540	3.2864	1.0296	1.6922
149	63308	914	0	0	18.4525	0.6519	3.2826	1.0740	1.7098
150	63331	943	0	0	18.4142	0.5180	3.2772	1.1094	1.7270
151	63355	968	0	0	18.3728	0.3837	3.2720	1.1243	1.7442
152	63389	1010	0	0	18.3365	0.2645	3.2677	1.1409	1.7609
153	63410	1039	0	0	18.2803	0.1035	3.2585	1.1803	1.7793
154	63437	1072	0	0	18.2375	0.0000	3.2551	1.2034	1.7976
155	63470	1111	0	0	18.1907	0.0000	3.2492	1.2578	1.8162
156	63501	1151	0	0	18.1369	0.0000	3.2417	1.2802	1.8357
157	63530	1187	0	0	18.0802	5.1618	3.2356	1.3110	1.8563
158	63563	1226	0	0	18.0298	4.9738	3.2292	1.3354	1.8771
159	63601	1268	0	0	17.9771	4.8346	3.2216	1.3559	1.8984
160	63632	1309	0	0	17.9187	4.6119	3.2155	1.3720	1.9203
161	63669	1349	0	0	17.8612	4.4293	3.2093	1.3988	1.9428
162	63686	1374	0	0	17.8050	4.2474	3.2023	1.4558	1.9655
163	63727	1416	0	0	17.7687	4.1250	3.1988	1.4762	1.9864
164	63744	1444	0	0	17.7140	3.9422	3.1899	1.4892	2.0079
165	63773	1476	0	0	17.6747	3.7982	3.1866	1.4943	2.0281
166	63805	1519	0	0	17.6314	3.6405	3.1811	1.5056	2.0477
167	63842	1563	0	0	17.5741	3.4403	3.1746	1.5222	2.0683
168	63869	1600	0	0	17.5141	3.2583	3.1674	1.5500	2.0901
169	63915	1651	0	0	17.4638	3.1031	3.1610	1.5891	2.1117
170	63942	1683	0	0	17.3962	2.8935	3.1527	1.6037	2.1350
171	63981	1727	0	0	17.3516	2.7577	3.1489	1.6167	2.1572
172	64015	1766	0	0	17.2929	2.5810	3.1406	1.6461	2.1799
173	64057	1815	0	0	17.2406	2.4377	3.1347	1.6627	2.2024
174	64081	1848	0	0	17.1774	2.2466	3.1259	1.6757	2.2261
175	64103	1882	0	0	17.1330	2.1360	3.1211	1.6896	2.2485
176	64154	1936	0	0	17.0897	2.0188	3.1151	1.6978	2.2698
177	64191	1981	0	0	17.0229	1.8264	3.1045	1.7084	2.2929
178	64229	2025	0	0	16.9650	1.6536	3.0985	1.7033	2.3164
179	64265	2063	0	0	16.9087	1.5018	3.0897	1.7095	2.3399
180	64289	2096	0	0	16.8610	1.3784	3.0844	1.7012	2.3625
181	64313	2125	0	0	16.8197	1.2670	3.0783	1.7238	2.3838
182	64344	2161	0	0	16.7832	1.1801	3.0734	1.7169	2.4034
183	64370	2194	1	0	16.7408	0.0000	3.0666	1.7228	2.4227
184	64393	2226	4	0	16.6996	0.0000	3.0603	1.7239	2.4413
185	64420	2254	9	0	16.6590	0.9109	3.0545	1.7286	2.4595
186	64457	2290	13	0	16.6264	0.8572	3.0491	1.7300	2.4766
187	64478	2315	14	0	16.5849	0.7725	3.0419	1.7167	2.4939
188	64508	2352	15	0	16.5562	0.0000	3.0376	1.7247	2.5098
189	64537	2385	19	0	16.5147	0.0000	3.0305	1.7229	2.5261
190	64563	2417	23	0	16.4769	0.0000	3.0244	1.7200	2.5423
191	64593	2451	24	0	16.4444	0.0000	3.0177	1.7148	2.5581
192	64624	2482	27	0	16.4079	0.0000	3.0104	1.7045	2.5738
193	64656	2514	32	0	16.3723	0.0000	3.0045	1.6992	2.5891
194	64700	2560	36	0	16.3389	0.0000	2.9963	1.6951	2.6042
195	64728	2589	46	0	16.2909	0.0000	2.9877	1.6881	2.6208
196	64763	2628	50	0	16.2588	0.0000	2.9816	1.6806	2.6364
197	64786	2657	54	0	16.2164	0.0000	2.9735	1.6755	2.6526
198	64835	2703	64	0	16.1856	0.0000	2.9677	1.6611	2.6680
199	64866	2729	72	0	16.1403	0.0000	2.9573	1.6633	2.6847
200	64910	2776	76	0	16.1152	0.0000	2.9521	1.6520	2.6997
201	64945	2816	79	0	16.0654	0.0000	2.9419	1.6477	2.7162
202	64998	2868	84	0	16.0187	0.0000	2.9365	1.6421	2.7332
203	65040	2917	86	0	15.9637	0.0000	2.9273	1.6367	2.7520
204	65073	2952	91	0	15.9144	0.0000	2.9176	1.6257	2.7713
205	65104	2982	97	0	15.8820	0.0000	2.9120	1.6178	2.7892
206	65147	3013	115	0	15.8562	0.0000	2.9060	1.6135	2.8052
207	65197	3052	132	0	15.8324	0.0000	2.8984	1.6102	2.8197
208	65239	3089	143	0	15.7980	0.0000	2.8894	1.5894	2.8344
209	65285	3132	155	0	15.7640	0.0000	2.8814	1.5778	2.8489
210	65329	3175	164	0	15.7282	0.0000	2.8727	1.5735	2.8638
211	65389	3232	168	0	15.6875	0.0000	2.8645	1.5603	2.8792
212	65430	3277	168	0	15.6323	0.0000	2.8541	1.5593	2.8967
213	65477	3328	171	0	15.5894	0.0000	2.8470	1.5520	2.9144
214	65513	3370	173	0	15.5408	0.0000	2.8373	1.5464	2.9331
215	65545	3408	176	0	15.5052	0.0000	2.8303	1.5340	2.9510
216	65595	3450	187	0	15.4753	0.0000	2.8239	1.5317	2.9677
217	65638	3482	202	0	15.4426	0.0000	2.8145	1.4767	2.9839
218	65674	3521	208	0	15.4168	0.0000	2.8083	1.4667	2.9986
219	65741	3588	214	0	15.3850	0.0000	2.8020	1.4564	3.0129
220	65794	3637	225	0	15.3272	0.0000	2.7897	1.4503	3.0304
221	65835	3683	228	0	15.2864	0.0000	2.7824	1.4345	3.0480
222	65885	3741	226	0	15.2489	0.0000	2.7741	1.4311	3.0654
223	65947	3803	229	0	15.2030	0.0000	2.7631	1.4219	3.0839
224	66007	3867	229	0	15.1555	0.0000	2.7531	1.4162	3.1032
225	66056	3913	242	0	15.1050	0.0000	2.7430	1.4091	3.1237
226	66115	3963	255	0	15.0716	0.0000	2.7341	1.4053	3.1428
227	66159	4004	266	0	15.0380	0.0000	2.7242	1.3999	3.1607
228	66201	4034	282	0	15.0159	0.0000	2.7177	1.3763	3.1762
229	66257	4091	288	0	15.0006	0.0000	2.7111	1.3410	3.1890
230	66338	4164	303	0	14.9576	0.0000	2.6998	1.3334	3.2035
231	66402	4230	310	0	14.9122	0.0000	2.6858	1.3216	3.2200
232	66475	4302	314	0	14.8689	0.0000	2.6754	1.3181	3.2368
233	66547	4380	315	0	14.8191	0.0000	2.6643	1.3219	3.2551
234	66596	4434	319	0	14.7639	0.0000	2.6529	1.3122	3.2753
235	66663	4486	339	0	14.7317	0.0000	2.6459	1.3090	3.2939
236	66735	4560	344	0	14.7032	0.0000	2.6358	1.3110	3.3111
237	66803	4624	356	0	14.6520	0.0000	2.6241	1.2926	3.3298
238	66888	4698	370	0	14.6095	0.0000	2.6125	1.2949	3.3486
239	66941	4731	396	0	14.5631	0.0000	2.6016	1.2791	3.3681
240	67015	4801	406	0	14.5475	0.0000	2.5954	1.2592	3.3832
241	67098	4881	414	0	14.5047	0.0000	2.5834	1.2474	3.3991
242	67188	4966	426	0	14.4584	0.0000	2.5725	1.2445	3.4167
243	67258	5045	428	0	14.4065	0.0000	2.5594	1.2403	3.4361
244	67348	5136	434	0	14.3573	0.0000	2.5494	1.2424	3.4560
245	67417	5212	435	0	14.3036	0.0000	2.5350	1.2287	3.4774
246	67497	5288	442	0	14.2553	0.0000	2.5267	1.2183	3.4988
247	67580	5363	455	0	14.2129	0.0000	2.5153	1.2170	3.5198
248	67660	5441	469	0	14.1729	0.0000	2.5049	1.2109	3.5398
249	67730	5505	482	0	14.1339	0.0000	2.4939	1.2018	3.5591
250	67824	5593	495	0	14.1024	0.0000	2.4839	1.2173	3.5764
251	67914	5667	520	0	14.0576	0.0000	2.4708	1.2102	3.5945
252	68020	5766	532	0	14.0294	0.0000	2.4609	1.2279	3.6108
253	68119	5862	540	0	13.9689	0.0000	2.4466	1.2270	3.6302
254	68229	5971	544	0	13.9141	0.0000	2.4357	1.2250	3.6512
255	68321	6066	551	0	13.8623	0.0000	2.4229	1.2251	3.6730
256	68421	6158	564	0	13.8137	0.0000	2.4119	1.2359	3.6948
257	68533	6273	565	0	13.7740	0.0000	2.4019	1.2322	3.7156
258	68635	6365	579	0	13.7187	0.0000	2.3885	1.2410	3.7378
259	68764	6490	591	0	13.6831	0.0000	2.3786	1.2448	3.7581
260	68872	6583	613	0	13.6258	0.0000	2.3627	1.2632	3.7804
261	69015	6711	632	0	13.5883	0.0000	2.3536	1.2990	3.8003
262	69154	6845	644	0	13.5388	0.0000	2.3379	1.3067	3.8212
263	69282	6958	663	0	13.4847	0.0000	2.3242	1.3328	3.8426
264	69418	7088	673	0	13.4467	0.0000	2.3111	1.3711	3.8624
265	69552	7210	692	0	13.3917	0.0000	2.2969	1.3853	3.8833
266	69693	7353	695	0	13.3462	0.0000	2.2849	1.3811	3.9037
267	69823	7471	713	0	13.2834	0.0000	2.2708	1.4264	3.9265
268	69943	7582	725	0	13.2383	0.0000	2.2600	1.4662	3.9485
269	70077	7718	729	0	13.1953	0.0000	2.2489	1.4933	3.9696
270	70218	7850	745	0	13.1376	0.0000	2.2351	1.5204	3.9923
271	70367	7985	766	0	13.0949	0.0000	2.2230	1.5450	4.0142
272	70515	8115	791	0	13.0469	0.0000	2.2081	1.5719	4.0362
273	70676	8275	800	0	13.0078	0.0000	2.1954	1.6080	4.0566
274	70832	8427	813	0	12.9517	0.0000	2.1812	1.6780	4.0783
275	71005	8585	840	0	12.8954	0.0000	2.1664	1.7416	4.1006
276	71175	8754	847	0	12.8499	0.0000	2.1529	1.8156	4.1225
277	71351	8927	857	0	12.7936	0.0000	2.1383	1.8577	4.1453
278	71525	9092	872	0	12.7351	0.0000	2.1221	1.9053	4.1692
279	71693	9251	888	0	12.6849	0.0000	2.1087	2.0020	4.1924
280	71870	9414	908	0	12.6443	0.0000	2.0958	2.0596	4.2136
281	72060	9599	922	0	12.5970	0.0000	2.0823	2.1292	4.2349
282	72263	9783	947	0	12.5400	0.0000	2.0667	2.1737	4.2577
283	72497	10012	954	0	12.4842	0.0000	2.0518	2.2613	4.2813
284	72717	10226	966	0	12.4110	0.0000	2.0333	2.3281	4.3083
285	72934	10443	971	0	12.3458	0.0000	2.0187	2.4085	4.3356
286	73156	10649	989	0	12.2729	0.0000	2.0023	2.5367	4.3651
287	73398	10879	1004	0	12.2193	0.0000	1.9881	2.6310	4.3930
288	73596	11065	1021	0	12.1590	0.0000	1.9714	2.7188	4.4213
289	73825	11264	1056	0	12.1123	0.0000	1.9570	2.8174	4.4467
290	74060	11489	1075	0	12.0689	0.0000	1.9430	2.8954	4.4701
291	74292	11695	1106	0	12.0182	0.0000	1.9284	2.9612	4.4927
292	74550	11931	1131	0	11.9734	0.0000	1.9141	3.0333	4.5143
293	74771	12147	1144	0	11.9188	0.0000	1.8978	3.0934	4.5362
294	75015	12376	1165	0	11.8617	0.0000	1.8824	3.1546	4.5587
295	75259	12608	1186	0	11.8017	0.0000	1.8677	3.2277	4.5828
296	75510	12853	1199	0	11.7473	0.0000	1.8521	3.2846	4.6066
297	75786	13118	1215	0	11.6872	0.0000	1.8367	3.3519	4.6312
298	76072	13388	1240	0	11.6180	0.0000	1.8206	3.4315	4.6581
299	76343	13641	1269	0	11.5558	0.0000	1.8048	3.4719	4.6859
300	76642	13937	1274	0	11.4990	0.0000	1.7887	3.5475	4.7126
