step	total_cells	tumor_cells	necrotic_cells	immune_cells	mean_O2_mmHg	min_O2_mmHg	mean_glucose_mM	max_VEGF_nM	mean_lactate_mM
0	6848	3	0	0	19.9613	19.5047	4.5787	0.0000	1.0316
1	6847	3	0	0	19.9565	12.5088	4.6715	0.0827	1.0337
2	6847	3	0	0	19.9567	12.7061	4.6481	0.1279	1.0339
3	6847	3	0	0	19.9562	12.7051	4.6492	0.1285	1.0339
4	6846	3	0	0	19.9561	12.7047	4.6468	0.1260	1.0339
5	6845	3	0	0	19.9560	12.7047	4.6459	0.1262	1.0339
6	6845	3	0	0	19.9560	12.7046	4.6449	0.1248	1.0339
7	6845	3	0	0	19.9559	12.7044	4.6441	0.1288	1.0338
8	6846	4	0	0	19.9560	12.7043	4.6434	0.1282	1.0338
9	6846	4	0	0	19.9542	12.3971	4.6407	0.1337	1.0345
10	6846	4	0	0	19.9544	12.6980	4.6407	0.1295	1.0345
11	6846	4	0	0	19.9544	12.6979	4.6401	0.1307	1.0345
12	6845	4	0	0	19.9545	12.6977	4.6401	0.1363	1.0345
13	6845	5	0	0	19.9547	12.6976	4.6399	0.1312	1.0345
14	6844	5	0	0	19.9530	12.6877	4.6374	0.1282	1.0351
15	6844	5	0	0	19.9531	12.6878	4.6377	0.1426	1.0352
16	6842	5	0	0	19.9534	12.6883	4.6378	0.1374	1.0352
17	6841	5	0	0	19.9536	12.6893	4.6379	0.1271	1.0351
18	6840	5	0	0	19.9538	12.6894	4.6379	0.1282	1.0351
19	6841	6	0	0	19.9539	12.6900	4.6378	0.1285	1.0351
20	6841	6	0	0	19.9522	12.6842	4.6354	0.1278	1.0357
21	6841	6	0	0	19.9523	12.6843	4.6357	0.1278	1.0358
22	6840	7	0	0	19.9525	12.6853	4.6357	0.1285	1.0358
23	6840	7	0	0	19.9507	12.6770	4.6333	0.1310	1.0364
24	6840	7	0	0	19.9509	12.6778	4.6338	0.1288	1.0365
25	6842	9	0	0	19.9510	12.6788	4.6335	0.1262	1.0365
26	6843	10	0	0	19.9474	12.6578	4.6287	0.1349	1.0379
27	6842	10	0	0	19.9458	12.6525	4.6274	0.1366	1.0387
28	6841	10	0	0	19.9460	12.6528	4.6277	0.1392	1.0387
29	6841	10	0	0	19.9462	12.6532	4.6278	0.1356	1.0387
30	6842	12	0	0	19.9462	12.6533	4.6277	0.1364	1.0387
31	6843	13	0	0	19.9427	12.6383	4.6229	0.1378	1.0401
32	6842	13	0	0	19.9409	12.6328	4.6212	0.1392	1.0409
33	6842	13	0	0	19.9411	12.6336	4.6218	0.1599	1.0410
34	6842	14	0	0	19.9411	12.6337	4.6215	0.1568	1.0410
35	6843	15	0	0	19.9394	12.3254	4.6193	0.1530	1.0416
36	6844	17	0	0	19.9377	12.3200	4.6173	0.1622	1.0424
37	6846	19	0	0	19.9342	12.6062	4.6131	0.1619	1.0438
38	6845	19	0	0	19.9307	12.5888	4.6093	0.1638	1.0454
39	6844	19	0	0	19.9308	12.5891	4.6100	0.1692	1.0455
40	6844	19	0	0	19.9310	12.5883	4.6102	0.1667	1.0455
41	6843	19	0	0	19.9311	12.5880	4.6099	0.1693	1.0455
42	6844	20	0	0	19.9312	12.5885	4.6102	0.1722	1.0455
43	6845	21	0	0	19.9295	12.5815	4.6077	0.1735	1.0461
44	6845	22	0	0	19.9278	12.5760	4.6060	0.1715	1.0469
45	6845	22	0	0	19.9262	12.5695	4.6041	0.1684	1.0476
46	6846	25	0	0	19.9263	12.5706	4.6046	0.2068	1.0477
47	6848	28	0	0	19.9213	12.5552	4.5978	0.2018	1.0496
48	6849	29	0	0	19.9163	12.5402	4.5924	0.2092	1.0517
49	6849	30	0	0	19.9147	12.5346	4.5911	0.2190	1.0526
50	6851	32	0	0	19.9130	12.5286	4.5891	0.2166	1.0534
51	6851	32	0	0	19.9095	12.5132	4.5850	0.2144	1.0548
52	6852	33	0	0	19.9097	12.5125	4.5860	0.2169	1.0550
53	6855	36	0	0	19.9079	12.5020	4.5834	0.2154	1.0557
54	6854	38	0	0	19.9026	12.4747	4.5767	0.2171	1.0578
55	6855	39	0	0	19.8992	12.4603	4.5737	0.2186	1.0594
56	6854	39	0	0	19.8975	12.4500	4.5722	0.2209	1.0603
57	6855	40	0	0	19.8977	12.4498	4.5728	0.2320	1.0604
58	6856	43	0	0	19.8960	12.4429	4.5704	0.2229	1.0610
59	6858	46	0	0	19.8907	12.1858	4.5641	0.2276	1.0631
60	6861	49	0	0	19.8853	12.1695	4.5586	0.2314	1.0654
61	6866	54	0	0	19.8804	12.1304	4.5534	0.2401	1.0676
62	6868	56	0	0	19.8714	12.0964	4.5437	0.2406	1.0712
63	6869	57	0	0	19.8680	12.0859	4.5414	0.2538	1.0730
64	6870	59	0	0	19.8663	12.0758	4.5398	0.2625	1.0739
65	6873	64	0	0	19.8627	12.0667	4.5359	0.2672	1.0753
66	6875	66	0	0	19.8537	12.0315	4.5264	0.2714	1.0789
67	6876	69	0	0	19.8503	12.0229	4.5242	0.2833	1.0807
68	6881	75	0	0	19.8454	12.0024	4.5187	0.2871	1.0828
69	6884	78	0	0	19.8353	11.9695	4.5082	0.2950	1.0869
70	6886	80	0	0	19.8305	11.9581	4.5043	0.3187	1.0892
71	6892	88	0	0	19.8271	11.9484	4.5010	0.3099	1.0908
72	6894	91	0	0	19.8138	11.9086	4.4871	0.3283	1.0960
73	6899	96	0	0	19.8094	11.8958	4.4843	0.3480	1.0984
74	6901	98	0	0	19.8010	11.8671	4.4759	0.3523	1.1018
75	6903	101	0	0	19.7975	11.8634	4.4732	0.3836	1.1036
76	6905	105	0	0	19.7922	11.8009	4.4685	0.3801	1.1058
77	6908	110	0	0	19.7852	11.7784	4.4621	0.3760	1.1087
78	6911	114	0	0	19.7766	11.7712	4.4541	0.3782	1.1124
79	6912	115	0	0	19.7697	11.7469	4.4485	0.3899	1.1154
80	6919	122	0	0	19.7680	11.7397	4.4481	0.4118	1.1165
81	6922	126	0	0	19.7560	11.6735	4.4362	0.4376	1.1211
82	6922	127	0	0	19.7489	11.6491	4.4318	0.4702	1.1244
83	6930	135	0	0	19.7473	11.6415	4.4306	0.4864	1.1254
84	6934	139	0	0	19.7327	11.5869	4.4178	0.4865	1.1310
85	6943	148	0	0	19.7259	11.5139	4.4136	0.5432	1.1344
86	6952	158	0	0	19.7106	11.4648	4.3999	0.5754	1.1406
87	6960	166	0	0	19.6933	11.3688	4.3874	0.5781	1.1478
88	6971	177	0	0	19.6791	11.3116	4.3769	0.6139	1.1541
89	6979	186	0	0	19.6604	11.2416	4.3630	0.6540	1.1620
90	6987	194	0	0	19.6446	11.1813	4.3521	0.7143	1.1689
91	6992	202	0	0	19.6305	11.1280	4.3425	0.7575	1.1751
92	6998	208	0	0	19.6164	11.0774	4.3331	0.7830	1.1812
93	7009	219	0	0	19.6059	11.0425	4.3255	0.8112	1.1860
94	7015	225	0	0	19.5865	10.9750	4.3116	0.8406	1.1939
95	7025	236	0	0	19.5766	10.9424	4.3058	0.9053	1.1986
96	7035	249	0	0	19.5570	10.8626	4.2924	0.9595	1.2066
97	7046	260	0	0	19.5360	10.7926	4.2780	1.0079	1.2156
98	7056	272	0	0	19.5168	10.5840	4.2667	1.0105	1.2239
99	7066	283	0	0	19.4971	10.5233	4.2539	1.0884	1.2324
100	7075	293	0	0	19.4780	10.4612	4.2426	1.1574	1.2407
101	7085	304	0	0	19.4611	10.4027	4.2325	1.2148	1.2481
102	7094	315	0	0	19.4421	10.3353	4.2213	1.2311	1.2562
103	7105	327	0	0	19.4228	10.2629	4.2112	1.2958	1.2646
104	7116	338	0	0	19.4039	10.2059	4.1988	1.3375	1.2728
105	7133	355	0	0	19.3859	10.1556	4.1880	1.3764	1.2805
106	7154	376	0	0	19.3573	10.0632	4.1715	1.4020	1.2923
107	7168	392	0	0	19.3219	9.9508	4.1526	1.4205	1.3071
108	7196	420	0	0	19.2948	9.8704	4.1389	1.4768	1.3192
109	7211	435	0	0	19.2472	9.7387	4.1130	1.5203	1.3385
110	7226	450	0	0	19.2214	9.6563	4.1028	1.5776	1.3507
111	7246	471	0	0	19.1963	9.5808	4.0907	1.6336	1.3616
112	7273	498	0	0	19.1601	9.4758	4.0741	1.6640	1.3766
113	7287	512	0	0	19.1138	9.3454	4.0529	1.7076	1.3959
114	7310	535	0	0	19.0905	9.2744	4.0426	1.7750	1.4071
115	7331	556	0	0	19.0507	9.1384	4.0244	1.8238	1.4235
116	7355	580	0	0	19.0155	9.0320	4.0096	1.8907	1.4388
117	7385	611	0	0	18.9750	2.7116	3.9935	1.9414	1.4559
118	7404	632	0	0	18.9225	2.7965	3.9719	1.9763	1.4778
119	7422	650	0	0	18.8882	2.7044	3.9582	2.0307	1.4934
120	7440	669	0	0	18.8595	2.6319	3.9449	2.0819	1.5061
121	7466	696	0	0	18.8298	2.1330	3.9328	2.0989	1.5188
122	7492	723	0	0	18.7848	2.4368	3.9141	2.1204	1.5373
123	7538	769	0	0	18.7402	2.3096	3.8984	2.1471	1.5564
124	7565	799	0	0	18.6622	2.0893	3.8705	2.2009	1.5881
125	7585	820	0	0	18.6128	1.9451	3.8556	2.2851	1.6108
126	7623	858	0	0	18.5785	1.8486	3.8450	2.3756	1.6265
127	7657	892	0	0	18.5151	1.2452	3.8250	2.4403	1.6523
128	7688	924	0	0	18.4602	1.5253	3.8055	2.4966	1.6762
129	7722	958	0	0	18.4085	1.3820	3.7895	2.5453	1.6986
130	7746	982	0	0	18.3550	7.2214	3.7714	2.5862	1.7214
131	7791	1027	0	0	18.3164	7.1097	3.7600	2.6255	1.7386
132	7834	1071	0	0	18.2455	6.9223	3.7356	2.6799	1.7673
133	7870	1108	0	0	18.1741	6.6996	3.7178	2.7450	1.7977
134	7900	1139	0	0	18.1136	6.5342	3.7012	2.8272	1.8242
135	7943	1182	0	0	18.0642	6.4060	3.6869	2.8870	1.8460
136	7987	1226	0	0	17.9961	6.2346	3.6651	2.9393	1.8742
137	8038	1278	0	0	17.9248	6.0592	3.6442	2.9815	1.9043
138	8079	1321	0	0	17.8410	5.8366	3.6240	3.0164	1.9396
139	8110	1356	0	0	17.7722	5.6521	3.6071	3.0702	1.9696
140	8153	1399	0	0	17.7161	5.5074	3.5918	3.1438	1.9944
141	8188	1435	0	0	17.6482	5.3232	3.5754	3.2003	2.0229
142	8248	1495	0	0	17.5911	5.1958	3.5628	3.2681	2.0478
143	8291	1538	0	0	17.4976	4.9694	3.5383	3.3261	2.0859
144	8332	1581	0	0	17.4317	4.8116	3.5211	3.3677	2.1151
145	8387	1636	0	0	17.3684	4.6650	3.5042	3.4113	2.1423
146	8444	1693	0	0	17.2841	4.4531	3.4847	3.4587	2.1771
147	8490	1739	0	0	17.1960	4.2391	3.4635	3.5025	2.2144
148	8550	1799	0	0	17.1261	4.0819	3.4471	3.5510	2.2452
149	8593	1843	0	0	17.0375	3.8683	3.4268	3.5960	2.2819
150	8651	1901	0	0	16.9698	3.7158	3.4105	3.6599	2.3117
151	8713	1964	0	0	16.8802	3.5063	3.3926	3.7054	2.3490
152	8790	2041	0	0	16.7871	3.3130	3.3705	3.7518	2.3883
153	8850	2101	0	0	16.6710	0.0000	3.3468	3.7952	2.4366
154	8905	2156	0	0	16.5829	0.0000	3.3279	3.9045	2.4754
155	8947	2199	0	0	16.5008	0.0000	3.3105	3.9574	2.5108
156	8998	2252	0	0	16.4387	0.0000	3.2969	3.9991	2.5382
157	9057	2311	0	0	16.3596	0.0000	3.2810	4.0398	2.5710
158	9113	2368	0	0	16.2757	0.0000	3.2629	4.0708	2.6062
159	9175	2430	0	0	16.1950	0.0000	3.2455	4.1329	2.6406
160	9246	2502	0	0	16.1074	0.0000	3.2271	4.1658	2.6774
161	9307	2564	0	0	16.0068	0.0000	3.2070	4.1955	2.7191
162	9368	2624	1	0	15.9174	0.0000	3.1909	4.2320	2.7574
163	9439	2691	7	0	15.8337	0.0000	3.1738	4.2350	2.7931
164	9510	2757	14	0	15.7426	0.0000	3.1546	4.2068	2.8322
165	9569	2812	20	0	15.6530	0.0000	3.1345	4.2217	2.8702
166	9633	2873	25	0	15.5824	0.0000	3.1192	4.2101	2.9009
167	9697	2933	29	0	15.4975	0.0000	3.1030	4.2147	2.9355
168	9759	2988	38	0	15.4174	0.0000	3.0866	4.2206	2.9695
169	9830	3050	53	0	15.3490	0.0000	3.0701	4.2025	2.9983
170	9893	3101	66	0	15.2751	0.0000	3.0506	4.1918	3.0287
171	9970	3170	78	0	15.2125	0.0000	3.0340	4.1920	3.0552
172	10041	3235	90	0	15.1315	0.0000	3.0124	4.1715	3.0879
173	10109	3296	98	0	15.0581	0.0000	2.9924	4.1580	3.1185
174	10169	3349	110	0	14.9848	0.0000	2.9748	4.1538	3.1489
175	10229	3400	122	0	14.9186	0.0000	2.9589	4.1400	3.1764
176	10300	3465	130	0	14.8577	0.0000	2.9443	4.1249	3.2020
177	10371	3530	138	0	14.7796	0.0000	2.9255	4.1173	3.2332
178	10442	3590	152	0	14.7057	0.0000	2.9056	4.1142	3.2644
179	10516	3653	170	0	14.6435	0.0000	2.8862	4.0923	3.2911
180	10588	3716	182	0	14.5762	0.0000	2.8681	4.0642	3.3194
181	10649	3774	191	0	14.5081	0.0000	2.8510	4.0598	3.3486
182	10720	3833	209	0	14.4488	0.0000	2.8368	4.0527	3.3746
183	10810	3907	229	0	14.3897	0.0000	2.8186	4.0457	3.4000
184	10875	3965	238	0	14.3149	0.0000	2.7969	4.0210	3.4313
185	10957	4041	247	0	14.2585	0.0000	2.7799	4.0100	3.4561
186	11031	4109	256	0	14.1847	0.0000	2.7593	3.9978	3.4876
187	11101	4167	272	0	14.1151	0.0000	2.7423	3.9780	3.5187
188	11188	4251	281	0	14.0626	0.0000	2.7260	3.9706	3.5420
189	11246	4302	293	0	13.9814	0.0000	2.7053	3.9629	3.5774
190	11315	4364	305	0	13.9363	0.0000	2.6927	3.9637	3.5992
191	11398	4434	326	0	13.8835	0.0000	2.6764	3.9624	3.6222
192	11477	4503	343	0	13.8265	0.0000	2.6557	3.9541	3.6475
193	11551	4572	352	0	13.7699	0.0000	2.6378	3.9411	3.6719
194	11642	4660	362	0	13.7111	0.0000	2.6197	3.9305	3.6981
195	11726	4744	366	0	13.6361	0.0000	2.5985	3.9291	3.7321
196	11828	4842	375	0	13.5613	0.0000	2.5787	3.9325	3.7671
197	11901	4909	387	0	13.4822	0.0000	2.5564	3.9329	3.8037
198	12005	5010	393	0	13.4263	0.0000	2.5403	3.9343	3.8299
199	12088	5095	393	0	13.3435	0.0000	2.5158	3.9382	3.8673
200	12182	5181	404	0	13.2781	0.0000	2.4962	3.9369	3.8980
201	12285	5266	432	0	13.2183	0.0000	2.4756	3.9454	3.9244
202	12370	5348	441	0	13.1575	0.0000	2.4542	3.9416	3.9508
203	12451	5429	443	0	13.0954	0.0000	2.4351	3.9438	3.9795
204	12552	5515	461	0	13.0361	0.0000	2.4189	3.9438	4.0075
205	12643	5606	464	0	12.9772	0.0000	2.3989	3.9407	4.0332
206	12726	5682	477	0	12.9143	0.0000	2.3792	3.9350	4.0622
207	12808	5769	478	0	12.8633	0.0000	2.3624	3.9315	4.0851
208	12916	5868	491	0	12.8008	0.0000	2.3437	3.9316	4.1136
209	13014	5963	499	0	12.7365	0.0000	2.3221	3.9358	4.1418
210	13113	6064	501	0	12.6696	0.0000	2.3023	3.9450	4.1732
211	13221	6168	514	0	12.5970	0.0000	2.2814	3.9533	4.2076
212	13316	6264	515	0	12.5263	0.0000	2.2600	3.9679	4.2407
213	13407	6351	523	0	12.4621	0.0000	2.2414	3.9903	4.2704
214	13528	6466	533	0	12.4065	0.0000	2.2215	3.9979	4.2959
215	13611	6543	544	0	12.3335	0.0000	2.1986	4.0002	4.3290
216	13700	6627	556	0	12.2894	0.0000	2.1826	4.0279	4.3495
217	13807	6727	578	0	12.2389	0.0000	2.1667	4.0474	4.3721
218	13911	6831	583	0	12.1796	0.0000	2.1483	4.0731	4.3985
219	13999	6917	587	0	12.1163	0.0000	2.1271	4.0952	4.4275
220	14093	7007	599	0	12.0629	0.0000	2.1108	4.1080	4.4532
221	14208	7121	602	0	12.0138	0.0000	2.0919	4.1143	4.4743
222	14319	7237	600	0	11.9461	0.0000	2.0701	4.1348	4.5046
223	14410	7323	612	0	11.8768	0.0000	2.0487	4.1545	4.5377
224	14541	7445	627	0	11.8278	0.0000	2.0312	4.1791	4.5605
225	14626	7534	631	0	11.7602	0.0000	2.0085	4.1918	4.5894
226	14736	7640	638	0	11.7098	0.0000	1.9925	4.2117	4.6121
227	14859	7752	652	0	11.6532	0.0000	1.9724	4.2155	4.6368
228	14966	7850	667	0	11.5865	0.0000	1.9514	4.2271	4.6645
229	15105	7984	674	0	11.5319	0.0000	1.9340	4.2367	4.6889
230	15214	8085	688	0	11.4560	0.0000	1.9094	4.2477	4.7211
231	15339	8206	694	0	11.4049	0.0000	1.8905	4.2359	4.7427
232	15440	8302	705	0	11.3422	0.0000	1.8692	4.2338	4.7692
233	15542	8399	714	0	11.2915	0.0000	1.8507	4.2540	4.7905
234	15664	8514	722	0	11.2464	0.0000	1.8330	4.2688	4.8082
235	15767	8609	737	0	11.1825	0.0000	1.8134	4.2639	4.8355
236	15896	8739	741	0	11.1381	0.0000	1.7948	4.2654	4.8527
237	16018	8856	751	0	11.0729	0.0000	1.7721	4.2714	4.8797
238	16150	8985	757	0	11.0176	0.0000	1.7512	4.2745	4.9018
239	16289	9125	760	0	10.9558	0.0000	1.7300	4.2786	4.9271
240	16406	9240	768	0	10.8845	0.0000	1.7070	4.2877	4.9589
