step	total_cells	tumor_cells	necrotic_cells	immune_cells	mean_O2_mmHg	min_O2_mmHg	mean_glucose_mM	max_VEGF_nM	mean_lactate_mM
0	63476	3	0	0	19.6964	18.8395	2.1146	0.0000	1.2296
1	63471	3	0	0	19.7236	12.2197	4.0378	0.0827	1.2300
2	63464	3	0	0	19.7256	12.2263	3.3879	0.1390	1.2303
3	63460	4	0	0	19.7219	12.2195	3.6463	0.1371	1.2306
4	63454	4	0	0	19.7185	12.2067	3.5279	0.1341	1.2309
5	63449	4	0	0	19.7170	12.2032	3.5687	0.1371	1.2312
6	63440	4	0	0	19.7158	12.2008	3.5447	0.1352	1.2314
7	63435	5	0	0	19.7151	12.1996	3.5494	0.1360	1.2315
8	63430	5	0	0	19.7131	12.1862	3.5424	0.1376	1.2317
9	63422	5	0	0	19.7124	12.1845	3.5412	0.1447	1.2319
10	63418	6	0	0	19.7122	12.1841	3.5390	0.1449	1.2320
11	63415	6	0	0	19.7106	12.1705	3.5367	0.1463	1.2322
12	63411	6	0	0	19.7101	12.1702	3.5353	0.1470	1.2323
13	63405	6	0	0	19.7098	12.1693	3.5337	0.1461	1.2325
14	63400	6	0	0	19.7096	12.1716	3.5322	0.1505	1.2325
15	63390	6	0	0	19.7095	12.1718	3.5312	0.1407	1.2326
16	63384	7	0	0	19.7094	12.1722	3.5300	0.1452	1.2326
17	63379	7	0	0	19.7080	12.1620	3.5284	0.1372	1.2327
18	63372	7	0	0	19.7077	12.1611	3.5278	0.1493	1.2329
19	63365	7	0	0	19.7079	12.1618	3.5271	0.1421	1.2329
20	63357	7	0	0	19.7079	12.1619	3.5265	0.1422	1.2330
21	63351	8	0	0	19.7080	12.1630	3.5261	0.1454	1.2330
22	63347	8	0	0	19.7068	12.1501	3.5251	0.1471	1.2331
23	63334	8	0	0	19.7066	12.1534	3.5245	0.1506	1.2332
24	63328	8	0	0	19.7069	12.1548	3.5246	0.1503	1.2333
25	63325	9	0	0	19.7070	12.1549	3.5238	0.1513	1.2334
26	63319	9	0	0	19.7056	12.1454	3.5231	0.1551	1.2335
27	63310	10	0	0	19.7055	12.1469	3.5229	0.1535	1.2336
28	63304	10	0	0	19.7044	12.1369	3.5221	0.1538	1.2339
29	63298	10	0	0	19.7043	12.1368	3.5219	0.1487	1.2340
30	63293	10	0	0	19.7045	12.1370	3.5217	0.1555	1.2342
31	63285	10	0	0	19.7046	12.1386	3.5214	0.1553	1.2342
32	63282	10	0	0	19.7048	12.1404	3.5215	0.1503	1.2343
33	63276	10	0	0	19.7049	12.1423	3.5212	0.1472	1.2343
34	63266	10	0	0	19.7051	12.1439	3.5210	0.1453	1.2343
35	63260	10	0	0	19.7055	12.1445	3.5210	0.1492	1.2343
36	63258	12	0	0	19.7056	12.1459	3.5210	0.1465	1.2343
37	63250	12	0	0	19.7029	12.1260	3.5194	0.1479	1.2345
38	63243	12	0	0	19.7027	12.1256	3.5197	0.1527	1.2347
39	63239	12	0	0	19.7029	12.1266	3.5197	0.1459	1.2349
40	63231	12	0	0	19.7031	12.1268	3.5195	0.1546	1.2350
41	63228	13	0	0	19.7033	12.1274	3.5196	0.1562	1.2351
42	63224	14	0	0	19.7021	12.1218	3.5189	0.1562	1.2352
43	63216	16	0	0	19.7007	12.1073	3.5184	0.1645	1.2355
44	63208	16	0	0	19.6980	12.0849	3.5174	0.1723	1.2360
45	63206	16	0	0	19.6979	12.0851	3.5176	0.1804	1.2364
46	63204	17	0	0	19.6979	12.0853	3.5173	0.1782	1.2367
47	63195	18	0	0	19.6967	12.0794	3.5168	0.1672	1.2371
48	63191	18	0	0	19.6955	12.0732	3.5165	0.1688	1.2375
49	63183	20	0	0	19.6954	12.0724	3.5164	0.1723	1.2378
50	63177	22	0	0	19.6929	12.0550	3.5154	0.1693	1.2383
51	63173	23	0	0	19.6901	12.0368	3.5147	0.1822	1.2390
52	63169	24	0	0	19.6886	12.0315	3.5143	0.1801	1.2397
53	63158	26	0	0	19.6871	12.0224	3.5136	0.1828	1.2403
54	63155	27	0	0	19.6847	12.0030	3.5128	0.1798	1.2411
55	63153	30	0	0	19.6832	11.9956	3.5124	0.1820	1.2418
56	63150	32	0	0	19.6789	11.6991	3.5106	0.1831	1.2428
57	63144	34	0	0	19.6759	11.6608	3.5101	0.1863	1.2439
58	63140	34	0	0	19.6731	11.6471	3.5091	0.1848	1.2450
59	63137	36	0	0	19.6729	11.6470	3.5096	0.1917	1.2459
60	63132	37	0	0	19.6703	11.6266	3.5082	0.1951	1.2468
61	63128	40	0	0	19.6688	11.6155	3.5084	0.2036	1.2477
62	63127	41	0	0	19.6647	11.5901	3.5066	0.2084	1.2488
63	63120	42	0	0	19.6630	11.5816	3.5065	0.2069	1.2498
64	63121	45	0	0	19.6617	11.5757	3.5060	0.2148	1.2507
65	63122	48	0	0	19.6574	11.5511	3.5044	0.2177	1.2518
66	63117	49	0	0	19.6529	11.5255	3.5030	0.2220	1.2531
67	63111	50	0	0	19.6512	11.5126	3.5029	0.2277	1.2542
68	63104	51	0	0	19.6499	11.5026	3.5025	0.2334	1.2552
69	63094	52	0	0	19.6487	11.4943	3.5023	0.2316	1.2562
70	63088	53	0	0	19.6474	11.4810	3.5018	0.2298	1.2570
71	63083	54	0	0	19.6461	11.4674	3.5016	0.2291	1.2578
72	63081	57	0	0	19.6448	11.4630	3.5013	0.2254	1.2585
73	63082	62	0	0	19.6406	11.4336	3.4999	0.2286	1.2594
74	63080	66	0	0	19.6334	11.4128	3.4976	0.2568	1.2609
75	63076	69	0	0	19.6273	11.3810	3.4961	0.2535	1.2626
76	63073	77	0	0	19.6227	11.3570	3.4949	0.2730	1.2644
77	63071	81	0	0	19.6115	11.3034	3.4916	0.2672	1.2669
78	63069	83	0	0	19.6049	11.2652	3.4905	0.2712	1.2695
79	63064	87	0	0	19.6017	11.2543	3.4896	0.2842	1.2718
80	63057	88	0	0	19.5962	11.2288	3.4882	0.2996	1.2742
81	63055	90	0	0	19.5944	11.2200	3.4880	0.3006	1.2761
82	63044	91	0	0	19.5915	11.2034	3.4870	0.3093	1.2779
83	63044	96	0	0	19.5903	11.1914	3.4871	0.3209	1.2794
84	63036	105	0	0	19.5834	11.3898	3.4847	0.3210	1.2812
85	63033	108	0	0	19.5706	11.3202	3.4814	0.3275	1.2838
86	63029	111	0	0	19.5652	11.2839	3.4807	0.3516	1.2864
87	63029	115	0	0	19.5607	10.9613	3.4796	0.3647	1.2888
88	63026	121	0	0	19.5548	10.9268	3.4784	0.4046	1.2913
89	63023	125	0	0	19.5462	10.8807	3.4759	0.4119	1.2940
90	63022	131	0	0	19.5400	10.8466	3.4753	0.4296	1.2967
91	63022	136	0	0	19.5313	10.8000	3.4725	0.4426	1.2997
92	63023	142	0	0	19.5237	10.7616	3.4710	0.4490	1.3027
93	63022	148	0	0	19.5149	10.7215	3.4685	0.4700	1.3058
94	63026	154	0	0	19.5060	10.6681	3.4667	0.4755	1.3092
95	63028	162	0	0	19.4970	10.6291	3.4645	0.4972	1.3126
96	63029	169	0	0	19.4853	10.5412	3.4621	0.4975	1.3164
97	63033	178	0	0	19.4746	10.4804	3.4600	0.5347	1.3203
98	63034	184	0	0	19.4613	10.4097	3.4569	0.5473	1.3247
99	63038	196	0	0	19.4519	10.3599	3.4555	0.5702	1.3290
100	63048	210	0	0	19.4345	10.2615	3.4512	0.5848	1.3339
101	63054	218	0	0	19.4136	10.1325	3.4471	0.6176	1.3398
102	63062	232	0	0	19.4006	10.0657	3.4448	0.6491	1.3456
103	63067	239	0	0	19.3803	9.9529	3.4406	0.6683	1.3521
104	63073	252	0	0	19.3687	9.8950	3.4393	0.6959	1.3582
105	63085	267	0	0	19.3498	9.7867	3.4353	0.7168	1.3648
106	63093	283	0	0	19.3274	9.6692	3.4313	0.7385	1.3720
107	63103	297	0	0	19.3033	9.5345	3.4271	0.7692	1.3799
108	63111	307	0	0	19.2818	9.4047	3.4239	0.7974	1.3881
109	63119	319	0	0	19.2659	9.3240	3.4215	0.8202	1.3959
110	63117	326	0	0	19.2481	9.2319	3.4183	0.8432	1.4037
111	63127	340	0	0	19.2369	9.1812	3.4168	0.8714	1.4107
112	63141	355	0	0	19.2169	9.0841	3.4123	0.8786	1.4180
113	63149	366	0	0	19.1944	8.9705	3.4091	0.8991	1.4258
114	63157	382	0	0	19.1771	8.8787	3.4065	0.9188	1.4334
115	63168	400	0	0	19.1536	8.7290	3.4036	0.9373	1.4416
116	63181	420	0	0	19.1266	8.5855	3.3994	1.0094	1.4505
117	63191	434	0	0	19.0966	8.4166	3.3954	1.0529	1.4602
118	63203	452	0	0	19.0744	8.2944	3.3929	1.0969	1.4699
119	63220	474	0	0	19.0477	8.1561	3.3886	1.1282	1.4800
120	63238	497	0	0	19.0149	7.9719	3.3848	1.1656	1.4909
121	63249	515	0	0	18.9800	7.7783	3.3806	1.1989	1.5027
122	63273	543	0	0	18.9520	7.6403	3.3778	1.2306	1.5145
123	63288	564	0	0	18.9112	7.4228	3.3721	1.2894	1.5276
124	63300	587	0	0	18.8784	7.2579	3.3687	1.3312	1.5409
125	63329	620	0	0	18.8440	7.0736	3.3652	1.3454	1.5544
126	63350	650	0	0	18.7952	6.7883	3.3604	1.3873	1.5695
127	63367	670	0	0	18.7492	6.5355	3.3569	1.4437	1.5857
128	63396	706	0	0	18.7172	6.3828	3.3537	1.5124	1.6012
129	63421	739	0	0	18.6647	0.0000	3.3489	1.5547	1.6183
130	63438	768	0	0	18.6146	0.0000	3.3441	1.5785	1.6363
131	63476	813	0	0	18.5706	0.0000	3.3403	1.6448	1.6544
132	63502	841	0	0	18.5050	0.0000	3.3338	1.6940	1.6748
133	63516	863	0	0	18.4603	0.0000	3.3313	1.7575	1.6949
134	63546	899	0	0	18.4261	0.0000	3.3283	1.7998	1.7136
135	63580	938	0	0	18.3736	0.0000	3.3230	1.8328	1.7330
136	63609	976	0	0	18.3151	0.0000	3.3195	1.8651	1.7536
137	63634	1007	0	0	18.2581	0.0000	3.3142	1.9056	1.7750
138	63671	1049	1	0	18.2107	0.0000	3.3108	1.9493	1.7961
139	63692	1077	1	0	18.1487	0.0000	3.3056	2.0042	1.8182
140	63718	1108	1	0	18.1047	0.0000	3.3028	2.0502	1.8395
141	63741	1136	1	0	18.0583	0.0000	3.2989	2.0922	1.8603
142	63784	1184	1	0	18.0160	0.0000	3.2963	2.1294	1.8804
143	63824	1226	1	0	17.9459	0.0000	3.2913	2.1552	1.9025
144	63860	1264	1	0	17.8816	0.0000	3.2874	2.2339	1.9257
145	63906	1319	1	0	17.8242	0.0000	3.2839	2.2801	1.9493
146	63937	1357	1	0	17.7442	0.0000	3.2776	2.3126	1.9752
147	63977	1399	1	0	17.6848	0.0000	3.2750	2.3431	2.0009
148	64003	1431	1	0	17.6221	0.0000	3.2707	2.3799	2.0268
149	64026	1460	2	0	17.5724	0.0000	3.2687	2.4133	2.0514
150	64047	1489	3	0	17.5284	0.0000	3.2664	2.4443	2.0745
151	64077	1526	8	0	17.4853	0.0000	3.2631	2.4620	2.0964
152	64108	1560	12	0	17.4316	0.0000	3.2591	2.4738	2.1183
153	64129	1586	19	0	17.3807	0.0000	3.2563	2.4786	2.1400
154	64142	1602	26	0	17.3415	0.0000	3.2533	2.4872	2.1605
155	64167	1626	37	0	17.3171	0.0000	3.2512	2.4841	2.1785
156	64204	1663	41	0	17.2841	0.0000	3.2473	2.4548	2.1954
157	64233	1688	51	0	17.2329	0.0000	3.2428	2.4498	2.2135
158	64252	1706	63	0	17.1965	0.0000	3.2397	2.4410	2.2309
159	64281	1734	74	0	17.1716	0.0000	3.2367	2.4257	2.2469
160	64319	1775	76	0	17.1358	0.0000	3.2329	2.4187	2.2629
161	64344	1794	87	0	17.0842	0.0000	3.2277	2.4312	2.2808
162	64364	1804	102	0	17.0584	0.0000	3.2254	2.3967	2.2975
163	64381	1822	107	0	17.0448	0.0000	3.2231	2.3889	2.3117
164	64405	1852	106	0	17.0232	0.0000	3.2206	2.3924	2.3249
165	64421	1868	115	0	16.9884	0.0000	3.2175	2.3813	2.3390
166	64438	1884	130	0	16.9681	0.0000	3.2152	2.3740	2.3521
167	64456	1903	132	0	16.9484	0.0000	3.2115	2.3658	2.3644
168	64482	1930	135	0	16.9258	0.0000	3.2093	2.3573	2.3763
169	64493	1945	138	0	16.8951	0.0000	3.2052	2.3612	2.3890
170	64513	1962	146	0	16.8776	0.0000	3.2037	2.3488	2.4009
171	64528	1983	145	0	16.8582	0.0000	3.1993	2.3480	2.4124
172	64546	2008	148	0	16.8357	0.0000	3.1978	2.3517	2.4239
173	64566	2034	150	0	16.8084	0.0000	3.1934	2.3444	2.4362
174	64577	2044	160	0	16.7798	0.0000	3.1904	2.3490	2.4492
175	64592	2065	160	0	16.7671	0.0000	3.1878	2.3449	2.4607
176	64614	2093	161	0	16.7450	0.0000	3.1848	2.3409	2.4722
177	64637	2113	171	0	16.7158	0.0000	3.1811	2.3447	2.4848
178	64650	2134	172	0	16.6935	0.0000	3.1768	2.3241	2.4973
179	64675	2164	175	0	16.6710	0.0000	3.1744	2.3242	2.5096
180	64694	2185	177	0	16.6396	0.0000	3.1694	2.3106	2.5231
181	64715	2210	182	0	16.6173	0.0000	3.1668	2.3103	2.5364
182	64726	2228	183	0	16.5917	0.0000	3.1637	2.3080	2.5500
183	64748	2254	184	0	16.5720	0.0000	3.1612	2.3028	2.5628
184	64779	2285	190	0	16.5459	0.0000	3.1574	2.2945	2.5762
185	64801	2314	192	0	16.5146	0.0000	3.1522	2.2966	2.5906
186	64824	2342	196	0	16.4850	0.0000	3.1488	2.2991	2.6057
187	64838	2358	205	0	16.4565	0.0000	3.1446	2.2963	2.6210
188	64862	2392	202	0	16.4388	0.0000	3.1415	2.2841	2.6349
189	64892	2419	211	0	16.4062	0.0000	3.1362	2.2867	2.6500
190	64910	2432	221	0	16.3789	0.0000	3.1319	2.2793	2.6652
191	64927	2446	232	0	16.3641	0.0000	3.1297	2.2738	2.6786
192	64940	2457	240	0	16.3490	0.0000	3.1271	2.2684	2.6905
193	64961	2481	242	0	16.3366	0.0000	3.1248	2.2674	2.7008
194	64980	2503	250	0	16.3131	0.0000	3.1202	2.2573	2.7118
195	64993	2524	251	0	16.2904	0.0000	3.1162	2.2520	2.7229
196	65015	2551	253	0	16.2694	0.0000	3.1131	2.2387	2.7342
197	65023	2574	250	0	16.2439	0.0000	3.1092	2.2422	2.7463
198	65041	2601	249	0	16.2215	0.0000	3.1060	2.2342	2.7588
199	65063	2627	253	0	16.1958	0.0000	3.1024	2.2362	2.7719
200	65084	2652	258	0	16.1707	0.0000	3.0983	2.2378	2.7855
201	65107	2681	258	0	16.1464	0.0000	3.0937	2.2339	2.7992
202	65127	2705	258	0	16.1186	0.0000	3.0885	2.2416	2.8135
203	65148	2740	259	0	16.0956	0.0000	3.0851	2.2274	2.8275
204	65172	2767	264	0	16.0635	0.0000	3.0798	2.2295	2.8427
205	65190	2792	267	0	16.0372	0.0000	3.0750	2.2191	2.8579
206	65211	2820	265	0	16.0132	0.0000	3.0705	2.2102	2.8726
207	65234	2848	270	0	15.9871	0.0000	3.0665	2.2005	2.8874
208	65262	2879	273	0	15.9602	0.0000	3.0619	2.2027	2.9023
209	65292	2918	273	0	15.9319	0.0000	3.0568	2.1935	2.9176
210	65312	2945	275	0	15.8959	0.0000	3.0511	2.1929	2.9343
211	65338	2976	273	0	15.8712	0.0000	3.0481	2.1914	2.9506
212	65368	3005	278	0	15.8422	0.0000	3.0421	2.1843	2.9670
213	65398	3033	290	0	15.8151	0.0000	3.0377	2.1864	2.9833
214	65417	3050	297	0	15.7878	0.0000	3.0327	2.1754	2.9993
215	65438	3071	309	0	15.7689	0.0000	3.0294	2.1678	3.0136
216	65464	3098	315	0	15.7491	0.0000	3.0251	2.1493	3.0268
217	65497	3135	319	0	15.7231	0.0000	3.0206	2.1290	3.0401
218	65529	3167	322	0	15.6886	0.0000	3.0133	2.1192	3.0549
219	65550	3191	327	0	15.6598	0.0000	3.0091	2.1076	3.0702
220	65584	3232	328	0	15.6388	0.0000	3.0046	2.1081	3.0848
221	65635	3289	328	0	15.6025	0.0000	2.9974	2.1125	3.1009
222	65685	3328	345	0	15.5533	0.0000	2.9895	2.1077	3.1206
223	65720	3361	353	0	15.5159	0.0000	2.9822	2.1032	3.1405
224	65749	3387	362	0	15.4857	0.0000	2.9769	2.0812	3.1596
225	65767	3412	363	0	15.4622	0.0000	2.9720	2.0519	3.1770
226	65782	3431	375	0	15.4402	0.0000	2.9681	2.0429	3.1929
227	65805	3445	394	0	15.4209	0.0000	2.9638	2.0319	3.2071
228	65834	3473	403	0	15.4060	0.0000	2.9601	2.0133	3.2191
229	65853	3488	414	0	15.3818	0.0000	2.9546	2.0033	3.2312
230	65886	3528	415	0	15.3668	0.0000	2.9514	1.9974	3.2419
231	65930	3577	415	0	15.3335	0.0000	2.9450	2.0017	3.2547
232	65968	3624	416	0	15.2926	0.0000	2.9378	1.9928	3.2705
233	66003	3664	417	0	15.2533	0.0000	2.9319	1.9950	3.2884
234	66033	3693	425	0	15.2202	0.0000	2.9253	1.9974	3.3071
235	66066	3729	426	0	15.1956	0.0000	2.9197	1.9874	3.3245
236	66105	3761	442	0	15.1656	0.0000	2.9141	1.9943	3.3418
237	66142	3800	449	0	15.1361	0.0000	2.9069	1.9774	3.3585
238	66189	3840	463	0	15.1030	0.0000	2.8998	1.9488	3.3754
239	66226	3879	465	0	15.0668	0.0000	2.8925	1.9299	3.3926
240	66261	3923	468	0	15.0342	0.0000	2.8879	1.9129	3.4099
241	66306	3970	474	0	14.9971	0.0000	2.8809	1.9102	3.4281
242	66332	4005	474	0	14.9572	0.0000	2.8735	1.9044	3.4475
243	66361	4044	475	0	14.9294	0.0000	2.8692	1.9035	3.4662
244	66404	4086	481	0	14.8974	0.0000	2.8638	1.8913	3.4848
245	66447	4139	479	0	14.8629	0.0000	2.8563	1.8833	3.5038
246	66480	4176	485	0	14.8202	0.0000	2.8487	1.8807	3.5244
247	66522	4218	495	0	14.7894	0.0000	2.8428	1.8750	3.5440
248	66568	4265	503	0	14.7537	0.0000	2.8346	1.8740	3.5634
249	66600	4296	513	0	14.7158	0.0000	2.8273	1.8580	3.5829
250	66654	4348	519	0	14.6903	0.0000	2.8226	1.8489	3.6007
251	66699	4389	531	0	14.6499	0.0000	2.8135	1.8471	3.6196
252	66739	4430	536	0	14.6185	0.0000	2.8074	1.8295	3.6382
253	66785	4479	537	0	14.5861	0.0000	2.8016	1.8231	3.6564
254	66827	4526	542	0	14.5502	0.0000	2.7921	1.8175	3.6754
255	66871	4575	548	0	14.5152	0.0000	2.7841	1.8138	3.6946
256	66909	4619	553	0	14.4793	0.0000	2.7761	1.8227	3.7141
257	66952	4659	569	0	14.4443	0.0000	2.7682	1.7903	3.7332
258	66990	4700	573	0	14.4118	0.0000	2.7600	1.7783	3.7510
259	67033	4750	579	0	14.3793	0.0000	2.7544	1.7671	3.7682
260	67080	4793	590	0	14.3426	0.0000	2.7474	1.7652	3.7862
261	67130	4842	602	0	14.3111	0.0000	2.7404	1.7612	3.8041
262	67174	4889	609	0	14.2748	0.0000	2.7318	1.7388	3.8223
263	67221	4944	610	0	14.2404	0.0000	2.7248	1.7343	3.8406
264	67264	4996	609	0	14.2028	0.0000	2.7169	1.7331	3.8600
265	67314	5041	621	0	14.1660	0.0000	2.7103	1.7289	3.8799
266	67346	5084	621	0	14.1341	0.0000	2.7021	1.7298	3.8993
267	67403	5136	632	0	14.1063	0.0000	2.6970	1.7217	3.9177
268	67444	5171	644	0	14.0700	0.0000	2.6872	1.7149	3.9367
269	67480	5206	653	0	14.0462	0.0000	2.6828	1.7089	3.9539
270	67539	5265	661	0	14.0220	0.0000	2.6755	1.6963	3.9697
271	67593	5317	674	0	13.9828	0.0000	2.6657	1.6911	3.9871
272	67643	5358	690	0	13.9491	0.0000	2.6574	1.6861	4.0048
273	67698	5407	701	0	13.9198	0.0000	2.6507	1.6863	4.0213
274	67762	5462	719	0	13.8868	0.0000	2.6431	1.6823	4.0379
275	67819	5518	726	0	13.8534	0.0000	2.6325	1.6721	4.0548
276	67877	5568	744	0	13.8162	0.0000	2.6249	1.6612	4.0723
277	67939	5632	750	0	13.7810	0.0000	2.6162	1.6645	4.0896
278	68007	5704	752	0	13.7410	0.0000	2.6063	1.6789	4.1083
279	68073	5762	765	0	13.6989	0.0000	2.5968	1.6759	4.1286
280	68149	5842	769	0	13.6641	0.0000	2.5872	1.6778	4.1483
281	68213	5895	790	0	13.6171	0.0000	2.5750	1.6948	4.1702
282	68276	5952	805	0	13.5847	0.0000	2.5657	1.6884	4.1905
283	68345	6025	816	0	13.5503	0.0000	2.5565	1.6898	4.2099
284	68420	6094	829	0	13.5054	0.0000	2.5457	1.6818	4.2306
285	68475	6152	831	0	13.4651	0.0000	2.5361	1.6881	4.2515
286	68548	6225	843	0	13.4311	0.0000	2.5288	1.6772	4.2715
287	68613	6300	841	0	13.3878	0.0000	2.5170	1.6772	4.2925
288	68676	6367	847	0	13.3446	0.0000	2.5079	1.6757	4.3146
289	68761	6429	876	0	13.3074	0.0000	2.4989	1.6718	4.3366
290	68854	6513	888	0	13.2741	0.0000	2.4902	1.6481	4.3572
291	68917	6564	907	0	13.2284	0.0000	2.4775	1.6537	4.3792
292	68985	6628	920	0	13.2021	0.0000	2.4708	1.6411	4.3983
293	69067	6708	933	0	13.1668	0.0000	2.4622	1.6500	4.4171
294	69146	6797	934	0	13.1239	0.0000	2.4515	1.6544	4.4375
295	69227	6892	931	0	13.0772	0.0000	2.4408	1.6587	4.4601
296	69308	6973	945	0	13.0299	0.0000	2.4297	1.6650	4.4844
297	69385	7062	943	0	12.9896	0.0000	2.4188	1.6817	4.5079
298	69473	7149	951	0	12.9459	0.0000	2.4082	1.6687	4.5317
299	69566	7235	965	0	12.9045	0.0000	2.3968	1.6688	4.5553
300	69663	7320	981	0	12.8661	0.0000	2.3864	1.6686	4.5781
