step	total_cells	tumor_cells	necrotic_cells	immune_cells	mean_O2_mmHg	min_O2_mmHg	mean_glucose_mM	max_VEGF_nM	mean_lactate_mM
0	4997	1	0	0	36.8246	29.4971	3.5509	0.0000	1.0629
1	4997	1	0	0	36.8267	29.5020	3.5696	0.0000	1.0629
2	4997	1	0	0	36.8283	29.5015	3.5701	0.0000	1.0628
3	4996	1	0	0	36.8293	29.5003	3.5708	0.0000	1.0627
4	4996	1	0	0	36.8298	29.3005	3.5713	0.0000	1.0627
5	4995	1	0	0	36.8300	29.3005	3.5713	0.0000	1.0627
6	4994	1	0	0	36.8315	29.3015	3.5726	0.0000	1.0627
7	4993	1	0	0	36.8327	29.5018	3.5737	0.0000	1.0627
8	4993	1	0	0	36.8344	29.5031	3.5753	0.0000	1.0626
9	4992	1	0	0	36.8354	29.5032	3.5762	0.0000	1.0625
10	4991	1	0	0	36.8365	29.5044	3.5774	0.0000	1.0625
11	4989	1	0	0	36.8370	29.5055	3.5780	0.0000	1.0624
12	4988	1	0	0	36.8386	29.5065	3.5795	0.0000	1.0623
13	4988	1	0	0	36.8387	29.5063	3.5796	0.0000	1.0623
14	4987	1	0	0	36.8388	29.5064	3.5799	0.0000	1.0622
15	4985	1	0	0	36.8402	29.5074	3.5813	0.0000	1.0622
16	4985	1	0	0	36.8407	29.5075	3.5817	0.0000	1.0621
17	4984	1	0	0	36.8409	29.5075	3.5819	0.0000	1.0621
18	4984	1	0	0	36.8410	29.5077	3.5820	0.0000	1.0621
19	4984	1	0	0	36.8414	29.5080	3.5824	0.0000	1.0620
20	4984	1	0	0	36.8415	29.5079	3.5825	0.0000	1.0620
21	4984	1	0	0	36.8416	29.5080	3.5827	0.0000	1.0620
22	4985	1	0	0	36.8417	29.5079	3.5828	0.0000	1.0620
23	4985	1	0	0	36.8423	29.5075	3.5831	0.0000	1.0620
24	4984	1	0	0	36.8425	29.5078	3.5833	0.0000	1.0619
25	4982	1	0	0	36.8431	29.5076	3.5838	0.0000	1.0619
26	4982	1	0	0	36.8440	29.5077	3.5845	0.0000	1.0619
27	4982	1	0	0	36.8440	29.5074	3.5845	0.0000	1.0619
28	4982	1	0	0	36.8440	29.5073	3.5846	0.0000	1.0618
29	4982	1	0	0	36.8443	29.5075	3.5848	0.0000	1.0618
30	4985	1	0	0	36.8442	29.5073	3.5846	0.0000	1.0619
31	4987	1	0	0	36.8439	29.5071	3.5843	0.0000	1.0619
32	4988	1	0	0	36.8443	29.5072	3.5845	0.0000	1.0619
33	4991	1	0	0	36.8443	29.5071	3.5845	0.0000	1.0619
34	4992	1	0	0	36.8440	29.5071	3.5843	0.0000	1.0619
35	4991	1	0	0	36.8451	29.5087	3.5853	0.0000	1.0619
36	4991	1	0	0	36.8455	29.5096	3.5858	0.0000	1.0618
37	4993	1	0	0	36.8462	29.5096	3.5864	0.0000	1.0618
38	4996	1	0	0	36.8463	29.5100	3.5865	0.0000	1.0618
39	5007	1	0	0	36.8462	29.5101	3.5865	0.0000	1.0618
40	5012	1	0	0	36.8458	29.5096	3.5860	0.0000	1.0618
41	5022	2	0	0	36.8459	29.5097	3.5861	0.0000	1.0619
42	5027	2	0	0	36.8436	28.5994	3.5844	0.0000	1.0627
43	5035	2	0	0	36.8434	28.5990	3.5840	0.0000	1.0628
44	5052	2	0	0	36.8431	28.5988	3.5836	0.0000	1.0628
45	5072	2	0	0	36.8420	28.5972	3.5822	0.0000	1.0630
46	5088	2	0	0	36.8411	28.5960	3.5810	0.0000	1.0631
47	5102	2	0	0	36.8403	28.5948	3.5800	0.0000	1.0633
48	5121	2	0	0	36.8398	28.5936	3.5792	0.0000	1.0634
49	5140	2	0	0	36.8390	28.5926	3.5782	0.0000	1.0635
50	5164	2	0	0	36.8381	28.5922	3.5773	0.0000	1.0636
51	5182	2	0	0	36.8368	28.5906	3.5757	0.0000	1.0638
52	5206	2	0	0	36.8358	28.5894	3.5745	0.0000	1.0639
53	5225	2	0	0	36.8350	28.5891	3.5735	0.0000	1.0640
54	5252	2	0	0	36.8347	28.5894	3.5732	0.0000	1.0642
55	5274	2	0	0	36.8332	28.5875	3.5711	0.0000	1.0644
56	5307	2	0	0	36.8318	28.5864	3.5695	0.0000	1.0646
57	5348	3	0	0	36.8301	28.5848	3.5674	0.0000	1.0648
58	5380	3	0	0	36.8252	28.5747	3.5627	0.0000	1.0660
59	5401	3	0	0	36.8236	28.3734	3.5608	0.0000	1.0662
60	5441	3	0	0	36.8223	28.3717	3.5591	0.0000	1.0664
61	5471	3	0	0	36.8196	28.5689	3.5559	0.0000	1.0668
62	5506	3	0	0	36.8182	28.5680	3.5542	0.0000	1.0669
63	5550	3	0	0	36.8160	28.5655	3.5514	0.0000	1.0672
64	5591	3	0	0	36.8134	28.5627	3.5481	0.0000	1.0676
65	5619	3	0	0	36.8116	28.5598	3.5455	0.0000	1.0680
66	5652	3	0	0	36.8101	28.2587	3.5441	0.0000	1.0682
67	5689	3	0	0	36.8078	28.2566	3.5412	0.0000	1.0685
68	5723	3	0	0	36.8054	28.2535	3.5382	0.0000	1.0689
69	5752	3	0	0	36.8031	28.2503	3.5353	0.0000	1.0692
70	5783	3	0	0	36.8018	28.2487	3.5335	0.0000	1.0694
71	5809	3	0	0	36.7991	28.2459	3.5303	0.0000	1.0698
72	5834	3	0	0	36.7972	28.2437	3.5280	0.0000	1.0701
73	5865	3	0	0	36.7961	28.2418	3.5265	0.0000	1.0702
74	5884	3	0	0	36.7929	28.2385	3.5228	0.0000	1.0707
75	5907	3	0	0	36.7921	28.2372	3.5216	0.0000	1.0708
76	5927	3	0	0	36.7904	28.2353	3.5195	0.0000	1.0710
77	5944	3	0	0	36.7889	28.2334	3.5175	0.0000	1.0713
78	5957	4	0	0	36.7885	28.5314	3.5160	0.0000	1.0714
79	5979	4	0	0	36.7853	28.5229	3.5135	0.0000	1.0724
80	5998	4	0	0	36.7835	28.5212	3.5115	0.0000	1.0726
81	6016	4	0	0	36.7820	28.5205	3.5100	0.0000	1.0728
82	6032	4	0	0	36.7808	28.5190	3.5083	0.0000	1.0730
83	6047	4	0	0	36.7796	28.5170	3.5065	0.0000	1.0732
84	6066	4	0	0	36.7796	28.5167	3.5062	0.0000	1.0732
85	6089	5	0	0	36.7785	28.5161	3.5051	0.0000	1.0733
86	6113	5	0	0	36.7750	28.2077	3.5024	0.0000	1.0743
87	6130	5	0	0	36.7738	28.2067	3.5005	0.0000	1.0746
88	6146	5	0	0	36.7730	28.5051	3.4991	0.0000	1.0747
89	6168	5	0	0	36.7723	28.5044	3.4983	0.0000	1.0748
90	6181	5	0	0	36.7713	28.5032	3.4970	0.0000	1.0749
91	6197	5	0	0	36.7705	28.5015	3.4959	0.0000	1.0750
92	6219	5	0	0	36.7694	28.5006	3.4945	0.0000	1.0752
93	6235	6	0	0	36.7693	28.4999	3.4939	0.0000	1.0754
94	6245	6	0	0	36.7658	28.4906	3.4913	0.0000	1.0764
95	6262	6	0	0	36.7656	28.4905	3.4905	0.0000	1.0765
96	6273	6	0	0	36.7653	28.4897	3.4896	0.0000	1.0765
97	6294	6	0	0	36.7648	28.4894	3.4886	0.0000	1.0766
98	6322	6	0	0	36.7640	28.4887	3.4875	0.0000	1.0768
99	6339	6	0	0	36.7624	28.4872	3.4855	0.0000	1.0770
100	6359	6	0	0	36.7617	28.4861	3.4844	0.0000	1.0771
101	6387	6	0	0	36.7611	28.4855	3.4835	0.0000	1.0772
102	6424	6	0	0	36.7598	28.4835	3.4816	0.0000	1.0774
103	6455	6	0	0	36.7583	28.4823	3.4797	0.0000	1.0776
104	6480	6	0	0	36.7566	28.4804	3.4774	0.0000	1.0778
105	6508	6	0	0	36.7562	29.0718	3.4769	0.0000	1.0779
106	6535	6	0	0	36.7549	29.1060	3.4750	0.0000	1.0781
107	6561	6	0	0	36.7531	29.1034	3.4728	0.0000	1.0783
108	6582	6	0	0	36.7525	29.1024	3.4718	0.0000	1.0785
109	6612	6	0	0	36.7515	29.1013	3.4705	0.0000	1.0786
110	6641	6	0	0	36.7503	29.0997	3.4689	0.0000	1.0788
111	6676	6	0	0	36.7490	29.0995	3.4673	0.0000	1.0791
112	6714	6	0	0	36.7474	29.0978	3.4654	0.0000	1.0793
113	6743	8	0	0	36.7453	29.0958	3.4625	0.0000	1.0796
114	6772	8	0	0	36.7393	29.0591	3.4581	0.0000	1.0815
115	6805	8	0	0	36.7375	29.0566	3.4557	0.0000	1.0818
116	6833	8	0	0	36.7367	29.0560	3.4545	0.0000	1.0820
117	6859	8	0	0	36.7348	29.0550	3.4525	0.0000	1.0822
118	6877	8	0	0	36.7335	29.0540	3.4509	0.0000	1.0824
119	6904	8	0	0	36.7323	29.0535	3.4498	0.0000	1.0825
120	6928	9	0	0	36.7312	29.0513	3.4483	0.0000	1.0828
121	6952	10	0	0	36.7276	29.0433	3.4449	0.0000	1.0838
122	6975	10	0	0	36.7245	28.8561	3.4418	0.0000	1.0848
123	7002	11	0	0	36.7226	28.8606	3.4395	0.0000	1.0851
124	7025	11	0	0	36.7194	28.8520	3.4366	0.0000	1.0861
125	7039	11	0	0	36.7178	28.8231	3.4346	0.0000	1.0864
126	7060	11	0	0	36.7169	28.8214	3.4333	0.0000	1.0866
127	7096	12	0	0	36.7162	28.8208	3.4324	0.0000	1.0868
128	7125	12	0	0	36.7109	28.8107	3.4268	0.0000	1.0880
129	7152	13	0	0	36.7090	28.8090	3.4246	0.0000	1.0882
130	7179	13	0	0	36.7044	28.7996	3.4204	0.0000	1.0894
131	7204	13	0	0	36.7032	28.7985	3.4187	0.0000	1.0896
132	7239	13	0	0	36.7002	28.7960	3.4154	0.0000	1.0900
133	7261	13	0	0	36.6975	28.7940	3.4126	0.0000	1.0903
134	7286	13	0	0	36.6956	28.7914	3.4097	0.0000	1.0907
135	7316	14	0	0	36.6945	28.7897	3.4080	0.0000	1.0910
136	7346	15	0	0	36.6898	23.2609	3.4047	0.0000	1.0923
137	7375	15	0	0	36.6858	23.5418	3.4009	0.0000	1.0934
138	7394	15	0	0	36.6833	23.5277	3.3978	0.0000	1.0938
139	7419	15	0	0	36.6820	23.5261	3.3960	0.0000	1.0940
140	7445	15	0	0	36.6793	23.5241	3.3929	0.0000	1.0944
141	7478	15	0	0	36.6761	23.5209	3.3894	0.0000	1.0948
142	7510	15	0	0	36.6739	23.5188	3.3867	0.0000	1.0952
143	7537	16	0	0	36.6706	23.5156	3.3827	0.0000	1.0957
144	7568	17	0	0	36.6665	23.5073	3.3789	0.0000	1.0968
145	7593	17	0	0	36.6616	23.4976	3.3738	0.0000	1.0982
146	7613	17	0	0	36.6586	23.4955	3.3703	0.0000	1.0986
147	7635	18	0	0	36.6567	23.2940	3.3680	0.0000	1.0989
148	7668	18	0	0	36.6525	23.2917	3.3641	0.0000	1.1000
149	7698	20	0	0	36.6487	23.2888	3.3595	0.0000	1.1005
150	7736	20	0	0	36.6404	23.4729	3.3519	0.0000	1.1027
151	7760	20	0	0	36.6367	23.4623	3.3473	0.0000	1.1033
152	7790	21	0	0	36.6341	23.4607	3.3444	0.0000	1.1037
153	7816	21	0	0	36.6271	21.7713	3.3389	0.0000	1.1052
154	7840	21	0	0	36.6241	21.7670	3.3348	0.0000	1.1057
155	7868	21	0	0	36.6211	21.7634	3.3312	0.0000	1.1062
156	7891	22	0	0	36.6178	21.7598	3.3272	0.0000	1.1067
157	7911	22	0	0	36.6128	21.1505	3.3234	0.0000	1.1079
158	7943	23	0	0	36.6114	21.7490	3.3215	0.0000	1.1081
159	7968	23	0	0	36.6057	21.7402	3.3170	0.0000	1.1094
160	7997	23	0	0	36.6030	21.7370	3.3135	0.0000	1.1099
161	8023	23	0	0	36.6004	21.7351	3.3105	0.0000	1.1102
162	8058	25	0	0	36.5979	21.7327	3.3075	0.0000	1.1106
163	8088	25	0	0	36.5896	21.7141	3.3004	0.0000	1.1128
164	8117	25	0	0	36.5877	21.7130	3.2981	0.0000	1.1131
165	8142	25	0	0	36.5852	21.7110	3.2950	0.0000	1.1135
166	8168	25	0	0	36.5827	21.7079	3.2914	0.0000	1.1139
167	8204	25	0	0	36.5797	21.7046	3.2880	0.0000	1.1143
168	8234	25	0	0	36.5769	21.7006	3.2848	0.0000	1.1148
