step	total_cells	tumor_cells	necrotic_cells	immune_cells	mean_O2_mmHg	min_O2_mmHg	mean_glucose_mM	max_VEGF_nM	mean_lactate_mM
0	63364	3	0	0	19.7000	18.9529	2.1204	0.0000	1.2291
1	63357	3	0	0	19.7269	12.2169	4.0405	0.0827	1.2295
2	63350	3	0	0	19.7290	12.2220	3.3918	0.1413	1.2299
3	63342	3	0	0	19.7253	12.2160	3.6498	0.1382	1.2301
4	63338	3	0	0	19.7235	12.2126	3.5327	0.1371	1.2303
5	63330	3	0	0	19.7220	12.2109	3.5728	0.1399	1.2305
6	63325	3	0	0	19.7210	12.2086	3.5494	0.1391	1.2305
7	63321	3	0	0	19.7202	12.2067	3.5535	0.1409	1.2306
8	63313	3	0	0	19.7195	12.2054	3.5472	0.1382	1.2306
9	63311	3	0	0	19.7192	12.2032	3.5463	0.1394	1.2306
10	63305	3	0	0	19.7187	12.2020	3.5432	0.1381	1.2306
11	63299	3	0	0	19.7184	12.2013	3.5418	0.1367	1.2306
12	63298	3	0	0	19.7182	12.2007	3.5400	0.1385	1.2305
13	63292	3	0	0	19.7179	12.1998	3.5385	0.1398	1.2305
14	63284	3	0	0	19.7176	12.1990	3.5369	0.1384	1.2305
15	63280	4	0	0	19.7176	12.1977	3.5360	0.1408	1.2304
16	63277	4	0	0	19.7161	12.1846	3.5342	0.1525	1.2305
17	63267	4	0	0	19.7158	12.1849	3.5334	0.1549	1.2306
18	63262	5	0	0	19.7159	12.1849	3.5328	0.1565	1.2307
19	63257	5	0	0	19.7145	12.1709	3.5314	0.1580	1.2308
20	63252	6	0	0	19.7144	12.1711	3.5308	0.1793	1.2309
21	63246	7	0	0	19.7131	12.1601	3.5294	0.1633	1.2312
22	63235	8	0	0	19.7117	12.1458	3.5287	0.1723	1.2315
23	63232	8	0	0	19.7103	12.1322	3.5279	0.1890	1.2318
24	63225	8	0	0	19.7102	12.1331	3.5276	0.1937	1.2321
25	63220	8	0	0	19.7103	12.1334	3.5272	0.1954	1.2324
26	63214	9	0	0	19.7104	12.1345	3.5269	0.1949	1.2325
27	63206	9	0	0	19.7092	12.1203	3.5261	0.2020	1.2328
28	63200	10	0	0	19.7093	12.1208	3.5261	0.2262	1.2329
29	63196	10	0	0	19.7081	12.1151	3.5251	0.2162	1.2332
30	63192	10	0	0	19.7080	12.1151	3.5251	0.2256	1.2334
31	63183	10	0	0	19.7080	12.1191	3.5246	0.2023	1.2336
32	63179	10	0	0	19.7085	12.1208	3.5250	0.2027	1.2337
33	63175	11	0	0	19.7086	12.1219	3.5245	0.1985	1.2337
34	63171	11	0	0	19.7073	12.1135	3.5237	0.1888	1.2339
35	63165	12	0	0	19.7073	12.1136	3.5236	0.2126	1.2340
36	63161	12	0	0	19.7061	12.1091	3.5228	0.2137	1.2342
37	63156	12	0	0	19.7061	12.1096	3.5229	0.2122	1.2344
38	63152	12	0	0	19.7062	12.1099	3.5226	0.2124	1.2345
39	63148	13	0	0	19.7063	12.1107	3.5228	0.1928	1.2346
40	63143	15	0	0	19.7051	12.0967	3.5220	0.1945	1.2348
41	63135	15	0	0	19.7024	12.0780	3.5209	0.2059	1.2352
42	63128	17	0	0	19.7023	12.0785	3.5212	0.2149	1.2356
43	63121	18	0	0	19.6998	12.0559	3.5199	0.2149	1.2361
44	63114	18	0	0	19.6984	12.0457	3.5200	0.2102	1.2366
45	63113	20	0	0	19.6985	12.0476	3.5198	0.2274	1.2371
46	63107	20	0	0	19.6959	12.0381	3.5186	0.2259	1.2377
47	63106	21	0	0	19.6958	12.0379	3.5190	0.2246	1.2381
48	63107	24	0	0	19.6945	12.0324	3.5180	0.2262	1.2386
49	63099	25	0	0	19.6903	12.0071	3.5165	0.2253	1.2394
50	63094	27	0	0	19.6888	11.9982	3.5165	0.2339	1.2402
51	63086	27	0	0	19.6862	11.9743	3.5155	0.2310	1.2410
52	63081	29	0	0	19.6862	11.9764	3.5158	0.2562	1.2417
53	63080	30	0	0	19.6838	11.9474	3.5150	0.2505	1.2425
54	63079	33	0	0	19.6822	11.9419	3.5143	0.2912	1.2432
55	63071	34	0	0	19.6781	11.6176	3.5132	0.2930	1.2442
56	63066	35	0	0	19.6766	11.6097	3.5127	0.3147	1.2451
57	63064	38	0	0	19.6753	11.5968	3.5124	0.3144	1.2460
58	63057	38	0	0	19.6713	11.5778	3.5110	0.3294	1.2470
59	63051	41	0	0	19.6712	11.5787	3.5116	0.3321	1.2479
60	63045	43	0	0	19.6673	11.5521	3.5097	0.3200	1.2489
61	63040	45	0	0	19.6643	11.5335	3.5092	0.3377	1.2500
62	63029	45	0	0	19.6616	11.5165	3.5083	0.3362	1.2511
63	63028	46	0	0	19.6617	11.5186	3.5087	0.3474	1.2519
64	63020	48	0	0	19.6605	11.5148	3.5080	0.3488	1.2527
65	63015	49	0	0	19.6580	11.5086	3.5072	0.3418	1.2536
66	63010	49	0	0	19.6566	11.5029	3.5070	0.3449	1.2544
67	63010	52	0	0	19.6566	11.5038	3.5070	0.3440	1.2550
68	63007	55	0	0	19.6525	11.4831	3.5054	0.3447	1.2558
69	63003	56	0	0	19.6483	11.4550	3.5044	0.3533	1.2569
70	63003	61	0	0	19.6466	11.4512	3.5041	0.3520	1.2579
71	62999	66	0	0	19.6396	11.4061	3.5014	0.3550	1.2594
72	62990	68	0	0	19.6324	11.3594	3.4999	0.3445	1.2612
73	62987	71	0	0	19.6292	11.3414	3.4993	0.3787	1.2630
74	62984	75	0	0	19.6250	11.3190	3.4982	0.3893	1.2648
75	62984	79	0	0	19.6193	11.2841	3.4965	0.3928	1.2667
76	62979	83	0	0	19.6132	11.2408	3.4947	0.4151	1.2688
77	62979	87	0	0	19.6073	11.2008	3.4934	0.4269	1.2710
78	62974	89	0	0	19.6014	11.4394	3.4918	0.4565	1.2732
79	62972	92	0	0	19.5982	11.4270	3.4913	0.4771	1.2753
80	62969	96	0	0	19.5937	11.2236	3.4899	0.4849	1.2773
81	62963	99	0	0	19.5880	11.1852	3.4887	0.5024	1.2794
82	62962	105	0	0	19.5836	11.1704	3.4877	0.5315	1.2814
83	62962	111	0	0	19.5752	11.0781	3.4851	0.5105	1.2838
84	62958	115	0	0	19.5661	10.9902	3.4829	0.5104	1.2866
85	62959	122	0	0	19.5599	10.9625	3.4815	0.5436	1.2893
86	62959	127	0	0	19.5499	10.8836	3.4787	0.5463	1.2924
87	62962	136	0	0	19.5422	10.8434	3.4774	0.5619	1.2955
88	62968	146	0	0	19.5294	10.7681	3.4738	0.5864	1.2992
89	62970	151	0	0	19.5146	10.6835	3.4704	0.6102	1.3035
90	62972	154	0	0	19.5066	10.6438	3.4688	0.6421	1.3076
91	62974	162	0	0	19.5018	10.6178	3.4680	0.6535	1.3112
92	62970	167	0	0	19.4906	10.5309	3.4650	0.6524	1.3151
93	62970	176	0	0	19.4830	10.4920	3.4634	0.6809	1.3188
94	62970	179	0	0	19.4703	10.4134	3.4606	0.6901	1.3229
95	62976	188	0	0	19.4651	10.3904	3.4600	0.7210	1.3265
96	62981	201	0	0	19.4523	10.3100	3.4567	0.7285	1.3306
97	62984	211	0	0	19.4335	10.1967	3.4525	0.7487	1.3355
98	62985	219	0	0	19.4183	10.1229	3.4496	0.7634	1.3408
99	62981	223	0	0	19.4060	10.0536	3.4475	0.7929	1.3461
100	62983	228	0	0	19.3995	10.0129	3.4470	0.8115	1.3509
101	62983	234	0	0	19.3921	9.9573	3.4457	0.8324	1.3552
102	62988	244	0	0	19.3834	9.9105	3.4440	0.8614	1.3593
103	62989	249	0	0	19.3693	9.8331	3.4408	0.8716	1.3639
104	62997	262	0	0	19.3613	9.8022	3.4398	0.8860	1.3682
105	63004	274	0	0	19.3431	9.7154	3.4354	0.8900	1.3732
106	63002	282	0	0	19.3250	9.6132	3.4325	0.8938	1.3789
107	63007	294	0	0	19.3126	9.5363	3.4308	0.9290	1.3845
108	63009	306	0	0	19.2953	9.4439	3.4272	0.9618	1.3905
109	63018	323	0	0	19.2775	9.3448	3.4243	0.9831	1.3968
110	63019	335	0	0	19.2529	9.2069	3.4201	1.0049	1.4042
111	63026	347	0	0	19.2344	9.1148	3.4174	1.0336	1.4116
112	63030	362	0	0	19.2164	9.0326	3.4141	1.0566	1.4192
113	63039	377	0	0	19.1946	8.9146	3.4110	1.0790	1.4271
114	63052	394	0	0	19.1721	8.7854	3.4079	1.1144	1.4353
115	63064	411	0	0	19.1468	8.6567	3.4043	1.1430	1.4442
116	63074	425	0	0	19.1212	8.5053	3.4007	1.1808	1.4535
117	63087	442	0	0	19.0999	8.3989	3.3975	1.2319	1.4627
118	63100	459	0	0	19.0750	8.2764	3.3937	1.2607	1.4722
119	63108	474	0	0	19.0495	8.1236	3.3903	1.2917	1.4820
120	63127	496	0	0	19.0268	8.0164	3.3872	1.3211	1.4917
121	63129	508	0	0	18.9946	7.8430	3.3827	1.3523	1.5023
122	63132	518	0	0	18.9754	7.7547	3.3815	1.3885	1.5123
123	63140	532	0	0	18.9603	7.6756	3.3790	1.4137	1.5215
124	63149	546	0	0	18.9399	7.5680	3.3763	1.4211	1.5304
125	63159	564	0	0	18.9188	7.4582	3.3740	1.4492	1.5393
126	63173	584	0	0	18.8927	7.3322	3.3703	1.4651	1.5487
127	63190	610	0	0	18.8630	7.1857	3.3674	1.4549	1.5587
128	63210	637	0	0	18.8254	7.0054	3.3617	1.4866	1.5702
129	63236	671	0	0	18.7852	6.8009	3.3579	1.4887	1.5830
130	63250	691	0	0	18.7355	6.5739	3.3509	1.5566	1.5977
131	63259	712	0	0	18.7038	6.4298	3.3485	1.5927	1.6122
132	63275	736	0	0	18.6728	6.2793	3.3450	1.6289	1.6264
133	63294	763	0	0	18.6381	6.1197	3.3410	1.6474	1.6407
134	63315	788	0	0	18.5982	5.9039	3.3372	1.6740	1.6555
135	63335	813	0	0	18.5608	5.7422	3.3328	1.7276	1.6705
136	63343	831	0	0	18.5239	5.5482	3.3293	1.7394	1.6856
137	63362	861	0	0	18.4966	5.4312	3.3262	1.7807	1.6999
138	63375	882	0	0	18.4541	5.2431	3.3216	1.8019	1.7150
139	63389	903	0	0	18.4218	5.1105	3.3186	1.8454	1.7297
140	63402	924	0	0	18.3906	4.9687	3.3161	1.8611	1.7439
141	63413	941	0	0	18.3592	4.8199	3.3128	1.8749	1.7579
142	63430	960	0	0	18.3336	4.7030	3.3109	1.9020	1.7710
143	63449	981	0	0	18.3062	4.5783	3.3076	1.9192	1.7838
144	63462	1000	0	0	18.2760	4.4484	3.3046	1.9472	1.7965
145	63478	1025	0	0	18.2491	4.3559	3.3003	1.9621	1.8089
146	63503	1055	0	0	18.2146	4.2337	3.2959	1.9712	1.8218
147	63520	1076	0	0	18.1722	4.0557	3.2914	1.9793	1.8358
148	63540	1102	0	0	18.1399	3.9199	3.2893	1.9920	1.8496
149	63559	1129	0	0	18.1027	3.7651	3.2847	2.0010	1.8639
150	63587	1161	0	0	18.0641	0.0000	3.2813	2.0182	1.8787
151	63604	1183	0	0	18.0185	0.0000	3.2767	2.0315	1.8945
152	63631	1214	0	0	17.9858	0.0000	3.2733	2.0430	1.9099
153	63653	1242	0	0	17.9420	0.0000	3.2689	2.0725	1.9260
154	63672	1267	0	0	17.9014	0.0000	3.2645	2.0932	1.9423
155	63694	1294	0	0	17.8655	0.0000	3.2602	2.1125	1.9583
156	63717	1322	0	0	17.8273	0.0000	3.2561	2.1159	1.9743
157	63738	1348	0	0	17.7878	0.0000	3.2511	2.1213	1.9905
158	63757	1374	0	0	17.7507	0.0000	3.2473	2.1317	2.0065
159	63777	1398	0	0	17.7138	0.0000	3.2438	2.1375	2.0223
160	63794	1422	0	0	17.6796	0.0000	3.2396	2.1427	2.0378
161	63813	1447	0	0	17.6453	0.0000	3.2371	2.1488	2.0529
162	63836	1476	0	0	17.6097	0.0000	3.2333	2.1599	2.0680
163	63852	1498	0	0	17.5694	0.0000	3.2288	2.1579	2.0835
164	63891	1539	0	0	17.5375	0.0000	3.2257	2.1664	2.0985
165	63901	1556	0	0	17.4836	0.0000	3.2173	2.1704	2.1154
166	63906	1571	1	0	17.4573	0.0000	3.2161	2.1642	2.1309
167	63927	1594	2	0	17.4365	0.0000	3.2128	2.1662	2.1447
168	63950	1621	4	0	17.4069	0.0000	3.2081	2.1702	2.1581
169	63970	1644	4	0	17.3701	0.0000	3.2035	2.1655	2.1719
170	63981	1664	4	0	17.3375	0.0000	3.1996	2.1639	2.1857
171	64005	1691	8	0	17.3095	0.0000	3.1970	2.1689	2.1989
172	64034	1726	9	0	17.2743	0.0000	3.1909	2.1565	2.2127
173	64050	1750	10	0	17.2279	0.0000	3.1850	2.1540	2.2278
174	64058	1766	13	0	17.1941	0.0000	3.1819	2.1507	2.2427
175	64074	1786	13	0	17.1722	0.0000	3.1783	2.1428	2.2562
176	64086	1800	17	0	17.1460	0.0000	3.1750	2.1457	2.2690
177	64097	1824	19	0	17.1279	0.0000	3.1710	2.1365	2.2806
178	64107	1834	25	0	17.0980	0.0000	3.1667	2.1270	2.2924
179	64120	1846	33	0	17.0841	0.0000	3.1643	2.1177	2.3027
180	64138	1867	38	0	17.0709	0.0000	3.1607	2.0999	2.3118
181	64161	1892	41	0	17.0460	0.0000	3.1564	2.0914	2.3213
182	64183	1922	40	0	17.0157	0.0000	3.1504	2.0765	2.3316
183	64209	1946	44	0	16.9773	0.0000	3.1462	2.0730	2.3433
184	64225	1966	44	0	16.9458	0.0000	3.1401	2.0748	2.3554
185	64255	2000	44	0	16.9208	0.0000	3.1361	2.0715	2.3672
186	64273	2023	47	0	16.8802	0.0000	3.1287	2.0690	2.3804
187	64291	2040	53	0	16.8510	0.0000	3.1247	2.0660	2.3934
188	64314	2062	60	0	16.8303	0.0000	3.1202	2.0656	2.4053
189	64326	2080	63	0	16.8049	0.0000	3.1155	2.0567	2.4169
190	64338	2093	71	0	16.7834	0.0000	3.1117	2.0432	2.4278
191	64355	2106	82	0	16.7691	0.0000	3.1090	2.0131	2.4375
192	64376	2135	82	0	16.7567	0.0000	3.1041	1.9755	2.4461
193	64404	2167	84	0	16.7262	0.0000	3.0983	1.9673	2.4559
194	64420	2187	88	0	16.6874	0.0000	3.0933	1.9610	2.4672
195	64438	2211	90	0	16.6640	0.0000	3.0886	1.9428	2.4782
196	64462	2239	91	0	16.6361	0.0000	3.0841	1.9359	2.4895
197	64484	2264	93	0	16.6040	0.0000	3.0787	1.9357	2.5013
198	64495	2276	100	0	16.5743	0.0000	3.0732	1.9338	2.5133
199	64521	2296	109	0	16.5617	0.0000	3.0696	1.9165	2.5237
200	64549	2320	116	0	16.5424	0.0000	3.0638	1.9018	2.5335
201	64573	2344	122	0	16.5158	0.0000	3.0592	1.8844	2.5437
202	64597	2370	128	0	16.4889	0.0000	3.0547	1.8724	2.5540
203	64622	2397	130	0	16.4617	0.0000	3.0493	1.8655	2.5649
204	64644	2431	127	0	16.4317	0.0000	3.0437	1.8502	2.5761
205	64680	2476	124	0	16.3957	0.0000	3.0381	1.8426	2.5886
206	64716	2512	127	0	16.3473	0.0000	3.0299	1.8414	2.6034
207	64744	2546	129	0	16.3094	0.0000	3.0239	1.8382	2.6188
208	64772	2577	133	0	16.2733	0.0000	3.0177	1.8357	2.6343
209	64795	2606	135	0	16.2398	0.0000	3.0122	1.8313	2.6497
210	64827	2639	141	0	16.2093	0.0000	3.0085	1.8277	2.6646
211	64846	2652	155	0	16.1748	0.0000	3.0020	1.8215	2.6797
212	64883	2687	166	0	16.1626	0.0000	2.9979	1.8019	2.6921
213	64903	2710	174	0	16.1296	0.0000	2.9911	1.7830	2.7050
214	64938	2741	185	0	16.1085	0.0000	2.9873	1.7761	2.7169
215	64966	2772	188	0	16.0790	0.0000	2.9794	1.7519	2.7290
216	64986	2796	190	0	16.0494	0.0000	2.9740	1.7483	2.7413
217	65010	2830	187	0	16.0268	0.0000	2.9699	1.7448	2.7529
218	65048	2866	196	0	15.9941	0.0000	2.9625	1.7373	2.7654
219	65085	2905	197	0	15.9605	0.0000	2.9554	1.7267	2.7786
220	65116	2944	197	0	15.9241	0.0000	2.9478	1.7207	2.7927
221	65137	2970	204	0	15.8852	0.0000	2.9414	1.7182	2.8076
222	65165	3002	208	0	15.8601	0.0000	2.9372	1.7012	2.8215
223	65188	3025	216	0	15.8280	0.0000	2.9315	1.6729	2.8354
224	65226	3065	221	0	15.8071	0.0000	2.9264	1.6607	2.8480
225	65245	3082	230	0	15.7728	0.0000	2.9195	1.6549	2.8615
226	65271	3102	245	0	15.7588	0.0000	2.9169	1.6499	2.8728
227	65307	3133	253	0	15.7429	0.0000	2.9116	1.6314	2.8829
228	65339	3168	258	0	15.7157	0.0000	2.9053	1.6185	2.8933
229	65377	3212	257	0	15.6858	0.0000	2.8987	1.6044	2.9044
230	65410	3253	257	0	15.6475	0.0000	2.8912	1.5995	2.9172
231	65442	3293	258	0	15.6107	0.0000	2.8843	1.5922	2.9309
232	65481	3338	256	0	15.5751	0.0000	2.8775	1.5924	2.9453
233	65523	3384	258	0	15.5361	0.0000	2.8711	1.5898	2.9607
234	65564	3429	262	0	15.4999	0.0000	2.8629	1.5915	2.9767
235	65608	3467	273	0	15.4617	0.0000	2.8550	1.5892	2.9930
236	65639	3491	287	0	15.4294	0.0000	2.8492	1.5780	3.0087
237	65665	3515	298	0	15.4112	0.0000	2.8443	1.5536	3.0221
238	65707	3550	313	0	15.3945	0.0000	2.8389	1.5459	3.0337
239	65745	3591	316	0	15.3714	0.0000	2.8318	1.5227	3.0449
240	65783	3631	322	0	15.3382	0.0000	2.8249	1.5174	3.0567
241	65829	3675	329	0	15.3091	0.0000	2.8180	1.5114	3.0690
242	65876	3726	328	0	15.2732	0.0000	2.8102	1.5084	3.0822
243	65938	3791	328	0	15.2307	0.0000	2.8027	1.5036	3.0971
244	65971	3826	331	0	15.1805	0.0000	2.7916	1.5004	3.1146
245	66003	3860	339	0	15.1550	0.0000	2.7874	1.5106	3.1303
246	66044	3907	342	0	15.1324	0.0000	2.7819	1.5116	3.1444
247	66081	3942	354	0	15.0987	0.0000	2.7748	1.5273	3.1590
248	66126	3981	368	0	15.0751	0.0000	2.7694	1.5382	3.1726
249	66180	4022	389	0	15.0503	0.0000	2.7608	1.5447	3.1855
250	66246	4081	399	0	15.0279	0.0000	2.7530	1.5497	3.1976
251	66295	4138	400	0	14.9882	0.0000	2.7424	1.5481	3.2110
252	66351	4186	412	0	14.9469	0.0000	2.7351	1.5525	3.2257
253	66409	4245	413	0	14.9151	0.0000	2.7258	1.5563	3.2402
254	66460	4301	412	0	14.8761	0.0000	2.7185	1.5600	3.2555
255	66508	4353	415	0	14.8341	0.0000	2.7098	1.5635	3.2719
256	66561	4401	425	0	14.7991	0.0000	2.7022	1.5685	3.2883
257	66613	4463	425	0	14.7720	0.0000	2.6958	1.5744	3.3038
258	66665	4520	427	0	14.7289	0.0000	2.6868	1.5679	3.3204
259	66724	4581	430	0	14.6945	0.0000	2.6790	1.5636	3.3368
260	66787	4636	443	0	14.6528	0.0000	2.6697	1.5639	3.3540
261	66845	4687	459	0	14.6231	0.0000	2.6621	1.5704	3.3703
262	66915	4759	460	0	14.5915	0.0000	2.6531	1.5721	3.3857
263	66991	4826	473	0	14.5467	0.0000	2.6441	1.5686	3.4026
264	67052	4884	479	0	14.5092	0.0000	2.6342	1.5808	3.4194
265	67112	4937	495	0	14.4767	0.0000	2.6261	1.5834	3.4353
266	67192	5013	500	0	14.4473	0.0000	2.6181	1.5944	3.4502
267	67266	5090	507	0	14.3993	0.0000	2.6056	1.6258	3.4671
268	67337	5166	511	0	14.3510	0.0000	2.5967	1.6988	3.4854
269	67420	5247	516	0	14.3055	0.0000	2.5881	1.7371	3.5046
270	67479	5312	519	0	14.2590	0.0000	2.5781	1.7757	3.5247
271	67529	5365	525	0	14.2236	0.0000	2.5709	1.8295	3.5436
272	67594	5428	539	0	14.2007	0.0000	2.5645	1.8773	3.5603
273	67664	5501	547	0	14.1739	0.0000	2.5558	1.9057	3.5759
274	67742	5569	565	0	14.1365	0.0000	2.5460	1.9398	3.5918
275	67819	5644	584	0	14.1042	0.0000	2.5377	1.9911	3.6074
276	67905	5723	599	0	14.0695	0.0000	2.5270	2.0532	3.6232
277	67975	5798	600	0	14.0326	0.0000	2.5160	2.1220	3.6390
278	68063	5880	610	0	13.9986	0.0000	2.5087	2.1818	3.6543
279	68148	5956	624	0	13.9602	0.0000	2.4985	2.2286	3.6701
280	68243	6050	631	0	13.9225	0.0000	2.4881	2.2676	3.6862
281	68322	6130	642	0	13.8784	0.0000	2.4765	2.3071	3.7037
282	68411	6218	650	0	13.8411	0.0000	2.4680	2.3692	3.7208
283	68496	6299	660	0	13.8011	0.0000	2.4576	2.4303	3.7385
284	68585	6382	670	0	13.7617	0.0000	2.4483	2.4805	3.7559
285	68710	6503	677	0	13.7261	0.0000	2.4384	2.5405	3.7730
286	68816	6599	691	0	13.6702	0.0000	2.4245	2.5922	3.7931
287	68924	6704	705	0	13.6270	0.0000	2.4137	2.6749	3.8129
288	69008	6788	710	0	13.5850	0.0000	2.4042	2.7425	3.8324
289	69096	6881	709	0	13.5476	0.0000	2.3947	2.8018	3.8509
290	69191	6971	721	0	13.5054	0.0000	2.3842	2.8480	3.8701
291	69285	7058	739	0	13.4670	0.0000	2.3741	2.9063	3.8891
292	69400	7163	758	0	13.4351	0.0000	2.3632	2.9513	3.9068
293	69504	7262	775	0	13.3968	0.0000	2.3520	2.9957	3.9244
294	69619	7366	790	0	13.3597	0.0000	2.3421	3.0398	3.9413
295	69721	7454	809	0	13.3182	0.0000	2.3307	3.1025	3.9583
296	69802	7542	805	0	13.2833	0.0000	2.3203	3.1527	3.9744
297	69917	7657	811	0	13.2505	0.0000	2.3118	3.1932	3.9898
298	70048	7783	823	0	13.2037	0.0000	2.3007	3.2296	4.0075
299	70161	7887	836	0	13.1555	0.0000	2.2874	3.2565	4.0266
300	70272	7991	852	0	13.1198	0.0000	2.2776	3.2934	4.0445
