step	total_cells	tumor_cells	necrotic_cells	immune_cells	mean_O2_mmHg	min_O2_mmHg	mean_glucose_mM	max_VEGF_nM	mean_lactate_mM
0	6870	3	0	0	19.9611	19.4707	4.5817	0.0000	1.0312
1	6870	3	0	0	19.9563	12.6537	4.6722	0.0827	1.0333
2	6869	3	0	0	19.9564	12.7066	4.6498	0.0276	1.0335
3	6869	3	0	0	19.9559	12.7055	4.6506	0.1197	1.0335
4	6868	3	0	0	19.9557	12.7051	4.6480	0.1217	1.0335
5	6868	3	0	0	19.9556	12.7047	4.6470	0.1209	1.0335
6	6868	3	0	0	19.9555	12.7045	4.6459	0.1238	1.0335
7	6866	3	0	0	19.9555	12.7042	4.6453	0.1205	1.0335
8	6865	3	0	0	19.9556	12.7042	4.6448	0.1247	1.0334
9	6865	3	0	0	19.9556	12.7040	4.6443	0.1229	1.0334
10	6865	3	0	0	19.9557	12.7040	4.6440	0.1201	1.0334
11	6863	3	0	0	19.9558	12.7039	4.6437	0.1220	1.0334
12	6862	3	0	0	19.9561	12.7042	4.6438	0.1228	1.0333
13	6862	3	0	0	19.9563	12.7041	4.6436	0.1222	1.0333
14	6861	3	0	0	19.9563	12.7041	4.6435	0.1235	1.0333
15	6861	3	0	0	19.9564	12.7039	4.6432	0.1221	1.0333
16	6860	3	0	0	19.9565	12.7036	4.6430	0.1233	1.0333
17	6860	4	0	0	19.9566	12.7038	4.6429	0.1202	1.0332
18	6861	5	0	0	19.9548	12.6932	4.6403	0.1253	1.0339
19	6862	6	0	0	19.9531	12.6822	4.6384	0.1262	1.0347
20	6862	6	0	0	19.9513	12.6736	4.6361	0.1411	1.0355
21	6862	6	0	0	19.9514	12.6737	4.6364	0.1613	1.0355
22	6862	6	0	0	19.9515	12.6736	4.6362	0.1627	1.0355
23	6862	6	0	0	19.9516	12.6750	4.6362	0.1584	1.0355
24	6861	6	0	0	19.9518	12.6761	4.6363	0.1598	1.0355
25	6860	6	0	0	19.9519	12.6761	4.6364	0.1563	1.0354
26	6860	7	0	0	19.9520	12.6760	4.6363	0.1575	1.0354
27	6860	7	0	0	19.9502	12.6685	4.6337	0.1596	1.0361
28	6858	7	0	0	19.9503	12.6694	4.6344	0.1611	1.0362
29	6858	7	0	0	19.9504	12.6695	4.6342	0.1615	1.0362
30	6858	7	0	0	19.9505	12.6695	4.6342	0.1591	1.0362
31	6858	7	0	0	19.9506	12.6695	4.6344	0.1600	1.0361
32	6858	7	0	0	19.9507	12.6697	4.6345	0.1579	1.0361
33	6859	8	0	0	19.9508	12.6698	4.6344	0.1662	1.0361
34	6858	8	0	0	19.9490	12.6597	4.6319	0.1649	1.0368
35	6858	8	0	0	19.9492	12.6601	4.6326	0.1740	1.0368
36	6858	8	0	0	19.9493	12.6601	4.6325	0.1762	1.0368
37	6858	9	0	0	19.9493	12.6603	4.6325	0.1740	1.0368
38	6859	10	0	0	19.9476	12.6532	4.6299	0.1727	1.0375
39	6860	11	0	0	19.9459	12.6465	4.6280	0.1791	1.0383
40	6858	11	0	0	19.9442	12.6371	4.6263	0.1807	1.0390
41	6858	11	0	0	19.9443	12.6373	4.6269	0.1938	1.0391
42	6858	11	0	0	19.9443	12.6367	4.6267	0.1962	1.0391
43	6859	12	0	0	19.9444	12.6362	4.6269	0.1963	1.0391
44	6860	14	0	0	19.9426	12.6298	4.6244	0.1907	1.0398
45	6860	14	0	0	19.9391	12.6136	4.6202	0.1936	1.0412
46	6861	15	0	0	19.9393	12.6131	4.6211	0.2097	1.0414
47	6862	16	0	0	19.9375	12.3138	4.6184	0.2172	1.0421
48	6862	16	0	0	19.9358	12.2998	4.6167	0.2184	1.0428
49	6860	16	0	0	19.9359	12.3084	4.6169	0.2275	1.0429
50	6859	16	0	0	19.9360	12.3087	4.6170	0.2299	1.0429
51	6859	16	0	0	19.9361	12.3095	4.6171	0.2285	1.0429
52	6857	16	0	0	19.9362	12.3104	4.6172	0.2279	1.0428
53	6857	16	0	0	19.9363	12.3108	4.6170	0.2237	1.0428
54	6856	16	0	0	19.9365	12.3111	4.6173	0.2283	1.0428
55	6855	16	0	0	19.9366	12.3166	4.6173	0.2283	1.0428
56	6854	17	0	0	19.9368	12.6019	4.6175	0.2289	1.0427
57	6855	18	0	0	19.9351	12.5921	4.6154	0.2244	1.0434
58	6856	19	0	0	19.9334	12.5861	4.6134	0.2415	1.0442
59	6858	21	0	0	19.9317	12.5765	4.6114	0.2153	1.0449
60	6859	22	0	0	19.9283	12.2786	4.6072	0.2539	1.0463
61	6861	24	0	0	19.9267	12.2764	4.6059	0.2681	1.0471
62	6860	24	0	0	19.9234	12.2675	4.6017	0.2693	1.0484
63	6861	25	0	0	19.9235	12.2667	4.6025	0.2725	1.0486
64	6862	26	0	0	19.9218	12.2572	4.6002	0.2777	1.0492
65	6863	27	0	0	19.9200	12.2510	4.5982	0.2953	1.0500
66	6867	31	0	0	19.9182	12.2252	4.5964	0.2885	1.0508
67	6867	31	0	0	19.9109	12.1959	4.5871	0.3139	1.0536
68	6868	32	0	0	19.9111	12.1975	4.5891	0.3217	1.0539
69	6868	32	0	0	19.9094	12.1891	4.5863	0.3042	1.0546
70	6868	32	0	0	19.9096	12.1900	4.5869	0.3287	1.0546
71	6869	33	0	0	19.9097	12.1919	4.5870	0.3280	1.0546
72	6871	36	0	0	19.9080	12.1831	4.5849	0.3249	1.0553
73	6872	37	0	0	19.9025	12.1558	4.5783	0.3372	1.0574
74	6873	38	0	0	19.9008	12.1513	4.5771	0.3599	1.0583
75	6876	41	0	0	19.8991	12.1470	4.5749	0.3687	1.0591
76	6878	44	0	0	19.8936	12.1227	4.5683	0.3613	1.0612
77	6882	48	0	0	19.8886	12.1083	4.5630	0.3882	1.0634
78	6883	50	0	0	19.8816	12.0819	4.5554	0.3982	1.0663
79	6883	51	0	0	19.8783	12.0681	4.5528	0.3985	1.0680
80	6883	53	0	0	19.8766	12.0616	4.5515	0.4288	1.0689
81	6885	56	0	0	19.8735	12.0549	4.5476	0.4317	1.0702
82	6888	59	0	0	19.8682	12.0342	4.5420	0.4360	1.0724
83	6890	62	0	0	19.8628	12.0096	4.5367	0.4542	1.0747
84	6892	64	0	0	19.8575	11.9870	4.5313	0.4624	1.0770
85	6893	66	0	0	19.8541	11.9773	4.5281	0.4899	1.0786
86	6892	66	0	0	19.8505	11.9635	4.5243	0.4992	1.0801
87	6895	69	0	0	19.8508	11.9639	4.5254	0.5059	1.0802
88	6897	72	0	0	19.8452	12.2331	4.5190	0.4935	1.0823
89	6900	76	0	0	19.8404	12.2193	4.5141	0.5169	1.0844
90	6908	84	0	0	19.8336	12.1934	4.5072	0.5261	1.0873
91	6909	85	0	0	19.8195	11.8421	4.4940	0.4968	1.0930
92	6910	87	0	0	19.8179	11.8388	4.4939	0.5690	1.0942
93	6914	93	0	0	19.8145	11.8270	4.4897	0.5675	1.0957
94	6918	97	0	0	19.8048	11.7941	4.4803	0.5698	1.0995
95	6922	101	0	0	19.7979	11.7735	4.4741	0.5910	1.1026
96	6928	107	0	0	19.7909	11.7482	4.4677	0.6121	1.1056
97	6938	118	0	0	19.7806	11.7139	4.4575	0.6174	1.1099
98	6941	122	0	0	19.7611	11.6396	4.4404	0.6265	1.1178
99	6949	131	0	0	19.7547	11.6193	4.4365	0.6557	1.1212
100	6950	133	0	0	19.7406	11.5706	4.4228	0.7005	1.1269
101	6951	138	0	0	19.7378	11.5660	4.4213	0.7408	1.1287
102	6957	144	0	0	19.7295	11.5394	4.4133	0.7307	1.1321
103	6961	148	0	0	19.7196	11.4979	4.4054	0.7556	1.1362
104	6964	151	0	0	19.7141	11.4767	4.4011	0.7860	1.1387
105	6972	161	0	0	19.7094	11.4590	4.3971	0.8069	1.1409
106	6982	171	0	0	19.6941	11.4161	4.3834	0.8165	1.1468
107	6988	178	0	0	19.6780	11.2044	4.3709	0.8308	1.1536
108	6995	186	0	0	19.6672	11.1709	4.3632	0.8513	1.1585
109	7005	196	0	0	19.6529	11.1161	4.3522	0.8821	1.1645
110	7009	200	0	0	19.6357	11.2190	4.3375	0.8980	1.1717
111	7021	212	0	0	19.6291	11.2017	4.3332	0.8881	1.1752
112	7033	224	0	0	19.6082	11.1326	4.3165	0.9265	1.1835
113	7042	234	0	0	19.5878	11.0599	4.3025	0.9497	1.1922
114	7050	242	0	0	19.5702	10.9938	4.2909	1.0051	1.1999
115	7057	249	0	0	19.5562	10.9333	4.2826	1.0609	1.2061
116	7068	262	0	0	19.5447	10.8943	4.2747	1.1168	1.2113
117	7083	277	0	0	19.5233	10.8087	4.2597	1.1165	1.2200
118	7098	292	0	0	19.4982	10.7424	4.2424	1.1681	1.2305
119	7113	308	0	0	19.4728	10.6607	4.2260	1.2112	1.2415
120	7128	323	0	0	19.4448	10.5593	4.2096	1.2271	1.2534
121	7137	333	0	0	19.4193	10.4841	4.1927	1.2568	1.2645
122	7147	344	0	0	19.4036	10.4306	4.1850	1.2801	1.2717
123	7164	361	0	0	19.3855	10.3749	4.1734	1.3166	1.2794
124	7183	380	0	0	19.3599	10.3007	4.1568	1.3712	1.2899
125	7205	403	0	0	19.3268	10.1954	4.1383	1.3829	1.3036
126	7221	420	0	0	19.2889	10.0769	4.1170	1.4430	1.3195
127	7243	442	0	0	19.2626	10.0001	4.1020	1.4805	1.3313
128	7260	460	0	0	19.2261	9.8760	4.0839	1.5203	1.3465
129	7275	476	0	0	19.1958	9.7787	4.0696	1.5718	1.3598
130	7291	492	0	0	19.1697	9.7057	4.0567	1.6172	1.3713
131	7309	510	0	0	19.1447	9.6325	4.0437	1.6590	1.3819
132	7331	533	0	0	19.1141	9.5440	4.0283	1.6693	1.3947
133	7349	552	0	0	19.0755	4.0761	4.0109	1.7167	1.4109
134	7373	577	0	0	19.0458	4.2342	3.9970	1.7671	1.4241
135	7392	598	0	0	19.0052	4.1536	3.9798	1.7977	1.4409
136	7412	618	0	0	18.9727	4.0806	3.9639	1.8402	1.4551
137	7440	647	0	0	18.9395	4.0114	3.9497	1.8808	1.4693
138	7477	686	0	0	18.8919	8.8339	3.9295	1.9069	1.4888
139	7505	714	0	0	18.8276	8.7055	3.9047	1.9551	1.5154
140	7532	742	0	0	18.7845	8.5807	3.8877	2.0189	1.5349
141	7560	771	0	0	18.7387	1.6552	3.8711	2.0700	1.5544
142	7601	812	0	0	18.6923	1.5384	3.8544	2.1546	1.5743
143	7647	858	0	0	18.6279	1.3098	3.8301	2.1909	1.6008
144	7687	898	0	0	18.5544	1.0902	3.8041	2.2511	1.6317
145	7718	929	0	0	18.4914	0.9060	3.7830	2.3197	1.6591
146	7743	955	0	0	18.4419	0.7485	3.7679	2.3719	1.6809
147	7775	987	0	0	18.4017	0.6448	3.7525	2.4365	1.6988
148	7808	1020	0	0	18.3502	0.5052	3.7364	2.4829	1.7202
149	7846	1059	0	0	18.2997	0.3818	3.7182	2.5372	1.7417
150	7875	1088	0	0	18.2375	0.2228	3.6981	2.5865	1.7677
151	7917	1130	0	0	18.1918	0.1054	3.6850	2.6153	1.7880
152	7946	1161	0	0	18.1253	0.0469	3.6659	2.6594	1.8153
153	7981	1196	0	0	18.0817	0.0000	3.6526	2.7110	1.8350
154	8016	1233	0	0	18.0270	0.0000	3.6376	2.7425	1.8579
155	8055	1272	0	0	17.9678	0.0000	3.6203	2.7833	1.8829
156	8099	1316	0	0	17.9082	0.0000	3.6024	2.8219	1.9083
157	8145	1362	0	0	17.8402	0.0000	3.5850	2.8685	1.9369
158	8192	1409	0	0	17.7697	0.0000	3.5652	2.9274	1.9668
159	8229	1447	0	0	17.6984	0.0000	3.5456	2.9529	1.9971
160	8293	1514	0	0	17.6425	0.0000	3.5312	3.0110	2.0216
161	8340	1562	0	0	17.5444	0.0000	3.5053	3.0608	2.0612
162	8385	1609	0	0	17.4737	0.0000	3.4860	3.1203	2.0923
163	8442	1666	0	0	17.4016	0.0000	3.4683	3.1695	2.1231
164	8494	1718	1	0	17.3174	0.0000	3.4481	3.2079	2.1583
165	8539	1763	1	0	17.2419	0.0000	3.4298	3.2540	2.1906
166	8604	1828	1	0	17.1752	0.0000	3.4147	3.2916	2.2194
167	8654	1878	1	0	17.0790	0.0000	3.3897	3.3297	2.2589
168	8702	1926	1	0	17.0092	0.0000	3.3741	3.3779	2.2896
169	8758	1983	1	0	16.9387	0.0000	3.3596	3.4177	2.3195
170	8815	2042	1	0	16.8584	0.0000	3.3414	3.4542	2.3530
171	8870	2098	1	0	16.7719	0.0000	3.3214	3.5015	2.3893
172	8913	2142	1	0	16.6938	0.0000	3.3031	3.5369	2.4227
173	8960	2189	1	0	16.6343	0.0000	3.2874	3.5633	2.4486
174	9011	2240	1	0	16.5686	0.0000	3.2725	3.5917	2.4761
175	9061	2290	1	0	16.4993	0.0000	3.2552	3.6175	2.5050
176	9120	2351	1	0	16.4237	0.0000	3.2404	3.6364	2.5367
177	9167	2398	1	0	16.3441	0.0000	3.2208	3.6602	2.5699
178	9235	2468	1	0	16.2819	0.0000	3.2075	3.6862	2.5968
179	9305	2538	1	0	16.1913	0.0000	3.1859	3.7214	2.6335
180	9365	2600	1	0	16.0992	0.0000	3.1642	3.7399	2.6718
181	9426	2662	1	0	16.0215	0.0000	3.1454	3.7628	2.7053
182	9472	2710	1	0	15.9420	0.0000	3.1251	3.7910	2.7384
183	9522	2761	0	0	15.8819	0.0000	3.1115	3.8188	2.7645
184	9590	2829	0	0	15.8155	0.0000	3.0961	3.8334	2.7920
185	9652	2890	3	0	15.7320	0.0000	3.0753	3.8519	2.8262
186	9711	2945	10	0	15.6555	0.0000	3.0552	3.8491	2.8584
187	9764	2995	14	0	15.5990	0.0000	3.0369	3.8471	2.8824
188	9837	3069	16	0	15.5427	0.0000	3.0233	3.8557	2.9055
189	9901	3132	17	0	15.4552	0.0000	3.0021	3.8624	2.9403
190	9964	3192	23	0	15.3861	0.0000	2.9836	3.8733	2.9694
191	10026	3250	30	0	15.3225	0.0000	2.9666	3.8675	2.9957
192	10083	3305	33	0	15.2612	0.0000	2.9479	3.8624	3.0209
193	10142	3360	38	0	15.1992	0.0000	2.9314	3.8547	3.0463
194	10200	3418	41	0	15.1451	0.0000	2.9137	3.8207	3.0686
195	10259	3471	49	0	15.0805	0.0000	2.8982	3.8249	3.0945
196	10317	3528	51	0	15.0262	0.0000	2.8829	3.8156	3.1171
197	10384	3594	52	0	14.9679	0.0000	2.8661	3.8115	3.1405
198	10451	3657	58	0	14.8946	0.0000	2.8494	3.8154	3.1698
199	10525	3728	62	0	14.8236	0.0000	2.8320	3.8106	3.1992
200	10595	3797	65	0	14.7512	0.0000	2.8134	3.8101	3.2286
201	10663	3862	70	0	14.6839	0.0000	2.7947	3.8032	3.2559
202	10730	3923	79	0	14.6167	0.0000	2.7785	3.8067	3.2829
203	10788	3972	95	0	14.5627	0.0000	2.7617	3.7953	3.3050
204	10842	4016	108	0	14.5252	0.0000	2.7474	3.7699	3.3203
205	10913	4076	122	0	14.4919	0.0000	2.7337	3.7450	3.3335
206	10984	4142	132	0	14.4430	0.0000	2.7160	3.7140	3.3522
207	11040	4191	144	0	14.3868	0.0000	2.6993	3.6835	3.3739
208	11101	4248	150	0	14.3427	0.0000	2.6850	3.6858	3.3919
209	11166	4316	147	0	14.2926	0.0000	2.6692	3.6854	3.4114
210	11241	4389	149	0	14.2302	0.0000	2.6522	3.6837	3.4355
211	11308	4454	152	0	14.1616	0.0000	2.6346	3.6874	3.4629
212	11385	4522	166	0	14.1121	0.0000	2.6195	3.6854	3.4833
213	11460	4590	174	0	14.0614	0.0000	2.6017	3.6611	3.5031
214	11528	4651	184	0	14.0066	0.0000	2.5829	3.6558	3.5246
215	11622	4738	192	0	13.9639	0.0000	2.5666	3.6501	3.5416
216	11703	4804	211	0	13.8902	0.0000	2.5436	3.6483	3.5706
217	11772	4867	219	0	13.8462	0.0000	2.5253	3.6312	3.5885
218	11849	4939	227	0	13.8005	0.0000	2.5089	3.6318	3.6063
219	11933	5018	235	0	13.7464	0.0000	2.4927	3.6288	3.6277
220	12019	5100	239	0	13.6834	0.0000	2.4732	3.6290	3.6531
221	12116	5187	253	0	13.6224	0.0000	2.4532	3.6558	3.6775
222	12201	5274	254	0	13.5605	0.0000	2.4317	3.6791	3.7018
223	12275	5347	256	0	13.4932	0.0000	2.4122	3.7132	3.7292
224	12352	5419	262	0	13.4396	0.0000	2.3957	3.7427	3.7519
225	12437	5505	265	0	13.3912	0.0000	2.3785	3.7663	3.7713
226	12517	5578	274	0	13.3256	0.0000	2.3583	3.7955	3.7975
227	12604	5657	284	0	13.2773	0.0000	2.3410	3.8210	3.8174
228	12692	5734	300	0	13.2261	0.0000	2.3221	3.8405	3.8370
229	12780	5813	313	0	13.1805	0.0000	2.3046	3.8560	3.8541
230	12873	5899	323	0	13.1266	0.0000	2.2853	3.8705	3.8744
231	12983	5996	337	0	13.0696	0.0000	2.2654	3.8866	3.8964
232	13080	6090	341	0	13.0093	0.0000	2.2438	3.9029	3.9189
233	13151	6163	342	0	12.9409	0.0000	2.2250	3.9268	3.9466
234	13264	6270	350	0	12.8913	0.0000	2.2085	3.9451	3.9672
235	13346	6355	350	0	12.8149	0.0000	2.1870	3.9634	3.9982
236	13448	6449	359	0	12.7649	0.0000	2.1691	3.9704	4.0189
237	13544	6540	367	0	12.7087	0.0000	2.1473	3.9872	4.0397
238	13630	6605	390	0	12.6509	0.0000	2.1288	4.0073	4.0627
239	13720	6691	399	0	12.6248	0.0000	2.1132	4.0234	4.0705
240	13796	6761	409	0	12.5699	0.0000	2.0946	4.0428	4.0908
